E/ActivityThread(  912): Failed to find provider info for com.qihoo360.apm.apmdatamanager.ApmDataProvider
E/ActivityThread(  912): Failed to find provider info for com.qihoo360.apm.apmdatamanager.ApmDataProvider
E/ActivityThread(  912): Failed to find provider info for com.qihoo360.apm.apmdatamanager.ApmDataProvider
W/BroadcastQueue(  455): Skipping deliver [background] BroadcastRecord{41b16188 u-1 android.net.wifi.SCAN_RESULTS} to ReceiverList{41e40188 6559 com.dsn.andy.bgmlauncher/10026/u0 remote:4197f948}: process crashing
W/BroadcastQueue(  455): Skipping deliver [background] BroadcastRecord{41b16188 u-1 android.net.wifi.SCAN_RESULTS} to ReceiverList{41aef9b0 6559 com.dsn.andy.bgmlauncher/10026/u0 remote:41afb1e8}: process crashing
E/ActivityThread(  912): Failed to find provider info for com.qihoo360.apm.apmdatamanager.ApmDataProvider
E/ActivityThread(  912): Failed to find provider info for com.qihoo360.apm.apmdatamanager.ApmDataProvider
E/ActivityThread(  912): Failed to find provider info for com.qihoo360.apm.apmdatamanager.ApmDataProvider
D/BatteryService(  455): wanglei --> mBatteryProps.batteryTemperature = 300
D/PowerManagerService(  455): mHoldBootFastWakeLock = true
D/dalvikvm( 2451): GC_CONCURRENT freed 5492K, 23% free 19797K/25548K, paused 6ms+12ms, total 92ms
E/sleeptime( 2321): gotoSleep()
D/Mainservice( 2321): kw音乐休眠还在更新中
D/BatteryService(  455): wanglei --> mBatteryProps.batteryTemperature = 300
D/PowerManagerService(  455): mHoldBootFastWakeLock = true
W/dalvikvm( 6559): 1 threadid=23: systemTid:6669 thread exiting with uncaught exception (group=0x4157f560)
D/dalvikvm( 6559): Calling process 2 is: com.dsn.andy.bgmlauncher
W/dalvikvm( 6559): mCallingProcess:com.dsn.andy.bgmlauncher
W/TDLog   ( 6559): UncaughtException in Thread Thread-189
W/TDLog   ( 6559): java.io.IOException: Socket operation on non-socket
W/TDLog   ( 6559):      at dalvik.system.NativeStart.run(Native Method)
I/Process ( 6559): Sending signal. PID: 6559 SIG: 9
I/ActivityManager(  455): Process com.dsn.andy.bgmlauncher (pid 6559) has died.
I/WindowState(  455): WIN DEATH: Window{419773c0 u0 com.dsn.andy.bgmlauncher/com.dsn.andy.bgmlauncher.MainActivity}
W/ActivityManager(  455): Force removing ActivityRecord{4199de88 u0 com.dsn.andy.bgmlauncher/.MainActivity t22}: app died, no saved state
I/ActivityManager(  455): START u0 {act=android.intent.action.MAIN cat=[android.intent.category.HOME] flg=0x10000000 cmp=com.dsn.andy.bgmlauncher/.MainActivity} from pid 0
D/Jeq     (  455): package name =  com.dsn.andy.bgmlauncher
I/ActivityManager(  455): Start proc com.dsn.andy.bgmlauncher for activity com.dsn.andy.bgmlauncher/.MainActivity: pid=6866 uid=10026 gids={50026, 3002, 3001, 3003, 1028, 1015}
E/MediaRender( 6866): [1: RenderApplication.java:29] - RenderApplication onCreate
I/TDLog   ( 6866): TalkingData Analytics init# APPID:7F0D6361854462718E6EEB92BF280894, Channel:91.com, SDK Version:Android+TD+V1.2.59 Type:Android_Native_SDK
I/TDLog   ( 6866): setReportUncaughtExceptions# true
I/TDLog   ( 6866): setReportUncaughtExceptions# true
D/dalvikvm( 6866): GC_FOR_ALLOC freed 214K, 9% free 3011K/3304K, paused 22ms, total 22ms
I/dalvikvm-heap( 6866): Grow heap (frag case) to 5.337MB for 2437136-byte allocation
D/dalvikvm( 6866): GC_FOR_ALLOC freed 0K, 6% free 5391K/5688K, paused 18ms, total 18ms
D/dalvikvm( 6866): GC_CONCURRENT freed 2K, 6% free 5388K/5688K, paused 2ms+1ms, total 21ms
D/dalvikvm( 6866): GC_FOR_ALLOC freed 712K, 11% free 6557K/7348K, paused 12ms, total 12ms
E/andy    ( 6866): wifiLevel=4
E/andy    ( 6866): wifiLevel2=4,len=5
E/andy    ( 6866): wifi icon id=2130838092
I/TDLog   ( 6866): onResume# MainActivity
I/liupeng ( 2321): 正处于launcher界面
D/DSN===  ( 6866): action===android.net.wifi.RSSI_CHANGED
E/andy    ( 6866): wifiLevel=4
E/andy    ( 6866): wifiLevel2=4,len=5
D/DSN===  ( 6866): action===android.net.wifi.WIFI_STATE_CHANGED
E/andy    ( 6866): wifiLevel=4
E/andy    ( 6866): wifiLevel2=4,len=5
I/MobclickAgent( 6866): Extend current session: 2A054A5EF1A7E3E62AB51D2743FAFBD6
E/alarm   ( 2321): MainService onReceiver() action:com.szhklt.FloatWindow.FloatSmallViewLine:MainService.java:Line 396
E/liupeng ( 2321): count=islauncher
E/alarm   ( 2321): count=islauncher
E/liupeng ( 2321): isLauncher
E/MscSpeechLog( 2321): SpeechUnderstander cancel failed, is not running
E/dskg    ( 2321): count11111:islauncher
E/MediaRender( 6866): [1: MediaRenderService.java:105] - true
E/MediaRender( 6866): [1: MediaRenderService.java:51] - MediaRenderService onCreate
D/libEGL  ( 6866): loaded /system/lib/egl/libEGL_mali.so
D/libEGL  ( 6866): loaded /system/lib/egl/libGLESv1_CM_mali.so
D/libEGL  ( 6866): loaded /system/lib/egl/libGLESv2_mali.so
D/OpenGLRenderer( 6866): Enabling debug mode 0
D/dalvikvm( 6866): GC_CONCURRENT freed 974K, 13% free 7563K/8616K, paused 2ms+2ms, total 30ms
D/dalvikvm( 6866): WAIT_FOR_CONCURRENT_GC blocked 8ms
W/Binder  (  608): Caught a RuntimeException from the binder stub implementation.
W/Binder  (  608): java.lang.NullPointerException
W/Binder  (  608):      at android.inputmethodservice.IInputMethodWrapper.setSessionEnabled(IInputMethodWrapper.java:280)
W/Binder  (  608):      at com.android.internal.view.IInputMethod$Stub.onTransact(IInputMethod.java:129)
W/Binder  (  608):      at android.os.Binder.execTransact(Binder.java:404)
W/Binder  (  608):      at dalvik.system.NativeStart.run(Native Method)
W/InputMethodManagerService(  455): Got RemoteException sending setActive(false) notification to pid 6559 uid 10026
I/ActivityManager(  455): Displayed com.dsn.andy.bgmlauncher/.MainActivity: +775ms
I/ActivityManager(  455): Timeline: Activity_windows_visible id: com.dsn.andy.bgmlauncher time:5002761
D/dalvikvm( 6866): Trying to load lib /data/app-lib/com.dsn.andy.bgmlauncher-2/libauxin.so 0x4186fa88
D/dalvikvm( 6866): Added shared lib /data/app-lib/com.dsn.andy.bgmlauncher-2/libauxin.so 0x4186fa88
D/dalvikvm( 6866): No JNI_OnLoad found in /data/app-lib/com.dsn.andy.bgmlauncher-2/libauxin.so 0x4186fa88, skipping init
E/MediaRender( 6866): [183: DMRWorkThread.java:55] - DMRWorkThread run...
D/dalvikvm( 6866): Trying to load lib /data/app-lib/com.dsn.andy.bgmlauncher-2/libgit-platinum.so 0x4186fa88
D/dalvikvm( 6866): Added shared lib /data/app-lib/com.dsn.andy.bgmlauncher-2/libgit-platinum.so 0x4186fa88
I/GGH-PlatinumJNI( 6866): Platinum JNI_OnLoad!!!
I/GGH-PlatinumJNI( 6866): stopMediaRender begin...
I/GGH-PlatinumJNI( 6866): DMR Stops = -20009
E/ActivityThread(  912): Failed to find provider info for com.qihoo360.apm.apmdatamanager.ApmDataProvider
E/ActivityThread(  912): Failed to find provider info for com.qihoo360.apm.apmdatamanager.ApmDataProvider
E/ActivityThread(  912): Failed to find provider info for com.qihoo360.apm.apmdatamanager.ApmDataProvider
I/TDLog   ( 6866): Post data to server...
I/GGH-PlatinumJNI( 6866): startMediaRender
I/GGH-PlatinumJNI( 6866): DMR Starts = 0
I/TDLog   ( 6866): server return success:true
D/dalvikvm( 6866): Trying to load lib /data/app-lib/com.dsn.andy.bgmlauncher-2/libnet.so 0x4186fa88
D/dalvikvm( 6866): Added shared lib /data/app-lib/com.dsn.andy.bgmlauncher-2/libnet.so 0x4186fa88
E/andy_native( 6866): start tcp server
E/andy_native( 6866): start udp server
D/dalvikvm( 2451): GC_CONCURRENT freed 5527K, 23% free 19775K/25508K, paused 7ms+17ms, total 141ms
D/BatteryService(  455): wanglei --> mBatteryProps.batteryTemperature = 300
D/PowerManagerService(  455): mHoldBootFastWakeLock = true
D/dalvikvm(  912): GC_CONCURRENT freed 2481K, 59% free 9065K/22056K, paused 6ms+14ms, total 189ms
E/ActivityThread(  912): Failed to find provider info for com.qihoo360.apm.apmdatamanager.ApmDataProvider
E/ActivityThread(  912): Failed to find provider info for com.qihoo360.apm.apmdatamanager.ApmDataProvider
E/ActivityThread(  912): Failed to find provider info for com.qihoo360.apm.apmdatamanager.ApmDataProvider
D/dalvikvm( 2451): GC_CONCURRENT freed 5471K, 23% free 19795K/25508K, paused 4ms+18ms, total 126ms
D/BatteryService(  455): wanglei --> mBatteryProps.batteryTemperature = 300
E/ActivityThread(  912): Failed to find provider info for com.qihoo360.apm.apmdatamanager.ApmDataProvider
E/ActivityThread(  912): Failed to find provider info for com.qihoo360.apm.apmdatamanager.ApmDataProvider
E/ActivityThread(  912): Failed to find provider info for com.qihoo360.apm.apmdatamanager.ApmDataProvider
E/sleeptime( 2321): gotoSleep()
D/Mainservice( 2321): kw音乐休眠还在更新中
W/ActivityManager(  455): Unable to start service Intent { act=com.az1.do1 pkg=com.az1.do1 } U=0: not found
D/BatteryService(  455): wanglei --> mBatteryProps.batteryTemperature = 300
D/dalvikvm( 2451): GC_CONCURRENT freed 5517K, 23% free 19796K/25468K, paused 3ms+19ms, total 140ms
D/BatteryService(  455): wanglei --> mBatteryProps.batteryTemperature = 300
D/dalvikvm( 2451): GC_CONCURRENT freed 5508K, 23% free 19796K/25424K, paused 4ms+19ms, total 112ms
E/ActivityThread(  912): Failed to find provider info for com.qihoo360.apm.apmdatamanager.ApmDataProvider
E/ActivityThread(  912): Failed to find provider info for com.qihoo360.apm.apmdatamanager.ApmDataProvider
E/ActivityThread(  912): Failed to find provider info for com.qihoo360.apm.apmdatamanager.ApmDataProvider
D/BatteryService(  455): wanglei --> mBatteryProps.batteryTemperature = 300
E/sleeptime( 2321): gotoSleep()
D/Mainservice( 2321): kw音乐休眠还在更新中
D/dalvikvm(  455): GC_CONCURRENT freed 2025K, 26% free 10342K/13860K, paused 4ms+34ms, total 257ms
D/dalvikvm( 6866): GC_CONCURRENT freed 1055K, 12% free 8442K/9576K, paused 6ms+2ms, total 86ms
D/BatteryService(  455): wanglei --> mBatteryProps.batteryTemperature = 300
D/dalvikvm( 2451): GC_CONCURRENT freed 5555K, 23% free 19772K/25424K, paused 3ms+16ms, total 127ms
D/BatteryService(  455): wanglei --> mBatteryProps.batteryTemperature = 300
D/PowerManagerService(  455): mHoldBootFastWakeLock = true
D/BatteryService(  455): wanglei --> mBatteryProps.batteryTemperature = 300
D/BatteryService(  455): wanglei --> mBatteryProps.batteryTemperature = 300
D/BatteryService(  455): wanglei --> mBatteryProps.batteryTemperature = 300
D/BatteryService(  455): wanglei --> mBatteryProps.batteryTemperature = 300
D/UsbDeviceManager(  455): enable UsbDeviceManager wakelock wlref = 0
E/NotificationService(  455): Not posting notification with icon==0: Notification(pri=-1 contentView=android/0x1090064 vibrate=null sound=null defaults=0x0 flags=0x2 kind=[null])
E/NotificationService(  455): WARNING: In a future release this will crash the app: android
D/UsbDeviceManager(  455): enable UsbDeviceManager wakelock wlref = 1
D/dalvikvm(  514): GC_CONCURRENT freed 1912K, 65% free 7623K/21240K, paused 12ms+14ms, total 107ms
D/dalvikvm(  514): WAIT_FOR_CONCURRENT_GC blocked 87ms
D/MtpService(  585): updating state; isCurrentUser=true, mMtpLocked=false
D/MtpService(  585): addStorageLocked 65537 /mnt/sdcard
D/MtpService(  585): updating state; isCurrentUser=true, mMtpLocked=false
D/MtpService(  585): starting MTP server in MTP mode
D/MtpService(  585): addStorageLocked 65537 /mnt/sdcard
D/dalvikvm(  585): GC_EXPLICIT freed 339K, 38% free 3383K/5428K, paused 6ms+8ms, total 49ms
D/dalvikvm(  455): GC_EXPLICIT freed 649K, 29% free 9912K/13860K, paused 4ms+37ms, total 349ms
D/AndroidRuntime( 7048):
D/AndroidRuntime( 7048): >>>>>> AndroidRuntime START com.android.internal.os.RuntimeInit <<<<<<
D/AndroidRuntime( 7048): CheckJNI is OFF
D/dalvikvm( 7048): Trying to load lib libjavacore.so 0x0
D/dalvikvm( 7048): Added shared lib libjavacore.so 0x0
D/dalvikvm( 7048): Trying to load lib libnativehelper.so 0x0
D/dalvikvm( 7048): Added shared lib libnativehelper.so 0x0
D/dalvikvm( 7048): No JNI_OnLoad found in libnativehelper.so 0x0, skipping init
E/memtrack( 7048): Couldn't load memtrack module (No such file or directory)
E/android.os.Debug( 7048): failed to load memtrack module: -2
D/AndroidRuntime( 7048): Calling main entry com.android.commands.settings.SettingsCmd
D/dalvikvm( 7048): Note: class Landroid/app/ActivityManagerNative; has 180 unimplemented (abstract) methods
D/AndroidRuntime( 7048): Shutting down VM
D/jdwp    ( 7048): Got wake-up signal, bailing out of select
D/dalvikvm( 7048): Debugger has detached; object registry had 1 entries
D/AndroidRuntime( 7067):
D/AndroidRuntime( 7067): >>>>>> AndroidRuntime START com.android.internal.os.RuntimeInit <<<<<<
D/AndroidRuntime( 7067): CheckJNI is OFF
D/dalvikvm( 7067): Trying to load lib libjavacore.so 0x0
D/dalvikvm( 7067): Added shared lib libjavacore.so 0x0
D/dalvikvm( 7067): Trying to load lib libnativehelper.so 0x0
D/dalvikvm( 7067): Added shared lib libnativehelper.so 0x0
D/dalvikvm( 7067): No JNI_OnLoad found in libnativehelper.so 0x0, skipping init
E/memtrack( 7067): Couldn't load memtrack module (No such file or directory)
E/android.os.Debug( 7067): failed to load memtrack module: -2
D/AndroidRuntime( 7067): Calling main entry com.android.commands.settings.SettingsCmd
D/dalvikvm( 7067): Note: class Landroid/app/ActivityManagerNative; has 180 unimplemented (abstract) methods
D/AndroidRuntime( 7067): Shutting down VM
D/jdwp    ( 7067): Got wake-up signal, bailing out of select
D/dalvikvm( 7067): Debugger has detached; object registry had 1 entries
D/AndroidRuntime( 7096):
D/AndroidRuntime( 7096): >>>>>> AndroidRuntime START com.android.internal.os.RuntimeInit <<<<<<
D/AndroidRuntime( 7096): CheckJNI is OFF
D/dalvikvm( 7096): Trying to load lib libjavacore.so 0x0
D/dalvikvm( 7096): Added shared lib libjavacore.so 0x0
D/dalvikvm( 7096): Trying to load lib libnativehelper.so 0x0
D/dalvikvm( 7096): Added shared lib libnativehelper.so 0x0
D/dalvikvm( 7096): No JNI_OnLoad found in libnativehelper.so 0x0, skipping init
E/memtrack( 7096): Couldn't load memtrack module (No such file or directory)
E/android.os.Debug( 7096): failed to load memtrack module: -2
D/AndroidRuntime( 7096): Calling main entry com.android.commands.settings.SettingsCmd
D/dalvikvm( 7096): Note: class Landroid/app/ActivityManagerNative; has 180 unimplemented (abstract) methods
D/AndroidRuntime( 7096): Shutting down VM
D/dalvikvm( 7096): Debugger has detached; object registry had 1 entries
D/AndroidRuntime( 7110):
D/AndroidRuntime( 7110): >>>>>> AndroidRuntime START com.android.internal.os.RuntimeInit <<<<<<
D/AndroidRuntime( 7110): CheckJNI is OFF
D/dalvikvm( 7110): Trying to load lib libjavacore.so 0x0
D/dalvikvm( 7110): Added shared lib libjavacore.so 0x0
D/dalvikvm( 7110): Trying to load lib libnativehelper.so 0x0
D/dalvikvm( 7110): Added shared lib libnativehelper.so 0x0
D/dalvikvm( 7110): No JNI_OnLoad found in libnativehelper.so 0x0, skipping init
E/memtrack( 7110): Couldn't load memtrack module (No such file or directory)
E/android.os.Debug( 7110): failed to load memtrack module: -2
D/AndroidRuntime( 7110): Calling main entry com.android.commands.pm.Pm
D/AndroidRuntime( 7110): Shutting down VM
D/dalvikvm( 7110): Debugger has detached; object registry had 1 entries
D/AndroidRuntime( 7120):
D/AndroidRuntime( 7120): >>>>>> AndroidRuntime START com.android.internal.os.RuntimeInit <<<<<<
D/AndroidRuntime( 7120): CheckJNI is OFF
D/dalvikvm( 7120): Trying to load lib libjavacore.so 0x0
D/dalvikvm( 7120): Added shared lib libjavacore.so 0x0
D/dalvikvm( 7120): Trying to load lib libnativehelper.so 0x0
D/dalvikvm( 7120): Added shared lib libnativehelper.so 0x0
D/dalvikvm( 7120): No JNI_OnLoad found in libnativehelper.so 0x0, skipping init
E/memtrack( 7120): Couldn't load memtrack module (No such file or directory)
E/android.os.Debug( 7120): failed to load memtrack module: -2
D/AndroidRuntime( 7120): Calling main entry com.android.commands.content.Content
D/dalvikvm( 7120): Note: class Landroid/app/ActivityManagerNative; has 180 unimplemented (abstract) methods
W/Bundle  (  455): Key _user expected Integer but value was a java.lang.Long.  The default value 0 was returned.
W/Bundle  (  455): Attempt to cast generated internal exception:
W/Bundle  (  455): java.lang.ClassCastException: java.lang.Long cannot be cast to java.lang.Integer
W/Bundle  (  455):      at android.os.Bundle.getInt(Bundle.java:1000)
W/Bundle  (  455):      at com.android.providers.settings.SettingsProvider.call(SettingsProvider.java:584)
W/Bundle  (  455):      at android.content.ContentProvider$Transport.call(ContentProvider.java:325)
W/Bundle  (  455):      at android.content.ContentProviderNative.onTransact(ContentProviderNative.java:275)
W/Bundle  (  455):      at android.os.Binder.execTransact(Binder.java:404)
W/Bundle  (  455):      at dalvik.system.NativeStart.run(Native Method)
D/AndroidRuntime( 7120): Shutting down VM
D/jdwp    ( 7120): Got wake-up signal, bailing out of select
D/dalvikvm( 7120): Debugger has detached; object registry had 1 entries
D/AndroidRuntime( 7140):
D/AndroidRuntime( 7140): >>>>>> AndroidRuntime START com.android.internal.os.RuntimeInit <<<<<<
D/AndroidRuntime( 7140): CheckJNI is OFF
D/dalvikvm( 7140): Trying to load lib libjavacore.so 0x0
D/dalvikvm( 7140): Added shared lib libjavacore.so 0x0
D/dalvikvm( 7140): Trying to load lib libnativehelper.so 0x0
D/dalvikvm( 7140): Added shared lib libnativehelper.so 0x0
D/dalvikvm( 7140): No JNI_OnLoad found in libnativehelper.so 0x0, skipping init
E/memtrack( 7140): Couldn't load memtrack module (No such file or directory)
E/android.os.Debug( 7140): failed to load memtrack module: -2
D/AndroidRuntime( 7140): Calling main entry com.android.commands.am.Am
D/dalvikvm( 7140): Note: class Landroid/app/ActivityManagerNative; has 180 unimplemented (abstract) methods
D/AndroidRuntime( 7140): Shutting down VM
D/jdwp    ( 7140): Got wake-up signal, bailing out of select
D/dalvikvm( 7140): Debugger has detached; object registry had 1 entries
E/ActivityThread(  912): Failed to find provider info for sms
W/ContextImpl(  912): Implicit intents with startService are not safe: Intent { act=com.qihoo.appstore.checkupdate.CHECK_BAOHE_UPDATE (has extras) } android.content.ContextWrapper.startService:494 com.qihoo360.mobilesafe.pcdaemon.service.DaemonService.onStartCommand:-1 android.app.ActivityThread.handleServiceArgs:2702
D/MiPhoneTester(  912): This phone type is not xiaomi.
D/dalvikvm(  912): GC_FOR_ALLOC freed 2117K, 60% free 9009K/22056K, paused 47ms, total 47ms
W/MountService(  455): getVolumeState(/mnt/sdcard/external_sd): Unknown volume
W/MountService(  455): getVolumeState(/mnt/sdcard-ext): Unknown volume
W/MountService(  455): getVolumeState(/mnt/ext_sdcard): Unknown volume
W/MountService(  455): getVolumeState(/mnt/sdcard2): Unknown volume
W/MountService(  455): getVolumeState(/mnt/emmc): Unknown volume
W/MountService(  455): getVolumeState(/mnt/extSdCard): Unknown volume
W/MountService(  455): getVolumeState(/mnt/sdcard/SD_CARD): Unknown volume
W/MountService(  455): getVolumeState(/mnt/sdcard/extra_sd): Unknown volume
W/MountService(  455): getVolumeState(/mnt/extrasd_bind): Unknown volume
W/MountService(  455): getVolumeState(/mnt/sdcard/ext_sd): Unknown volume
W/MountService(  455): getVolumeState(/storage/extSdCard): Unknown volume
W/MountService(  455): getVolumeState(/storage/sdcard1): Unknown volume
W/MountService(  455): getVolumeState(/mnt/sdcard/external_SD): Unknown volume
W/MountService(  455): getVolumeState(/mnt/sdcard/external_sd): Unknown volume
D/AndroidRuntime( 7167):
D/AndroidRuntime( 7167): >>>>>> AndroidRuntime START com.android.internal.os.RuntimeInit <<<<<<
D/AndroidRuntime( 7167): CheckJNI is OFF
D/dalvikvm( 7167): Trying to load lib libjavacore.so 0x0
D/dalvikvm( 7167): Added shared lib libjavacore.so 0x0
D/dalvikvm( 7167): Trying to load lib libnativehelper.so 0x0
D/dalvikvm( 7167): Added shared lib libnativehelper.so 0x0
D/dalvikvm( 7167): No JNI_OnLoad found in libnativehelper.so 0x0, skipping init
E/memtrack( 7167): Couldn't load memtrack module (No such file or directory)
E/android.os.Debug( 7167): failed to load memtrack module: -2
D/AndroidRuntime( 7167): Calling main entry com.android.commands.pm.Pm
D/AndroidRuntime( 7167): Shutting down VM
D/jdwp    ( 7167): Got wake-up signal, bailing out of select
D/dalvikvm( 7167): Debugger has detached; object registry had 1 entries
E/ActivityThread(  912): Failed to find provider info for sms
E/ActivityThread(  912): Failed to find provider info for mms
W/MountService(  455): getVolumeState(/mnt/sdcard/external_sd): Unknown volume
W/MountService(  455): getVolumeState(/mnt/sdcard-ext): Unknown volume
W/MountService(  455): getVolumeState(/mnt/ext_sdcard): Unknown volume
D/dalvikvm(  912): GC_FOR_ALLOC freed 1699K, 58% free 9360K/22056K, paused 54ms, total 54ms
W/MountService(  455): getVolumeState(/mnt/sdcard2): Unknown volume
W/MountService(  455): getVolumeState(/mnt/emmc): Unknown volume
W/MountService(  455): getVolumeState(/mnt/extSdCard): Unknown volume
W/MountService(  455): getVolumeState(/mnt/sdcard/SD_CARD): Unknown volume
W/MountService(  455): getVolumeState(/mnt/sdcard/extra_sd): Unknown volume
W/MountService(  455): getVolumeState(/mnt/extrasd_bind): Unknown volume
W/MountService(  455): getVolumeState(/mnt/sdcard/ext_sd): Unknown volume
W/MountService(  455): getVolumeState(/storage/extSdCard): Unknown volume
W/MountService(  455): getVolumeState(/storage/sdcard1): Unknown volume
W/MountService(  455): getVolumeState(/mnt/sdcard/external_SD): Unknown volume
W/MountService(  455): getVolumeState(/mnt/sdcard/external_sd): Unknown volume
D/AndroidRuntime( 7215):
D/AndroidRuntime( 7215): >>>>>> AndroidRuntime START com.android.internal.os.RuntimeInit <<<<<<
D/AndroidRuntime( 7215): CheckJNI is OFF
D/dalvikvm( 7215): Trying to load lib libjavacore.so 0x0
D/dalvikvm( 7215): Added shared lib libjavacore.so 0x0
D/dalvikvm( 7215): Trying to load lib libnativehelper.so 0x0
D/dalvikvm( 7215): Added shared lib libnativehelper.so 0x0
D/dalvikvm( 7215): No JNI_OnLoad found in libnativehelper.so 0x0, skipping init
D/AndroidRuntime( 7226):
D/AndroidRuntime( 7226): >>>>>> AndroidRuntime START com.android.internal.os.RuntimeInit <<<<<<
D/AndroidRuntime( 7226): CheckJNI is OFF
D/dalvikvm(  912): GC_FOR_ALLOC freed 2105K, 58% free 9422K/22056K, paused 56ms, total 56ms
E/memtrack( 7215): Couldn't load memtrack module (No such file or directory)
E/android.os.Debug( 7215): failed to load memtrack module: -2
D/dalvikvm( 7226): Trying to load lib libjavacore.so 0x0
D/dalvikvm( 7226): Added shared lib libjavacore.so 0x0
D/dalvikvm( 7226): Trying to load lib libnativehelper.so 0x0
D/dalvikvm( 7226): Added shared lib libnativehelper.so 0x0
D/dalvikvm( 7226): No JNI_OnLoad found in libnativehelper.so 0x0, skipping init
D/AndroidRuntime( 7215): Calling main entry com.android.commands.pm.Pm
D/AndroidRuntime( 7215): Shutting down VM
D/dalvikvm( 7215): GC_CONCURRENT freed 166K, 23% free 577K/748K, paused 0ms+1ms, total 9ms
D/dalvikvm(  912): GC_FOR_ALLOC freed 2233K, 58% free 9377K/22056K, paused 50ms, total 50ms
E/memtrack( 7226): Couldn't load memtrack module (No such file or directory)
E/android.os.Debug( 7226): failed to load memtrack module: -2
D/dalvikvm(  912): GC_FOR_ALLOC freed 1216K, 57% free 9513K/22056K, paused 56ms, total 56ms
D/AndroidRuntime( 7226): Calling main entry com.android.commands.pm.Pm
D/AndroidRuntime( 7226): Shutting down VM
D/jdwp    ( 7226): Got wake-up signal, bailing out of select
D/dalvikvm( 7226): Debugger has detached; object registry had 1 entries
D/AndroidRuntime( 7247):
D/AndroidRuntime( 7247): >>>>>> AndroidRuntime START com.android.internal.os.RuntimeInit <<<<<<
D/AndroidRuntime( 7247): CheckJNI is OFF
D/dalvikvm(  912): GC_FOR_ALLOC freed 2291K, 58% free 9440K/22056K, paused 65ms, total 65ms
D/dalvikvm( 7247): Trying to load lib libjavacore.so 0x0
D/dalvikvm( 7247): Added shared lib libjavacore.so 0x0
D/dalvikvm( 7247): Trying to load lib libnativehelper.so 0x0
D/dalvikvm( 7247): Added shared lib libnativehelper.so 0x0
D/dalvikvm( 7247): No JNI_OnLoad found in libnativehelper.so 0x0, skipping init
W/MountService(  455): getVolumeState(/mnt/sdcard/external_sd): Unknown volume
W/MountService(  455): getVolumeState(/mnt/sdcard-ext): Unknown volume
W/MountService(  455): getVolumeState(/mnt/ext_sdcard): Unknown volume
W/MountService(  455): getVolumeState(/mnt/sdcard2): Unknown volume
W/MountService(  455): getVolumeState(/mnt/emmc): Unknown volume
W/MountService(  455): getVolumeState(/mnt/extSdCard): Unknown volume
W/MountService(  455): getVolumeState(/mnt/sdcard/SD_CARD): Unknown volume
W/MountService(  455): getVolumeState(/mnt/sdcard/extra_sd): Unknown volume
W/MountService(  455): getVolumeState(/mnt/extrasd_bind): Unknown volume
W/MountService(  455): getVolumeState(/mnt/sdcard/ext_sd): Unknown volume
W/MountService(  455): getVolumeState(/storage/extSdCard): Unknown volume
W/MountService(  455): getVolumeState(/storage/sdcard1): Unknown volume
W/MountService(  455): getVolumeState(/mnt/sdcard/external_SD): Unknown volume
W/MountService(  455): getVolumeState(/mnt/sdcard/external_sd): Unknown volume
W/MountService(  455): getVolumeState(/mnt/sdcard/external_sd): Unknown volume
W/MountService(  455): getVolumeState(/mnt/sdcard-ext): Unknown volume
E/ActivityThread(  912): Failed to find provider info for sms
W/MountService(  455): getVolumeState(/mnt/ext_sdcard): Unknown volume
W/MountService(  455): getVolumeState(/mnt/sdcard2): Unknown volume
W/MountService(  455): getVolumeState(/mnt/emmc): Unknown volume
W/MountService(  455): getVolumeState(/mnt/extSdCard): Unknown volume
W/MountService(  455): getVolumeState(/mnt/sdcard/SD_CARD): Unknown volume
W/MountService(  455): getVolumeState(/mnt/sdcard/extra_sd): Unknown volume
W/MountService(  455): getVolumeState(/mnt/extrasd_bind): Unknown volume
W/MountService(  455): getVolumeState(/mnt/sdcard/ext_sd): Unknown volume
W/MountService(  455): getVolumeState(/storage/extSdCard): Unknown volume
W/MountService(  455): getVolumeState(/storage/sdcard1): Unknown volume
W/MountService(  455): getVolumeState(/mnt/sdcard/external_SD): Unknown volume
W/MountService(  455): getVolumeState(/mnt/sdcard/external_sd): Unknown volume
E/ActivityThread(  912): Failed to find provider info for sms
E/ActivityThread(  912): Failed to find provider info for mms
E/memtrack( 7247): Couldn't load memtrack module (No such file or directory)
E/android.os.Debug( 7247): failed to load memtrack module: -2
D/AndroidRuntime( 7247): Calling main entry com.android.commands.pm.Pm
D/dalvikvm(  912): GC_FOR_ALLOC freed 2315K, 58% free 9318K/22056K, paused 77ms, total 78ms
D/AndroidRuntime( 7247): Shutting down VM
D/jdwp    ( 7247): Got wake-up signal, bailing out of select
D/dalvikvm( 7247): Debugger has detached; object registry had 1 entries
W/MountService(  455): getVolumeState(/mnt/sdcard/external_sd): Unknown volume
W/MountService(  455): getVolumeState(/mnt/sdcard-ext): Unknown volume
W/MountService(  455): getVolumeState(/mnt/ext_sdcard): Unknown volume
W/MountService(  455): getVolumeState(/mnt/sdcard2): Unknown volume
W/MountService(  455): getVolumeState(/mnt/emmc): Unknown volume
W/MountService(  455): getVolumeState(/mnt/extSdCard): Unknown volume
W/MountService(  455): getVolumeState(/mnt/sdcard/SD_CARD): Unknown volume
W/MountService(  455): getVolumeState(/mnt/sdcard/extra_sd): Unknown volume
W/MountService(  455): getVolumeState(/mnt/extrasd_bind): Unknown volume
W/MountService(  455): getVolumeState(/mnt/sdcard/ext_sd): Unknown volume
W/MountService(  455): getVolumeState(/storage/extSdCard): Unknown volume
W/MountService(  455): getVolumeState(/storage/sdcard1): Unknown volume
W/MountService(  455): getVolumeState(/mnt/sdcard/external_SD): Unknown volume
W/MountService(  455): getVolumeState(/mnt/sdcard/external_sd): Unknown volume
D/dalvikvm(  912): GC_FOR_ALLOC freed 1672K, 59% free 9144K/22056K, paused 62ms, total 62ms
D/dalvikvm(  912): GC_FOR_ALLOC freed 2197K, 60% free 9042K/22056K, paused 43ms, total 43ms
D/AndroidRuntime( 7298):
D/AndroidRuntime( 7298): >>>>>> AndroidRuntime START com.android.internal.os.RuntimeInit <<<<<<
D/AndroidRuntime( 7298): CheckJNI is OFF
D/dalvikvm( 7298): Trying to load lib libjavacore.so 0x0
D/dalvikvm( 7298): Added shared lib libjavacore.so 0x0
D/dalvikvm( 7298): Trying to load lib libnativehelper.so 0x0
D/dalvikvm( 7298): Added shared lib libnativehelper.so 0x0
D/dalvikvm( 7298): No JNI_OnLoad found in libnativehelper.so 0x0, skipping init
D/AndroidRuntime( 7299):
D/AndroidRuntime( 7299): >>>>>> AndroidRuntime START com.android.internal.os.RuntimeInit <<<<<<
D/AndroidRuntime( 7299): CheckJNI is OFF
D/dalvikvm( 7299): Trying to load lib libjavacore.so 0x0
D/dalvikvm( 7299): Added shared lib libjavacore.so 0x0
D/dalvikvm( 7299): Trying to load lib libnativehelper.so 0x0
D/dalvikvm( 7299): Added shared lib libnativehelper.so 0x0
D/dalvikvm( 7299): No JNI_OnLoad found in libnativehelper.so 0x0, skipping init
W/MountService(  455): getVolumeState(/mnt/sdcard/external_sd): Unknown volume
W/MountService(  455): getVolumeState(/mnt/sdcard-ext): Unknown volume
W/MountService(  455): getVolumeState(/mnt/ext_sdcard): Unknown volume
W/MountService(  455): getVolumeState(/mnt/sdcard2): Unknown volume
W/MountService(  455): getVolumeState(/mnt/emmc): Unknown volume
W/MountService(  455): getVolumeState(/mnt/extSdCard): Unknown volume
W/MountService(  455): getVolumeState(/mnt/sdcard/SD_CARD): Unknown volume
W/MountService(  455): getVolumeState(/mnt/sdcard/extra_sd): Unknown volume
E/memtrack( 7298): Couldn't load memtrack module (No such file or directory)
E/android.os.Debug( 7298): failed to load memtrack module: -2
W/MountService(  455): getVolumeState(/mnt/extrasd_bind): Unknown volume
W/MountService(  455): getVolumeState(/mnt/sdcard/ext_sd): Unknown volume
W/MountService(  455): getVolumeState(/storage/extSdCard): Unknown volume
W/MountService(  455): getVolumeState(/storage/sdcard1): Unknown volume
W/MountService(  455): getVolumeState(/mnt/sdcard/external_SD): Unknown volume
W/MountService(  455): getVolumeState(/mnt/sdcard/external_sd): Unknown volume
W/MountService(  455): getVolumeState(/mnt/sdcard/external_sd): Unknown volume
W/MountService(  455): getVolumeState(/mnt/sdcard-ext): Unknown volume
W/MountService(  455): getVolumeState(/mnt/ext_sdcard): Unknown volume
W/MountService(  455): getVolumeState(/mnt/sdcard2): Unknown volume
W/MountService(  455): getVolumeState(/mnt/emmc): Unknown volume
W/MountService(  455): getVolumeState(/mnt/extSdCard): Unknown volume
W/MountService(  455): getVolumeState(/mnt/sdcard/SD_CARD): Unknown volume
W/MountService(  455): getVolumeState(/mnt/sdcard/extra_sd): Unknown volume
W/MountService(  455): getVolumeState(/mnt/extrasd_bind): Unknown volume
W/MountService(  455): getVolumeState(/mnt/sdcard/ext_sd): Unknown volume
W/MountService(  455): getVolumeState(/storage/extSdCard): Unknown volume
W/MountService(  455): getVolumeState(/storage/sdcard1): Unknown volume
W/MountService(  455): getVolumeState(/mnt/sdcard/external_SD): Unknown volume
W/MountService(  455): getVolumeState(/mnt/sdcard/external_sd): Unknown volume
D/AndroidRuntime( 7298): Calling main entry com.android.commands.pm.Pm
D/AndroidRuntime( 7298): Shutting down VM
D/jdwp    ( 7298): Got wake-up signal, bailing out of select
D/dalvikvm( 7298): Debugger has detached; object registry had 1 entries
E/memtrack( 7299): Couldn't load memtrack module (No such file or directory)
E/android.os.Debug( 7299): failed to load memtrack module: -2
D/AndroidRuntime( 7299): Calling main entry com.android.commands.pm.Pm
D/AndroidRuntime( 7299): Shutting down VM
D/dalvikvm( 7299): Debugger has detached; object registry had 1 entries
D/dalvikvm( 7299): Compiler shutdown in progress - discarding request
D/dalvikvm( 7299): Compiler shutdown in progress - discarding request
D/dalvikvm( 7299): Compiler shutdown in progress - discarding request
D/dalvikvm( 7299): Compiler shutdown in progress - discarding request
D/dalvikvm( 7299): Compiler shutdown in progress - discarding request
D/dalvikvm( 7299): Compiler shutdown in progress - discarding request
D/dalvikvm( 7299): Compiler shutdown in progress - discarding request
D/dalvikvm( 7299): Compiler shutdown in progress - discarding request
D/dalvikvm( 7299): Compiler shutdown in progress - discarding request
D/dalvikvm( 7299): Compiler shutdown in progress - discarding request
D/dalvikvm( 7299): Compiler shutdown in progress - discarding request
D/dalvikvm( 7299): Compiler shutdown in progress - discarding request
D/dalvikvm( 7299): Compiler shutdown in progress - discarding request
D/dalvikvm( 7299): Compiler shutdown in progress - discarding request
D/dalvikvm(  912): GC_FOR_ALLOC freed 1485K, 59% free 9147K/22056K, paused 43ms, total 44ms
D/dalvikvm(  912): GC_FOR_ALLOC freed 1233K, 59% free 9055K/22056K, paused 36ms, total 36ms
D/dalvikvm(  912): GC_FOR_ALLOC freed 1607K, 60% free 9029K/22056K, paused 44ms, total 45ms
D/dalvikvm(  912): GC_FOR_ALLOC freed 1964K, 59% free 9122K/22056K, paused 44ms, total 44ms
D/dalvikvm(  912): GC_FOR_ALLOC freed 2149K, 59% free 9050K/22056K, paused 44ms, total 45ms
D/AndroidRuntime( 7347):
D/AndroidRuntime( 7347): >>>>>> AndroidRuntime START com.android.internal.os.RuntimeInit <<<<<<
D/AndroidRuntime( 7347): CheckJNI is OFF
D/dalvikvm( 7347): Trying to load lib libjavacore.so 0x0
D/dalvikvm( 7347): Added shared lib libjavacore.so 0x0
D/dalvikvm( 7347): Trying to load lib libnativehelper.so 0x0
D/dalvikvm( 7347): Added shared lib libnativehelper.so 0x0
D/dalvikvm( 7347): No JNI_OnLoad found in libnativehelper.so 0x0, skipping init
E/memtrack( 7347): Couldn't load memtrack module (No such file or directory)
E/android.os.Debug( 7347): failed to load memtrack module: -2
D/AndroidRuntime( 7347): Calling main entry com.android.commands.content.Content
D/dalvikvm( 7347): Note: class Landroid/app/ActivityManagerNative; has 180 unimplemented (abstract) methods
D/AndroidRuntime( 7347): Shutting down VM
D/jdwp    ( 7347): Got wake-up signal, bailing out of select
D/dalvikvm( 7347): Debugger has detached; object registry had 1 entries
D/AndroidRuntime( 7370):
D/AndroidRuntime( 7370): >>>>>> AndroidRuntime START com.android.internal.os.RuntimeInit <<<<<<
D/AndroidRuntime( 7370): CheckJNI is OFF
D/dalvikvm( 7370): Trying to load lib libjavacore.so 0x0
D/dalvikvm( 7370): Added shared lib libjavacore.so 0x0
D/dalvikvm( 7370): Trying to load lib libnativehelper.so 0x0
D/dalvikvm( 7370): Added shared lib libnativehelper.so 0x0
D/dalvikvm( 7370): No JNI_OnLoad found in libnativehelper.so 0x0, skipping init
E/memtrack( 7370): Couldn't load memtrack module (No such file or directory)
E/android.os.Debug( 7370): failed to load memtrack module: -2
D/AndroidRuntime( 7370): Calling main entry com.android.commands.content.Content
D/dalvikvm( 7370): Note: class Landroid/app/ActivityManagerNative; has 180 unimplemented (abstract) methods
D/dalvikvm(  455): GC_EXPLICIT freed 1580K, 29% free 9931K/13860K, paused 4ms+11ms, total 109ms
D/AndroidRuntime( 7370): Shutting down VM
D/jdwp    ( 7370): Got wake-up signal, bailing out of select
D/dalvikvm( 7370): Debugger has detached; object registry had 1 entries
D/AndroidRuntime( 7386):
D/AndroidRuntime( 7386): >>>>>> AndroidRuntime START com.android.internal.os.RuntimeInit <<<<<<
D/AndroidRuntime( 7386): CheckJNI is OFF
D/dalvikvm( 7386): Trying to load lib libjavacore.so 0x0
D/dalvikvm( 7386): Added shared lib libjavacore.so 0x0
D/dalvikvm( 7386): Trying to load lib libnativehelper.so 0x0
D/dalvikvm( 7386): Added shared lib libnativehelper.so 0x0
D/dalvikvm( 7386): No JNI_OnLoad found in libnativehelper.so 0x0, skipping init
E/memtrack( 7386): Couldn't load memtrack module (No such file or directory)
E/android.os.Debug( 7386): failed to load memtrack module: -2
D/AndroidRuntime( 7386): Calling main entry com.android.commands.content.Content
D/dalvikvm( 7386): Note: class Landroid/app/ActivityManagerNative; has 180 unimplemented (abstract) methods
W/Bundle  (  455): Key _user expected Integer but value was a java.lang.Long.  The default value 0 was returned.
W/Bundle  (  455): Attempt to cast generated internal exception:
W/Bundle  (  455): java.lang.ClassCastException: java.lang.Long cannot be cast to java.lang.Integer
W/Bundle  (  455):      at android.os.Bundle.getInt(Bundle.java:1000)
W/Bundle  (  455):      at com.android.providers.settings.SettingsProvider.call(SettingsProvider.java:584)
W/Bundle  (  455):      at android.content.ContentProvider$Transport.call(ContentProvider.java:325)
W/Bundle  (  455):      at android.content.ContentProviderNative.onTransact(ContentProviderNative.java:275)
W/Bundle  (  455):      at android.os.Binder.execTransact(Binder.java:404)
W/Bundle  (  455):      at dalvik.system.NativeStart.run(Native Method)
V/NotificationService(  455): disabling notification listener for user 0: ComponentInfo{com.qihoo.appstore/com.qihoo.appstore.AppStoreNotificationListenerService}
D/AndroidRuntime( 7386): Shutting down VM
D/jdwp    ( 7386): Got wake-up signal, bailing out of select
D/dalvikvm( 7386): Debugger has detached; object registry had 1 entries
D/dalvikvm( 7386): Compiler shutdown in progress - discarding request
D/dalvikvm( 7386): Compiler shutdown in progress - discarding request
V/NotificationService(  455): enabling notification listener for user 0: ComponentInfo{com.qihoo.appstore/com.qihoo.appstore.keepalive.AppStoreNotificationListenerService}
W/ActivityManager(  455): Unable to start service Intent { act=android.service.notification.NotificationListenerService cmp=com.qihoo.appstore/.keepalive.AppStoreNotificationListenerService } U=0: not found
W/NotificationService(  455): Unable to bind listener service: Intent { act=android.service.notification.NotificationListenerService cmp=com.qihoo.appstore/.keepalive.AppStoreNotificationListenerService (has extras) }
V/NotificationService(  455): enabling notification listener for user 0: ComponentInfo{com.qihoo.appstore/com.qihoo.appstore.AppStoreNotificationListenerService}
D/AndroidRuntime( 7401):
D/AndroidRuntime( 7401): >>>>>> AndroidRuntime START com.android.internal.os.RuntimeInit <<<<<<
D/AndroidRuntime( 7401): CheckJNI is OFF
D/dalvikvm( 7401): Trying to load lib libjavacore.so 0x0
D/dalvikvm( 7401): Added shared lib libjavacore.so 0x0
D/dalvikvm( 7401): Trying to load lib libnativehelper.so 0x0
D/dalvikvm( 7401): Added shared lib libnativehelper.so 0x0
D/dalvikvm( 7401): No JNI_OnLoad found in libnativehelper.so 0x0, skipping init
E/memtrack( 7401): Couldn't load memtrack module (No such file or directory)
E/android.os.Debug( 7401): failed to load memtrack module: -2
D/AndroidRuntime( 7401): Calling main entry com.android.commands.content.Content
D/dalvikvm( 7401): Note: class Landroid/app/ActivityManagerNative; has 180 unimplemented (abstract) methods
D/AndroidRuntime( 7401): Shutting down VM
D/jdwp    ( 7401): Got wake-up signal, bailing out of select
D/dalvikvm( 7401): Debugger has detached; object registry had 1 entries
D/AndroidRuntime( 7416):
D/AndroidRuntime( 7416): >>>>>> AndroidRuntime START com.android.internal.os.RuntimeInit <<<<<<
D/AndroidRuntime( 7416): CheckJNI is OFF
D/dalvikvm( 7416): Trying to load lib libjavacore.so 0x0
D/dalvikvm( 7416): Added shared lib libjavacore.so 0x0
D/dalvikvm( 7416): Trying to load lib libnativehelper.so 0x0
D/dalvikvm( 7416): Added shared lib libnativehelper.so 0x0
D/dalvikvm( 7416): No JNI_OnLoad found in libnativehelper.so 0x0, skipping init
E/memtrack( 7416): Couldn't load memtrack module (No such file or directory)
E/android.os.Debug( 7416): failed to load memtrack module: -2
D/AndroidRuntime( 7416): Calling main entry com.android.commands.content.Content
D/dalvikvm( 7416): Note: class Landroid/app/ActivityManagerNative; has 180 unimplemented (abstract) methods
W/Bundle  (  455): Key _user expected Integer but value was a java.lang.Long.  The default value 0 was returned.
W/Bundle  (  455): Attempt to cast generated internal exception:
W/Bundle  (  455): java.lang.ClassCastException: java.lang.Long cannot be cast to java.lang.Integer
W/Bundle  (  455):      at android.os.Bundle.getInt(Bundle.java:1000)
W/Bundle  (  455):      at com.android.providers.settings.SettingsProvider.call(SettingsProvider.java:584)
W/Bundle  (  455):      at android.content.ContentProvider$Transport.call(ContentProvider.java:325)
W/Bundle  (  455):      at android.content.ContentProviderNative.onTransact(ContentProviderNative.java:275)
W/Bundle  (  455):      at android.os.Binder.execTransact(Binder.java:404)
W/Bundle  (  455):      at dalvik.system.NativeStart.run(Native Method)
V/NotificationService(  455): disabling notification listener for user 0: ComponentInfo{com.qihoo.appstore/com.qihoo.appstore.AppStoreNotificationListenerService}
V/NotificationService(  455): enabling notification listener for user 0: ComponentInfo{com.lightsky.video/com.lightsky.video.keepalive.notification.LightSkyNotificationListenerService}
W/ActivityManager(  455): Unable to start service Intent { act=android.service.notification.NotificationListenerService cmp=com.lightsky.video/.keepalive.notification.LightSkyNotificationListenerService } U=0: not found
D/AndroidRuntime( 7416): Shutting down VM
D/jdwp    ( 7416): Got wake-up signal, bailing out of select
D/dalvikvm( 7416): Debugger has detached; object registry had 1 entries
W/NotificationService(  455): Unable to bind listener service: Intent { act=android.service.notification.NotificationListenerService cmp=com.lightsky.video/.keepalive.notification.LightSkyNotificationListenerService (has extras) }
V/NotificationService(  455): enabling notification listener for user 0: ComponentInfo{com.qihoo.appstore/com.qihoo.appstore.keepalive.AppStoreNotificationListenerService}
W/ActivityManager(  455): Unable to start service Intent { act=android.service.notification.NotificationListenerService cmp=com.qihoo.appstore/.keepalive.AppStoreNotificationListenerService } U=0: not found
W/NotificationService(  455): Unable to bind listener service: Intent { act=android.service.notification.NotificationListenerService cmp=com.qihoo.appstore/.keepalive.AppStoreNotificationListenerService (has extras) }
V/NotificationService(  455): enabling notification listener for user 0: ComponentInfo{com.qihoo.appstore/com.qihoo.appstore.AppStoreNotificationListenerService}
D/BatteryService(  455): wanglei --> mBatteryProps.batteryTemperature = 300
D/PowerManagerService(  455): mHoldBootFastWakeLock = true
D/dalvikvm(  912): GC_FOR_ALLOC freed 2068K, 59% free 9045K/22056K, paused 69ms, total 69ms
D/AndroidRuntime( 7446):
D/AndroidRuntime( 7446): >>>>>> AndroidRuntime START com.android.internal.os.RuntimeInit <<<<<<
D/AndroidRuntime( 7446): CheckJNI is OFF
D/dalvikvm( 7446): Trying to load lib libjavacore.so 0x0
D/dalvikvm( 7446): Added shared lib libjavacore.so 0x0
D/dalvikvm( 7446): Trying to load lib libnativehelper.so 0x0
D/dalvikvm( 7446): Added shared lib libnativehelper.so 0x0
D/dalvikvm( 7446): No JNI_OnLoad found in libnativehelper.so 0x0, skipping init
E/memtrack( 7446): Couldn't load memtrack module (No such file or directory)
E/android.os.Debug( 7446): failed to load memtrack module: -2
D/AndroidRuntime( 7446): Calling main entry com.android.commands.pm.Pm
D/AndroidRuntime( 7446): Shutting down VM
D/jdwp    ( 7446): Got wake-up signal, bailing out of select
D/dalvikvm( 7446): Debugger has detached; object registry had 1 entries
I/ProcessStatsService(  455): Prepared write state in 26ms
D/dalvikvm( 2451): GC_FOR_ALLOC freed 5614K, 23% free 19777K/25468K, paused 107ms, total 109ms
W/MountService(  455): getVolumeState(/mnt/sdcard/external_sd): Unknown volume
W/MountService(  455): getVolumeState(/mnt/sdcard-ext): Unknown volume
W/MountService(  455): getVolumeState(/mnt/ext_sdcard): Unknown volume
W/MountService(  455): getVolumeState(/mnt/sdcard2): Unknown volume
W/MountService(  455): getVolumeState(/mnt/emmc): Unknown volume
W/MountService(  455): getVolumeState(/mnt/extSdCard): Unknown volume
W/MountService(  455): getVolumeState(/mnt/sdcard/SD_CARD): Unknown volume
W/MountService(  455): getVolumeState(/mnt/sdcard/extra_sd): Unknown volume
W/MountService(  455): getVolumeState(/mnt/extrasd_bind): Unknown volume
W/MountService(  455): getVolumeState(/mnt/sdcard/ext_sd): Unknown volume
W/MountService(  455): getVolumeState(/storage/extSdCard): Unknown volume
W/MountService(  455): getVolumeState(/storage/sdcard1): Unknown volume
W/MountService(  455): getVolumeState(/mnt/sdcard/external_SD): Unknown volume
W/MountService(  455): getVolumeState(/mnt/sdcard/external_sd): Unknown volume
D/AndroidRuntime( 7482):
D/AndroidRuntime( 7482): >>>>>> AndroidRuntime START com.android.internal.os.RuntimeInit <<<<<<
D/AndroidRuntime( 7482): CheckJNI is OFF
D/dalvikvm( 7482): Trying to load lib libjavacore.so 0x0
D/dalvikvm( 7482): Added shared lib libjavacore.so 0x0
D/dalvikvm( 7482): Trying to load lib libnativehelper.so 0x0
D/dalvikvm( 7482): Added shared lib libnativehelper.so 0x0
D/dalvikvm( 7482): No JNI_OnLoad found in libnativehelper.so 0x0, skipping init
E/memtrack( 7482): Couldn't load memtrack module (No such file or directory)
E/android.os.Debug( 7482): failed to load memtrack module: -2
D/AndroidRuntime( 7482): Calling main entry com.android.commands.pm.Pm
D/AndroidRuntime( 7482): Shutting down VM
D/jdwp    ( 7482): Got wake-up signal, bailing out of select
D/dalvikvm( 7482): Debugger has detached; object registry had 1 entries
E/ActivityThread(  912): Failed to find provider info for sms
E/ActivityThread(  912): Failed to find provider info for mms
W/MountService(  455): getVolumeState(/mnt/sdcard/external_sd): Unknown volume
W/MountService(  455): getVolumeState(/mnt/sdcard-ext): Unknown volume
W/MountService(  455): getVolumeState(/mnt/ext_sdcard): Unknown volume
W/MountService(  455): getVolumeState(/mnt/sdcard2): Unknown volume
W/MountService(  455): getVolumeState(/mnt/emmc): Unknown volume
W/MountService(  455): getVolumeState(/mnt/extSdCard): Unknown volume
W/MountService(  455): getVolumeState(/mnt/sdcard/SD_CARD): Unknown volume
W/MountService(  455): getVolumeState(/mnt/sdcard/extra_sd): Unknown volume
W/MountService(  455): getVolumeState(/mnt/extrasd_bind): Unknown volume
W/MountService(  455): getVolumeState(/mnt/sdcard/ext_sd): Unknown volume
W/MountService(  455): getVolumeState(/storage/extSdCard): Unknown volume
W/MountService(  455): getVolumeState(/storage/sdcard1): Unknown volume
W/MountService(  455): getVolumeState(/mnt/sdcard/external_SD): Unknown volume
W/MountService(  455): getVolumeState(/mnt/sdcard/external_sd): Unknown volume
D/dalvikvm(  912): GC_FOR_ALLOC freed 2048K, 59% free 9056K/22056K, paused 54ms, total 54ms
E/ServiceLog( 2451): [ServiceLogThread] check
D/ConnectivityService(  455): Sampling interval elapsed, updating statistics ..
D/ConnectivityService(  455): Done.
D/ConnectivityService(  455): Setting timer for 720seconds
W/ActivityManager(  455): Unable to start service Intent { act=com.az1.do1 pkg=com.az1.do1 } U=0: not found
E/ActivityThread(  912): Failed to find provider info for com.qihoo360.apm.apmdatamanager.ApmDataProvider
E/ActivityThread(  912): Failed to find provider info for com.qihoo360.apm.apmdatamanager.ApmDataProvider
E/ActivityThread(  912): Failed to find provider info for com.qihoo360.apm.apmdatamanager.ApmDataProvider
W/Settings(  912): Setting android_id has moved from android.provider.Settings.System to android.provider.Settings.Secure, returning read-only value.
W/ws001   (  912): NRH lcl.fc: c=com.qihoo360.mobilesafe.utils.BinderUtils
W/ws001   (  912): NRH lcl.fc: c=com.qihoo360.mobilesafe.utils.BinderUtils
W/ws001   (  912): NRH lcl.fc: c=com.qihoo360.mobilesafe.utils.BinderUtils
W/Settings(  912): Setting android_id has moved from android.provider.Settings.System to android.provider.Settings.Secure, returning read-only value.
E/ActivityThread(  912): Failed to find provider info for com.qihoo360.apm.apmdatamanager.ApmDataProvider
D/AndroidRuntime( 7525):
D/AndroidRuntime( 7525): >>>>>> AndroidRuntime START com.android.internal.os.RuntimeInit <<<<<<
D/AndroidRuntime( 7525): CheckJNI is OFF
D/dalvikvm( 7525): Trying to load lib libjavacore.so 0x0
D/dalvikvm( 7525): Added shared lib libjavacore.so 0x0
D/dalvikvm( 7525): Trying to load lib libnativehelper.so 0x0
D/dalvikvm( 7525): Added shared lib libnativehelper.so 0x0
D/dalvikvm( 7525): No JNI_OnLoad found in libnativehelper.so 0x0, skipping init
E/memtrack( 7525): Couldn't load memtrack module (No such file or directory)
E/android.os.Debug( 7525): failed to load memtrack module: -2
D/AndroidRuntime( 7525): Calling main entry com.android.commands.pm.Pm
W/ActivityManager(  455): No content provider found for permission revoke: file:///data/local/tmp/app-release.apk
W/ActivityManager(  455): No content provider found for permission revoke: file:///data/local/tmp/app-release.apk
I/PackageManager(  455): Copying native libraries to /data/app-lib/vmdl-1321247069
D/PackageManager(  455): processPendingInstall now is installing
W/PackageParser(  455): Unknown element under <manifest>: meta-data at /data/app/vmdl-1321247069.tmp Binary XML file line #35
D/dalvikvm(  455): GC_FOR_ALLOC freed 1594K, 26% free 10359K/13860K, paused 72ms, total 72ms
D/dalvikvm(  455): GC_FOR_ALLOC freed 1147K, 19% free 11259K/13860K, paused 67ms, total 67ms
E/ActivityThread(  912): Failed to find provider info for com.qihoo360.apm.apmdatamanager.ApmDataProvider
D/dalvikvm(  455): GC_FOR_ALLOC freed 1589K, 19% free 11251K/13860K, paused 77ms, total 78ms
D/dalvikvm(  455): GC_FOR_ALLOC freed 1482K, 19% free 11258K/13860K, paused 77ms, total 77ms
D/dalvikvm(  455): GC_FOR_ALLOC freed 1482K, 19% free 11272K/13860K, paused 78ms, total 78ms
D/dalvikvm(  455): GC_FOR_ALLOC freed 1481K, 19% free 11277K/13860K, paused 79ms, total 79ms
D/dalvikvm(  455): GC_FOR_ALLOC freed 1477K, 19% free 11285K/13860K, paused 75ms, total 75ms
D/dalvikvm(  455): GC_FOR_ALLOC freed 1472K, 19% free 11300K/13860K, paused 77ms, total 77ms
D/dalvikvm(  455): GC_FOR_ALLOC freed 1475K, 19% free 11316K/13860K, paused 76ms, total 76ms
