E/ActivityThread(  912): Failed to find provider info for com.qihoo360.apm.apmdatamanager.ApmDataProvider
E/ActivityThread(  912): Failed to find provider info for com.qihoo360.apm.apmdatamanager.ApmDataProvider
I/ActivityManager(  455): START u0 {act=android.intent.action.MAIN cat=[android.intent.category.LAUNCHER] flg=0x10000000 pkg=com.android.settings cmp=com.android.settings/.Settings} from pid 657
I/UsageStats(  455): No package stats for pkg:com.dsn.andy.bgmlauncher
W/MountService(  455): getVolumeState(/mnt/sdcard/external_sd): Unknown volume
W/MountService(  455): getVolumeState(/mnt/sdcard-ext): Unknown volume
W/MountService(  455): getVolumeState(/mnt/ext_sdcard): Unknown volume
W/MountService(  455): getVolumeState(/mnt/sdcard2): Unknown volume
W/MountService(  455): getVolumeState(/mnt/emmc): Unknown volume
W/MountService(  455): getVolumeState(/mnt/extSdCard): Unknown volume
W/MountService(  455): getVolumeState(/mnt/sdcard/SD_CARD): Unknown volume
W/MountService(  455): getVolumeState(/mnt/sdcard/extra_sd): Unknown volume
W/MountService(  455): getVolumeState(/mnt/extrasd_bind): Unknown volume
W/MountService(  455): getVolumeState(/mnt/sdcard/ext_sd): Unknown volume
E/ActivityThread(  912): Failed to find provider info for com.qihoo360.apm.apmdatamanager.ApmDataProvider
W/MountService(  455): getVolumeState(/storage/extSdCard): Unknown volume
W/MountService(  455): getVolumeState(/storage/sdcard1): Unknown volume
W/MountService(  455): getVolumeState(/mnt/sdcard/external_SD): Unknown volume
W/MountService(  455): getVolumeState(/mnt/sdcard/external_sd): Unknown volume
D/WifiService(  455): setWifiEnabled: true pid=737, uid=1000
I/ActivityManager(  455): Start proc com.qihoo.appstore:permmgr for service com.qihoo.appstore/com.qihoo.permmgr.PermService: pid=2214 uid=10032 gids={50032, 1028, 1015, 3003, 3001, 3002}
I/ActivityManager(  455): Start proc com.android.defcontainer for service com.android.defcontainer/.DefaultContainerService: pid=2257 uid=10002 gids={50002, 1028, 1015, 1023, 2001, 1035}
I/ActivityManager(  455): Start proc com.hikvision.automobile for service com.videogo/com.hikvision.automobile.service.GetConnectInfoService: pid=2286 uid=10031 gids={50031, 3003, 1028, 1015, 3002}
W/ContextImpl(  737): Calling a method in the system process without a qualified user: android.app.ContextImpl.sendBroadcast:1123 android.content.ContextWrapper.sendBroadcast:365 android.view.ViewGroup.sendTouchBroadCast:1833 android.view.ViewGroup.dispatchTouchEvent:1881 android.view.ViewGroup.dispatchTransformedTouchEvent:2232
I/ActivityManager(  455): START u0 {act=android.intent.action.MAIN cmp=com.android.settings/.SubSettings (has extras)} from pid 737
I/ActivityManager(  455): Start proc com.videogo:pushservice for service com.videogo/com.igexin.sdk.PushService: pid=2309 uid=10031 gids={50031, 3003, 1028, 1015, 3002}
I/ActivityManager(  455): Start proc com.szhklt.VoiceAssistant for broadcast com.szhklt.VoiceAssistant/com.szhklt.broadcastReceiver.BootCompletedReceiver: pid=2321 uid=10029 gids={50029, 3003, 1028, 1015}
I/ActivityManager(  455): Process com.videogo:pushservice (pid 2309) has died.
E/ActivityThread(  912): Failed to find provider info for sms
E/ActivityThread(  912): Failed to find provider info for mms
E/ActivityThread(  912): Failed to find provider info for com.qihoo360.apm.apmdatamanager.ApmDataProvider
E/ActivityThread(  912): Failed to find provider info for com.qihoo360.apm.apmdatamanager.ApmDataProvider
I/ActivityManager(  455): Start proc com.android.music for broadcast com.android.music/.MediaButtonIntentReceiver: pid=2392 uid=10021 gids={50021, 3003, 1028, 1015}
E/ActivityThread(  912): Failed to find provider info for com.qihoo360.apm.apmdatamanager.ApmDataProvider
W/ViewRootImpl(  737): Dropping event due to no window focus: KeyEvent { action=ACTION_DOWN, keyCode=KEYCODE_BACK, scanCode=0, metaState=0, flags=0x48, repeatCount=0, eventTime=40599, downTime=40599, deviceId=-1, source=0x101 }
W/ViewRootImpl(  737): Dropping event due to no window focus: KeyEvent { action=ACTION_DOWN, keyCode=KEYCODE_BACK, scanCode=0, metaState=0, flags=0x48, repeatCount=0, eventTime=41351, downTime=41351, deviceId=-1, source=0x101 }
W/ViewRootImpl(  657): Dropping event due to no window focus: KeyEvent { action=ACTION_DOWN, keyCode=KEYCODE_BACK, scanCode=0, metaState=0, flags=0x48, repeatCount=0, eventTime=41766, downTime=41766, deviceId=-1, source=0x101 }
I/ActivityManager(  455): Start proc cn.kuwo.kwmusiccar for broadcast cn.kuwo.kwmusiccar/cn.kuwo.base.util.NetworkStateUtil: pid=2451 uid=10030 gids={50030, 1028, 1015, 3003}
I/ActivityManager(  455): Start proc com.videogo:pushservice for service com.videogo/com.igexin.sdk.PushService: pid=2480 uid=10031 gids={50031, 3003, 1028, 1015, 3002}
I/ActivityManager(  455): Start proc com.android.deskclock for broadcast com.android.deskclock/.AlarmInitReceiver: pid=2500 uid=10014 gids={50014, 1028}
I/ActivityManager(  455): Process com.videogo:pushservice (pid 2480) has died.
W/ActivityManager(  455): Unable to start service Intent { act=com.iflytek.component.speechrecognizer pkg=com.iflytek.cmcc } U=0: not found
I/ActivityManager(  455): Start proc com.android.inputmethod.latin for broadcast com.android.inputmethod.latin/com.android.inputmethod.dictionarypack.EventHandler: pid=2543 uid=10019 gids={50019, 1028, 1015}
W/MountService(  455): getVolumeState(/mnt/sdcard/external_sd): Unknown volume
W/MountService(  455): getVolumeState(/mnt/sdcard-ext): Unknown volume
W/MountService(  455): getVolumeState(/mnt/ext_sdcard): Unknown volume
W/MountService(  455): getVolumeState(/mnt/sdcard2): Unknown volume
W/MountService(  455): getVolumeState(/mnt/emmc): Unknown volume
W/MountService(  455): getVolumeState(/mnt/extSdCard): Unknown volume
I/ActivityManager(  455): START u0 {act=com.qihoo360.daemon.pcdaemon.ACTION_START_OPERATE_AUTHOR flg=0x10000000 pkg=com.qihoo.appstore cmp=com.qihoo.appstore/com.qihoo.express.mini.display.PCLinkConfirmDialogActivity (has extras)} from pid 912
W/MountService(  455): getVolumeState(/mnt/sdcard/SD_CARD): Unknown volume
W/MountService(  455): getVolumeState(/mnt/sdcard/extra_sd): Unknown volume
W/MountService(  455): getVolumeState(/mnt/extrasd_bind): Unknown volume
I/ActivityManager(  455): Config changes=480 {1.15 ?mcc?mnc zh_CN ldltr sw600dp w600dp h936dp 160dpi lrg port finger -keyb/v/h -nav/h s.6}
W/MountService(  455): getVolumeState(/mnt/sdcard/ext_sd): Unknown volume
W/MountService(  455): getVolumeState(/storage/extSdCard): Unknown volume
W/MountService(  455): getVolumeState(/storage/sdcard1): Unknown volume
W/MountService(  455): getVolumeState(/mnt/sdcard/external_SD): Unknown volume
I/ActivityManager(  455): Config changes=480 {1.15 ?mcc?mnc zh_CN ldltr sw600dp w1024dp h512dp 160dpi lrg land finger -keyb/v/h -nav/h s.7}
W/MountService(  455): getVolumeState(/mnt/sdcard/external_sd): Unknown volume
D/ConnectivityService(  455): captivePortalCheckCompleted: ni=NetworkInfo: type: WIFI[], state: CONNECTED/CONNECTED, reason: (unspecified), extra: "典声车间", roaming: false, failover: false, isAvailable: true, isConnectedToProvisioningNetwork: false captive=false
I/PowerManagerService(  455): Boot animation finished.
I/BootReceiver(  455): Copying audit failures to DropBox
I/BootReceiver(  455): Checking for fsck errors
I/WindowManager(  455): Screen frozen for +971ms due to Window{41c26710 u0 com.dsn.andy.bgmlauncher/com.dsn.andy.bgmlauncher.AppsActivity}
I/ActivityManager(  455): Start proc com.android.onetimeinitializer for broadcast com.android.onetimeinitializer/.OneTimeInitializerReceiver: pid=2572 uid=10007 gids={50007}
I/ActivityManager(  455): START u0 {act=android.intent.action.MAIN cat=[android.intent.category.LAUNCHER] flg=0x10000000 pkg=com.android.calculator2 cmp=com.android.calculator2/.Calculator} from pid 657
I/ActivityManager(  455): Start proc com.android.calculator2 for activity com.android.calculator2/.Calculator: pid=2595 uid=1000 gids={41000, 1028, 1015, 3002, 3001, 3003, 1023, 2001}
I/ActivityManager(  455): Process com.android.inputmethod.latin (pid 2543) has died.
E/ActivityThread(  912): Failed to find provider info for sms
E/ActivityThread(  912): Failed to find provider info for sms
E/ActivityThread(  912): Failed to find provider info for mms
W/MountService(  455): getVolumeState(/mnt/sdcard/external_sd): Unknown volume
W/MountService(  455): getVolumeState(/mnt/sdcard-ext): Unknown volume
W/MountService(  455): getVolumeState(/mnt/ext_sdcard): Unknown volume
W/MountService(  455): getVolumeState(/mnt/sdcard2): Unknown volume
W/MountService(  455): getVolumeState(/mnt/emmc): Unknown volume
W/MountService(  455): getVolumeState(/mnt/extSdCard): Unknown volume
W/MountService(  455): getVolumeState(/mnt/sdcard/SD_CARD): Unknown volume
W/MountService(  455): getVolumeState(/mnt/sdcard/extra_sd): Unknown volume
W/MountService(  455): getVolumeState(/mnt/extrasd_bind): Unknown volume
W/MountService(  455): getVolumeState(/mnt/sdcard/ext_sd): Unknown volume
W/MountService(  455): getVolumeState(/storage/extSdCard): Unknown volume
W/MountService(  455): getVolumeState(/storage/sdcard1): Unknown volume
W/MountService(  455): getVolumeState(/mnt/sdcard/external_SD): Unknown volume
W/MountService(  455): getVolumeState(/mnt/sdcard/external_sd): Unknown volume
W/MountService(  455): getVolumeState(/mnt/sdcard/external_sd): Unknown volume
W/MountService(  455): getVolumeState(/mnt/sdcard-ext): Unknown volume
W/MountService(  455): getVolumeState(/mnt/ext_sdcard): Unknown volume
W/MountService(  455): getVolumeState(/mnt/sdcard2): Unknown volume
W/MountService(  455): getVolumeState(/mnt/emmc): Unknown volume
W/MountService(  455): getVolumeState(/mnt/extSdCard): Unknown volume
W/MountService(  455): getVolumeState(/mnt/sdcard/SD_CARD): Unknown volume
W/MountService(  455): getVolumeState(/mnt/sdcard/extra_sd): Unknown volume
W/MountService(  455): getVolumeState(/mnt/extrasd_bind): Unknown volume
W/MountService(  455): getVolumeState(/mnt/sdcard/ext_sd): Unknown volume
W/MountService(  455): getVolumeState(/storage/extSdCard): Unknown volume
W/MountService(  455): getVolumeState(/storage/sdcard1): Unknown volume
W/BroadcastQueue(  455): Permission Denial: receiving Intent { act=android.intent.action.BOOT_COMPLETED flg=0x8000010 (has extras) } to com.dsn.bgmlauncher.dome2/com.gitom.voice.receiver.InitReceiver requires android.permission.RECEIVE_BOOT_COMPLETED due to sender null (uid 1000)
W/MountService(  455): getVolumeState(/mnt/sdcard/external_SD): Unknown volume
I/ActivityManager(  455): Start proc com.videogo:pushservice for service com.videogo/com.igexin.sdk.PushService: pid=2687 uid=10031 gids={50031, 3003, 1028, 1015, 3002}
W/MountService(  455): getVolumeState(/mnt/sdcard/external_sd): Unknown volume
W/ContextImpl(  455): Calling a method in the system process without a qualified user: android.app.ContextImpl.sendBroadcast:1123 android.media.AudioService.openGlobalAudioEffectControlSession:1870 android.media.IAudioService$Stub.onTransact:379 android.os.Binder.execTransact:404 dalvik.system.NativeStart.run:-2
W/ActivityManager(  455): Unable to start service Intent { act=com.az1.do1 pkg=com.az1.do1 } U=0: not found
I/ActivityManager(  455): Process com.videogo:pushservice (pid 2687) has died.
W/MountService(  455): getVolumeState(/mnt/sdcard/external_sd): Unknown volume
W/MountService(  455): getVolumeState(/mnt/sdcard-ext): Unknown volume
W/MountService(  455): getVolumeState(/mnt/ext_sdcard): Unknown volume
W/MountService(  455): getVolumeState(/mnt/sdcard2): Unknown volume
W/MountService(  455): getVolumeState(/mnt/emmc): Unknown volume
W/MountService(  455): getVolumeState(/mnt/extSdCard): Unknown volume
W/MountService(  455): getVolumeState(/mnt/sdcard/SD_CARD): Unknown volume
W/MountService(  455): getVolumeState(/mnt/sdcard/extra_sd): Unknown volume
W/MountService(  455): getVolumeState(/mnt/extrasd_bind): Unknown volume
W/MountService(  455): getVolumeState(/mnt/sdcard/ext_sd): Unknown volume
W/MountService(  455): getVolumeState(/storage/extSdCard): Unknown volume
W/MountService(  455): getVolumeState(/storage/sdcard1): Unknown volume
W/MountService(  455): getVolumeState(/mnt/sdcard/external_SD): Unknown volume
W/MountService(  455): getVolumeState(/mnt/sdcard/external_sd): Unknown volume
E/ActivityThread(  912): Failed to find provider info for com.android.launcher3.settings
E/ActivityThread(  912): Failed to find provider info for com.android.launcher3.settings
W/ActivityThread(  585): ClassLoader.loadClass: The class loader returned by Thread.getContextClassLoader() may fail for processes that host multiple applications. You should explicitly specify a context class loader. For example: Thread.setContextClassLoader(getClass().getClassLoader());
W/MountService(  455): getVolumeState(/mnt/sdcard/external_sd): Unknown volume
W/MountService(  455): getVolumeState(/mnt/sdcard-ext): Unknown volume
W/MountService(  455): getVolumeState(/mnt/ext_sdcard): Unknown volume
W/MountService(  455): getVolumeState(/mnt/sdcard2): Unknown volume
W/MountService(  455): getVolumeState(/mnt/emmc): Unknown volume
W/MountService(  455): getVolumeState(/mnt/extSdCard): Unknown volume
W/MountService(  455): getVolumeState(/mnt/sdcard/SD_CARD): Unknown volume
W/MountService(  455): getVolumeState(/mnt/sdcard/extra_sd): Unknown volume
W/MountService(  455): getVolumeState(/mnt/extrasd_bind): Unknown volume
W/MountService(  455): getVolumeState(/mnt/sdcard/ext_sd): Unknown volume
W/MountService(  455): getVolumeState(/storage/extSdCard): Unknown volume
W/MountService(  455): getVolumeState(/storage/sdcard1): Unknown volume
W/MountService(  455): getVolumeState(/mnt/sdcard/external_SD): Unknown volume
W/MountService(  455): getVolumeState(/mnt/sdcard/external_sd): Unknown volume
W/MountService(  455): getVolumeState(/mnt/sdcard/external_sd): Unknown volume
W/MountService(  455): getVolumeState(/mnt/sdcard-ext): Unknown volume
W/MountService(  455): getVolumeState(/mnt/ext_sdcard): Unknown volume
W/MountService(  455): getVolumeState(/mnt/sdcard2): Unknown volume
W/MountService(  455): getVolumeState(/mnt/emmc): Unknown volume
W/MountService(  455): getVolumeState(/mnt/extSdCard): Unknown volume
W/MountService(  455): getVolumeState(/mnt/sdcard/SD_CARD): Unknown volume
W/MountService(  455): getVolumeState(/mnt/sdcard/extra_sd): Unknown volume
W/MountService(  455): getVolumeState(/mnt/extrasd_bind): Unknown volume
W/MountService(  455): getVolumeState(/mnt/sdcard/ext_sd): Unknown volume
W/MountService(  455): getVolumeState(/storage/extSdCard): Unknown volume
W/MountService(  455): getVolumeState(/storage/sdcard1): Unknown volume
W/MountService(  455): getVolumeState(/mnt/sdcard/external_SD): Unknown volume
W/MountService(  455): getVolumeState(/mnt/sdcard/external_sd): Unknown volume
W/FileUtils(  585): Failed to chmod(/mnt/sdcard/Android/data/com.szhklt.VoiceAssistant/files/Download/VersionInfo.xml): libcore.io.ErrnoException: chmod failed: EPERM (Operation not permitted)
W/ActivityManager(  455): Unable to start service Intent { act=com.az1.do1 pkg=com.az1.do1 } U=0: not found
I/ActivityManager(  455): Waited long enough for: ServiceRecord{41c3fb30 u0 com.android.music/.MediaPlaybackService}
W/ViewRootImpl(  657): Dropping event due to no window focus: KeyEvent { action=ACTION_DOWN, keyCode=KEYCODE_BACK, scanCode=0, metaState=0, flags=0x48, repeatCount=0, eventTime=56222, downTime=56222, deviceId=-1, source=0x101 }
W/InputMethodManagerService(  455): Window already focused, ignoring focus gain of: com.android.internal.view.IInputMethodClient$Stub$Proxy@41ac8f78 attribute=null, token = android.os.BinderProxy@41ba4ca8
W/ViewRootImpl(  657): Dropping event due to no window focus: KeyEvent { action=ACTION_DOWN, keyCode=KEYCODE_BACK, scanCode=0, metaState=0, flags=0x48, repeatCount=0, eventTime=56529, downTime=56529, deviceId=-1, source=0x101 }
E/ActivityThread(  912): Failed to find provider info for com.qihoo360.apm.apmdatamanager.ApmDataProvider
E/ActivityThread(  912): Failed to find provider info for com.qihoo360.apm.apmdatamanager.ApmDataProvider
E/ActivityThread(  912): Failed to find provider info for com.qihoo360.apm.apmdatamanager.ApmDataProvider
I/ActivityManager(  455): Waited long enough for: ServiceRecord{41a82fd0 u0 com.szhklt.VoiceAssistant/com.szhklt.service.MainService}
D/BatteryService(  455): wanglei --> mBatteryProps.batteryTemperature = 300
D/PowerManagerService(  455): mHoldBootFastWakeLock = true
W/ActivityManager(  455): Launch timeout has expired, giving up wake lock!
I/ActivityManager(  455): Waited long enough for: ServiceRecord{41d49318 u0 com.szhklt.VoiceAssistant/com.szhklt.service.checkAPKUpdataService}
I/ActivityManager(  455): Waited long enough for: ServiceRecord{41ce47a0 u0 com.szhklt.VoiceAssistant/com.szhklt.service.MusicplayService}
D/ConnectivityService(  455): Sampling interval elapsed, updating statistics ..
D/ConnectivityService(  455): Done.
D/ConnectivityService(  455): Setting timer for 720seconds
W/ContextImpl(  455): Calling a method in the system process without a qualified user: android.app.ContextImpl.sendBroadcast:1123 android.media.AudioService.closeGlobalAudioEffectControlSession:1877 android.media.IAudioService$Stub.onTransact:385 android.os.Binder.execTransact:404 dalvik.system.NativeStart.run:-2
W/ActivityManager(  455): No content provider found for permission revoke: file:///data/local/tmp/app-release.apk
W/ActivityManager(  455): No content provider found for permission revoke: file:///data/local/tmp/app-release.apk
I/PackageManager(  455): Copying native libraries to /data/app-lib/vmdl97359114
D/PackageManager(  455): processPendingInstall now is installing
W/PackageParser(  455): Unknown element under <manifest>: meta-data at /data/app/vmdl97359114.tmp Binary XML file line #35
W/MountService(  455): getVolumeState(/mnt/sdcard/external_sd): Unknown volume
W/MountService(  455): getVolumeState(/mnt/sdcard-ext): Unknown volume
W/MountService(  455): getVolumeState(/mnt/ext_sdcard): Unknown volume
W/MountService(  455): getVolumeState(/mnt/sdcard2): Unknown volume
W/MountService(  455): getVolumeState(/mnt/emmc): Unknown volume
W/MountService(  455): getVolumeState(/mnt/extSdCard): Unknown volume
W/MountService(  455): getVolumeState(/mnt/sdcard/SD_CARD): Unknown volume
W/MountService(  455): getVolumeState(/mnt/sdcard/extra_sd): Unknown volume
W/MountService(  455): getVolumeState(/mnt/extrasd_bind): Unknown volume
W/MountService(  455): getVolumeState(/mnt/sdcard/ext_sd): Unknown volume
W/MountService(  455): getVolumeState(/storage/extSdCard): Unknown volume
W/MountService(  455): getVolumeState(/storage/sdcard1): Unknown volume
W/MountService(  455): getVolumeState(/mnt/sdcard/external_SD): Unknown volume
W/MountService(  455): getVolumeState(/mnt/sdcard/external_sd): Unknown volume
E/ActivityThread(  912): Failed to find provider info for sms
E/ActivityThread(  912): Failed to find provider info for mms
W/MountService(  455): getVolumeState(/mnt/sdcard/external_sd): Unknown volume
W/MountService(  455): getVolumeState(/mnt/sdcard-ext): Unknown volume
W/MountService(  455): getVolumeState(/mnt/ext_sdcard): Unknown volume
W/MountService(  455): getVolumeState(/mnt/sdcard2): Unknown volume
W/MountService(  455): getVolumeState(/mnt/emmc): Unknown volume
W/MountService(  455): getVolumeState(/mnt/extSdCard): Unknown volume
W/MountService(  455): getVolumeState(/mnt/sdcard/SD_CARD): Unknown volume
W/MountService(  455): getVolumeState(/mnt/sdcard/extra_sd): Unknown volume
W/MountService(  455): getVolumeState(/mnt/extrasd_bind): Unknown volume
W/MountService(  455): getVolumeState(/mnt/sdcard/ext_sd): Unknown volume
W/MountService(  455): getVolumeState(/storage/extSdCard): Unknown volume
W/MountService(  455): getVolumeState(/storage/sdcard1): Unknown volume
W/MountService(  455): getVolumeState(/mnt/sdcard/external_SD): Unknown volume
W/MountService(  455): getVolumeState(/mnt/sdcard/external_sd): Unknown volume
I/ActivityManager(  455): Force stopping com.dsn.andy.bgmlauncher appid=10026 user=-1: replace sys pkg
I/ActivityManager(  455): Killing 657:com.dsn.andy.bgmlauncher/u0a26 (adj 0): stop com.dsn.andy.bgmlauncher
W/PackageManager(  455): Trying to update system app code path from /data/app/com.dsn.andy.bgmlauncher-1.apk to /data/app/com.dsn.andy.bgmlauncher-2.apk
W/ActivityManager(  455): Force removing ActivityRecord{41b8f718 u0 com.dsn.andy.bgmlauncher/.MainActivity t1}: app died, no saved state
I/ActivityManager(  455):   Force stopping service ServiceRecord{41bb84a0 u0 com.dsn.andy.bgmlauncher/com.geniusgithub.mediarender.service.MediaRenderService}
I/ActivityManager(  455):   Force stopping service ServiceRecord{41982498 u0 com.dsn.andy.bgmlauncher/.home.MyService}
I/ActivityManager(  455):   Force stopping service ServiceRecord{419276b8 u0 com.dsn.andy.bgmlauncher/.UpdateService}
E/WifiService(  455): Multicaster binderDied
I/WindowState(  455): WIN DEATH: Window{41b9d348 u0 com.dsn.andy.bgmlauncher/com.dsn.andy.bgmlauncher.MainActivity}
W/PackageManager(  455): Code path for pkg : com.dsn.andy.bgmlauncher changing from /data/app/com.dsn.andy.bgmlauncher-1.apk to /data/app/com.dsn.andy.bgmlauncher-2.apk
I/ActivityManager(  455): Force stopping com.dsn.andy.bgmlauncher appid=10026 user=-1: update pkg
W/PackageManager(  455): Resource path for pkg : com.dsn.andy.bgmlauncher changing from /data/app/com.dsn.andy.bgmlauncher-1.apk to /data/app/com.dsn.andy.bgmlauncher-2.apk
I/ActivityManager(  455): START u0 {act=android.intent.action.MAIN cat=[android.intent.category.HOME] flg=0x10000000 cmp=com.dsn.andy.bgmlauncher/.MainActivity} from pid 0
W/PackageManager(  455): Not granting permission android.permission.MOUNT_UNMOUNT_FILESYSTEMS to package com.dsn.andy.bgmlauncher (protectionLevel=18 flags=0xc8bec5)
W/PackageManager(  455): Not granting permission app.custom.permission to package com.dsn.andy.bgmlauncher (protectionLevel=2 flags=0xc8bec5)
I/ActivityManager(  455): Start proc com.dsn.andy.bgmlauncher for activity com.dsn.andy.bgmlauncher/.MainActivity: pid=3011 uid=10026 gids={50026, 3002, 3001, 3003, 1028, 1015}
I/ActivityManager(  455): Force stopping com.dsn.andy.bgmlauncher appid=10026 user=0: pkg removed
I/ActivityManager(  455): Killing 3011:com.dsn.andy.bgmlauncher/u0a26 (adj 0): stop com.dsn.andy.bgmlauncher
I/ActivityManager(  455):   Force finishing activity ActivityRecord{41b1a880 u0 com.dsn.andy.bgmlauncher/.MainActivity t5}
I/ActivityManager(  455): START u0 {act=android.intent.action.MAIN cat=[android.intent.category.HOME] flg=0x10000000 cmp=com.dsn.andy.bgmlauncher/.MainActivity} from pid 0
I/ActivityManager(  455): Start proc com.dsn.andy.bgmlauncher for activity com.dsn.andy.bgmlauncher/.MainActivity: pid=3027 uid=10026 gids={50026, 3002, 3001, 3003, 1028, 1015}
D/BackupManagerService(  455): Received broadcast Intent { act=android.intent.action.PACKAGE_REMOVED dat=package:com.dsn.andy.bgmlauncher flg=0x4000010 (has extras) }
D/BackupManagerService(  455): Received broadcast Intent { act=android.intent.action.PACKAGE_ADDED dat=package:com.dsn.andy.bgmlauncher flg=0x4000010 (has extras) }
V/BackupManagerService(  455): removePackageParticipantsLocked: uid=10026 #1
V/BackupManagerService(  455): addPackageParticipantsLocked: #1
I/ActivityManager(  455): Start proc com.android.launcher for broadcast com.android.launcher/com.android.launcher2.PackageChangedReceiver: pid=3044 uid=10006 gids={50006}
W/ActivityManager(  455): Unable to start service Intent { act=com.az1.do1 pkg=com.az1.do1 } U=0: not found
W/RecognitionManagerService(  455): no available voice recognition services found for user 0
W/ActivityManager(  455): Unable to start service Intent { act=com.az1.do1 pkg=com.az1.do1 } U=0: not found
W/ActivityManager(  455): Unable to start service Intent { act=com.az1.do1 pkg=com.az1.do1 } U=0: not found
W/InputMethodManagerService(  455): Got RemoteException sending setActive(false) notification to pid 657 uid 10026
I/ActivityManager(  455): Start proc com.android.gallery3d for broadcast com.android.gallery3d/.app.PackagesMonitor: pid=3095 uid=10018 gids={50018, 3003, 1028, 1015, 1023}
W/MountService(  455): getVolumeState(/mnt/sdcard/external_sd): Unknown volume
W/MountService(  455): getVolumeState(/mnt/sdcard-ext): Unknown volume
W/MountService(  455): getVolumeState(/mnt/ext_sdcard): Unknown volume
W/MountService(  455): getVolumeState(/mnt/sdcard2): Unknown volume
W/MountService(  455): getVolumeState(/mnt/emmc): Unknown volume
W/MountService(  455): getVolumeState(/mnt/extSdCard): Unknown volume
W/MountService(  455): getVolumeState(/mnt/sdcard/SD_CARD): Unknown volume
W/MountService(  455): getVolumeState(/mnt/sdcard/extra_sd): Unknown volume
W/MountService(  455): getVolumeState(/mnt/extrasd_bind): Unknown volume
W/MountService(  455): getVolumeState(/mnt/sdcard/ext_sd): Unknown volume
W/MountService(  455): getVolumeState(/storage/extSdCard): Unknown volume
W/MountService(  455): getVolumeState(/storage/sdcard1): Unknown volume
W/MountService(  455): getVolumeState(/mnt/sdcard/external_SD): Unknown volume
W/MountService(  455): getVolumeState(/mnt/sdcard/external_sd): Unknown volume
I/ActivityManager(  455): Start proc com.svox.pico for broadcast com.svox.pico/.VoiceDataInstallerReceiver: pid=3119 uid=10008 gids={50008, 1028, 1015}
E/ActivityThread(  912): Failed to find provider info for com.qihoo360.apm.apmdatamanager.ApmDataProvider
E/ActivityThread(  912): Failed to find provider info for com.qihoo360.apm.apmdatamanager.ApmDataProvider
E/ActivityThread(  912): Failed to find provider info for com.qihoo360.apm.apmdatamanager.ApmDataProvider
E/ActivityThread(  912): Failed to find provider info for sms
E/ActivityThread(  912): Failed to find provider info for mms
W/MountService(  455): getVolumeState(/mnt/sdcard/external_sd): Unknown volume
W/MountService(  455): getVolumeState(/mnt/sdcard-ext): Unknown volume
W/MountService(  455): getVolumeState(/mnt/ext_sdcard): Unknown volume
W/MountService(  455): getVolumeState(/mnt/sdcard2): Unknown volume
W/MountService(  455): getVolumeState(/mnt/emmc): Unknown volume
W/MountService(  455): getVolumeState(/mnt/extSdCard): Unknown volume
W/MountService(  455): getVolumeState(/mnt/sdcard/SD_CARD): Unknown volume
W/MountService(  455): getVolumeState(/mnt/sdcard/extra_sd): Unknown volume
W/MountService(  455): getVolumeState(/mnt/extrasd_bind): Unknown volume
W/MountService(  455): getVolumeState(/mnt/sdcard/ext_sd): Unknown volume
W/MountService(  455): getVolumeState(/storage/extSdCard): Unknown volume
W/MountService(  455): getVolumeState(/storage/sdcard1): Unknown volume
W/MountService(  455): getVolumeState(/mnt/sdcard/external_SD): Unknown volume
W/MountService(  455): getVolumeState(/mnt/sdcard/external_sd): Unknown volume
E/AndroidRuntime( 3027): FATAL EXCEPTION: main
E/AndroidRuntime( 3027): Process: com.dsn.andy.bgmlauncher, PID: 3027
E/AndroidRuntime( 3027): java.lang.UnsatisfiedLinkError: Couldn't load net from loader dalvik.system.PathClassLoader[DexPathList[[zip file "/data/app/com.dsn.andy.bgmlauncher-2.apk"],nativeLibraryDirectories=[/data/app-lib/com.dsn.andy.bgmlauncher-2, /vendor/lib, /system/lib]]]: findLibrary returned null
E/AndroidRuntime( 3027):        at java.lang.Runtime.loadLibrary(Runtime.java:358)
E/AndroidRuntime( 3027):        at java.lang.System.loadLibrary(System.java:526)
E/AndroidRuntime( 3027):        at com.andy.net.socket.SocketNativeTool.<clinit>(SocketNativeTool.java:27)
E/AndroidRuntime( 3027):        at com.andy.net.socket.ServerSocketManager.initServer(ServerSocketManager.java:34)
E/AndroidRuntime( 3027):        at com.dsn.andy.bgmlauncher.MainActivity.initSocketServer(MainActivity.java:180)
E/AndroidRuntime( 3027):        at com.dsn.andy.bgmlauncher.MainActivity.access$000(MainActivity.java:71)
E/AndroidRuntime( 3027):        at com.dsn.andy.bgmlauncher.MainActivity$5.run(MainActivity.java:283)
E/AndroidRuntime( 3027):        at android.os.Handler.handleCallback(Handler.java:733)
E/AndroidRuntime( 3027):        at android.os.Handler.dispatchMessage(Handler.java:95)
E/AndroidRuntime( 3027):        at android.os.Looper.loop(Looper.java:136)
E/AndroidRuntime( 3027):        at android.app.ActivityThread.main(ActivityThread.java:5017)
E/AndroidRuntime( 3027):        at java.lang.reflect.Method.invokeNative(Native Method)
E/AndroidRuntime( 3027):        at java.lang.reflect.Method.invoke(Method.java:515)
E/AndroidRuntime( 3027):        at com.android.internal.os.ZygoteInit$MethodAndArgsCaller.run(ZygoteInit.java:779)
E/AndroidRuntime( 3027):        at com.android.internal.os.ZygoteInit.main(ZygoteInit.java:595)
E/AndroidRuntime( 3027):        at dalvik.system.NativeStart.main(Native Method)
W/ActivityManager(  455):   Force finishing activity com.dsn.andy.bgmlauncher/.MainActivity
W/ActivityManager(  455): Activity pause timeout for ActivityRecord{41f1ae88 u0 com.dsn.andy.bgmlauncher/.MainActivity t6 f}
I/ActivityManager(  455): START u0 {act=android.intent.action.MAIN cat=[android.intent.category.HOME] flg=0x10000000 cmp=com.dsn.andy.bgmlauncher/.MainActivity} from pid 0
W/BroadcastQueue(  455): Skipping deliver [background] BroadcastRecord{41e61ce0 u-1 android.net.wifi.RSSI_CHANGED} to ReceiverList{41f14588 3027 com.dsn.andy.bgmlauncher/10026/u0 remote:41acd380}: process crashing
I/WindowState(  455): WIN DEATH: Window{41f27ba0 u0 com.dsn.andy.bgmlauncher/com.dsn.andy.bgmlauncher.MainActivity}
E/WifiService(  455): Multicaster binderDied
I/ActivityManager(  455): Process com.dsn.andy.bgmlauncher (pid 3027) has died.
I/ActivityManager(  455): Start proc com.dsn.andy.bgmlauncher for activity com.dsn.andy.bgmlauncher/.MainActivity: pid=3204 uid=10026 gids={50026, 3002, 3001, 3003, 1028, 1015}
W/InputMethodManagerService(  455): Got RemoteException sending setActive(false) notification to pid 3027 uid 10026
W/WindowManager(  455): Rebuild removed 2 windows but added 1
W/WindowManager(  455): java.lang.RuntimeException: here
W/WindowManager(  455):         at com.android.server.wm.WindowManagerService.rebuildAppWindowListLocked(WindowManagerService.java:8064)
W/WindowManager(  455):         at com.android.server.wm.WindowManagerService.rebuildAppWindowListLocked(WindowManagerService.java:8000)
W/WindowManager(  455):         at com.android.server.wm.WindowManagerService.handleAnimatingStoppedAndTransitionLocked(WindowManagerService.java:8744)
W/WindowManager(  455):         at com.android.server.wm.WindowManagerService.performLayoutAndPlaceSurfacesLockedInner(WindowManagerService.java:9258)
W/WindowManager(  455):         at com.android.server.wm.WindowManagerService.performLayoutAndPlaceSurfacesLockedLoop(WindowManagerService.java:8216)
W/WindowManager(  455):         at com.android.server.wm.WindowManagerService.performLayoutAndPlaceSurfacesLocked(WindowManagerService.java:8158)
W/WindowManager(  455):         at com.android.server.wm.WindowManagerService.access$300(WindowManagerService.java:158)
W/WindowManager(  455):         at com.android.server.wm.WindowManagerService$H.handleMessage(WindowManagerService.java:7188)
W/WindowManager(  455):         at android.os.Handler.dispatchMessage(Handler.java:102)
W/WindowManager(  455):         at android.os.Looper.loop(Looper.java:136)
W/WindowManager(  455):         at android.os.HandlerThread.run(HandlerThread.java:61)
W/WindowManager(  455): This window was lost: Window{41f27ba0 u0 com.dsn.andy.bgmlauncher/com.dsn.andy.bgmlauncher.MainActivity}
W/WindowManager(  455): mDisplayId=0 mSession=Session{41f11f10 3027:u0a10026} mClient=android.os.BinderProxy@41ab49b0
W/WindowManager(  455): mOwnerUid=10026 mShowToOwnerOnly=true package=com.dsn.andy.bgmlauncher appop=NONE
W/WindowManager(  455): mAttrs=WM.LayoutParams{(0,0)(fillxfill) sim=#110 ty=1 fl=#1810500 pfl=0x8 wanim=0x1030000}
W/WindowManager(  455): Requested w=1024 h=552 mLayoutSeq=165
W/WindowManager(  455): mBaseLayer=21000 mSubLayer=0 mAnimLayer=21005+0=21005 mLastLayer=21005
W/WindowManager(  455): mToken=AppWindowToken{41bbbd20 token=Token{41a02ad8 ActivityRecord{41f1ae88 u0 com.dsn.andy.bgmlauncher/.MainActivity t6}}}
W/WindowManager(  455): mRootToken=AppWindowToken{41bbbd20 token=Token{41a02ad8 ActivityRecord{41f1ae88 u0 com.dsn.andy.bgmlauncher/.MainActivity t6}}}
W/WindowManager(  455): mAppToken=AppWindowToken{41bbbd20 token=Token{41a02ad8 ActivityRecord{41f1ae88 u0 com.dsn.andy.bgmlauncher/.MainActivity t6}}}
W/WindowManager(  455): mViewVisibility=0x0 mHaveFrame=true mObscured=true
W/WindowManager(  455): mSeq=0 mSystemUiVisibility=0x0
W/WindowManager(  455): mGivenContentInsets=[0,0][0,0] mGivenVisibleInsets=[0,0][0,0]
W/WindowManager(  455): mConfiguration={1.15 ?mcc?mnc zh_CN ldltr sw600dp w1024dp h512dp 160dpi lrg land finger -keyb/v/h -nav/h s.7}
W/WindowManager(  455): mHasSurface=true mShownFrame=[0.0,0.0][1024.0,552.0] isReadyForDisplay()=false
W/WindowManager(  455): mFrame=[0,0][1024,552] last=[0,0][1024,552]
W/WindowManager(  455): mSystemDecorRect=[0,0][1024,552] last=[0,0][1024,552]
W/WindowManager(  455): Frames: containing=[0,0][1024,552] parent=[0,0][1024,552]
W/WindowManager(  455):     display=[0,0][1024,552] overscan=[0,0][1024,600]
W/WindowManager(  455):     content=[0,0][1024,552] visible=[0,0][1024,552]
W/WindowManager(  455):     decor=[0,0][1024,552]
W/WindowManager(  455): Cur insets: overscan=[0,0][0,0] content=[0,0][0,0] visible=[0,0][0,0]
W/WindowManager(  455): Lst insets: overscan=[0,0][0,0] content=[0,0][0,0] visible=[0,0][0,0]
W/WindowManager(  455): WindowStateAnimator{41c39dc0 com.dsn.andy.bgmlauncher/com.dsn.andy.bgmlauncher.MainActivity}:
W/WindowManager(  455):   mSurface=Surface(name=com.dsn.andy.bgmlauncher/com.dsn.andy.bgmlauncher.MainActivity)
W/WindowManager(  455):   mDrawState=HAS_DRAWN mLastHidden=true
W/WindowManager(  455):   Surface: shown=false layer=21005 alpha=1.0 rect=(0.0,0.0) 1024.0 x 552.0
W/WindowManager(  455):   mGlobalScale=1.0 mDsDx=1.0 mDtDx=0.0 mDsDy=0.0 mDtDy=1.0
W/WindowManager(  455): mExiting=false mRemoveOnExit=false mDestroying=true mRemoved=false
W/WindowManager(  455): Current app token list:
V/WindowManager(  455):   Display 0
V/WindowManager(  455):   #0: Token{41f21808 ActivityRecord{41f216a8 u0 com.dsn.andy.bgmlauncher/.MainActivity t7}}
W/WindowManager(  455): Final window list:
V/WindowManager(  455):   #0: Window{41c239d0 u0 SearchPanel}
V/WindowManager(  455):   #1: Window{41b6e240 u0 NavigationBar}
V/WindowManager(  455):   #2: Window{41c44e00 u0 StatusBar}
V/WindowManager(  455):   #3: Window{41be4e48 u0 KeyguardScrim}
V/WindowManager(  455):   #4: Window{41e17e18 u0 com.dsn.andy.bgmlauncher/com.dsn.andy.bgmlauncher.MainActivity}
V/WindowManager(  455):   #5: Window{41bddfe0 u0 com.android.systemui.ImageWallpaper}
E/ActivityThread(  912): Failed to find provider info for com.qihoo360.apm.apmdatamanager.ApmDataProvider
E/ActivityThread(  912): Failed to find provider info for com.qihoo360.apm.apmdatamanager.ApmDataProvider
E/ActivityThread(  912): Failed to find provider info for com.qihoo360.apm.apmdatamanager.ApmDataProvider
E/AndroidRuntime( 3204): FATAL EXCEPTION: main
E/AndroidRuntime( 3204): Process: com.dsn.andy.bgmlauncher, PID: 3204
E/AndroidRuntime( 3204): java.lang.UnsatisfiedLinkError: Couldn't load net from loader dalvik.system.PathClassLoader[DexPathList[[zip file "/data/app/com.dsn.andy.bgmlauncher-2.apk"],nativeLibraryDirectories=[/data/app-lib/com.dsn.andy.bgmlauncher-2, /vendor/lib, /system/lib]]]: findLibrary returned null
E/AndroidRuntime( 3204):        at java.lang.Runtime.loadLibrary(Runtime.java:358)
E/AndroidRuntime( 3204):        at java.lang.System.loadLibrary(System.java:526)
E/AndroidRuntime( 3204):        at com.andy.net.socket.SocketNativeTool.<clinit>(SocketNativeTool.java:27)
E/AndroidRuntime( 3204):        at com.andy.net.socket.ServerSocketManager.initServer(ServerSocketManager.java:34)
E/AndroidRuntime( 3204):        at com.dsn.andy.bgmlauncher.MainActivity.initSocketServer(MainActivity.java:180)
E/AndroidRuntime( 3204):        at com.dsn.andy.bgmlauncher.MainActivity.access$000(MainActivity.java:71)
E/AndroidRuntime( 3204):        at com.dsn.andy.bgmlauncher.MainActivity$5.run(MainActivity.java:283)
E/AndroidRuntime( 3204):        at android.os.Handler.handleCallback(Handler.java:733)
E/AndroidRuntime( 3204):        at android.os.Handler.dispatchMessage(Handler.java:95)
E/AndroidRuntime( 3204):        at android.os.Looper.loop(Looper.java:136)
E/AndroidRuntime( 3204):        at android.app.ActivityThread.main(ActivityThread.java:5017)
E/AndroidRuntime( 3204):        at java.lang.reflect.Method.invokeNative(Native Method)
E/AndroidRuntime( 3204):        at java.lang.reflect.Method.invoke(Method.java:515)
E/AndroidRuntime( 3204):        at com.android.internal.os.ZygoteInit$MethodAndArgsCaller.run(ZygoteInit.java:779)
E/AndroidRuntime( 3204):        at com.android.internal.os.ZygoteInit.main(ZygoteInit.java:595)
E/AndroidRuntime( 3204):        at dalvik.system.NativeStart.main(Native Method)
W/ActivityManager(  455):   Force finishing activity com.dsn.andy.bgmlauncher/.MainActivity
W/BroadcastQueue(  455): Skipping deliver [background] BroadcastRecord{41fddb80 u-1 android.net.wifi.RSSI_CHANGED} to ReceiverList{41e16c28 3204 com.dsn.andy.bgmlauncher/10026/u0 remote:41e16980}: process crashing
W/ActivityManager(  455): Activity pause timeout for ActivityRecord{41f216a8 u0 com.dsn.andy.bgmlauncher/.MainActivity t7 f}
I/ActivityManager(  455): START u0 {act=android.intent.action.MAIN cat=[android.intent.category.HOME] flg=0x10000000 cmp=com.dsn.andy.bgmlauncher/.MainActivity} from pid 0
W/ContextImpl(  455): Calling a method in the system process without a qualified user: android.app.ContextImpl.sendBroadcast:1123 android.content.ContextWrapper.sendBroadcast:365 android.view.ViewGroup.sendTouchBroadCast:1833 android.view.ViewGroup.dispatchTouchEvent:1881 com.android.internal.policy.impl.PhoneWindow$DecorView.superDispatchTouchEvent:2084
I/ActivityManager(  455): Process com.dsn.andy.bgmlauncher (pid 3204) has died.
E/WifiService(  455): Multicaster binderDied
I/WindowState(  455): WIN DEATH: Window{41e17e18 u0 com.dsn.andy.bgmlauncher/com.dsn.andy.bgmlauncher.MainActivity}
I/ActivityManager(  455): Start proc com.dsn.andy.bgmlauncher for activity com.dsn.andy.bgmlauncher/.MainActivity: pid=3300 uid=10026 gids={50026, 3002, 3001, 3003, 1028, 1015}
W/InputMethodManagerService(  455): Got RemoteException sending setActive(false) notification to pid 3204 uid 10026
W/WindowManager(  455): Rebuild removed 2 windows but added 1
W/WindowManager(  455): java.lang.RuntimeException: here
W/WindowManager(  455):         at com.android.server.wm.WindowManagerService.rebuildAppWindowListLocked(WindowManagerService.java:8064)
W/WindowManager(  455):         at com.android.server.wm.WindowManagerService.rebuildAppWindowListLocked(WindowManagerService.java:8000)
W/WindowManager(  455):         at com.android.server.wm.WindowManagerService.handleAnimatingStoppedAndTransitionLocked(WindowManagerService.java:8744)
W/WindowManager(  455):         at com.android.server.wm.WindowManagerService.performLayoutAndPlaceSurfacesLockedInner(WindowManagerService.java:9258)
W/WindowManager(  455):         at com.android.server.wm.WindowManagerService.performLayoutAndPlaceSurfacesLockedLoop(WindowManagerService.java:8216)
W/WindowManager(  455):         at com.android.server.wm.WindowManagerService.performLayoutAndPlaceSurfacesLocked(WindowManagerService.java:8158)
W/WindowManager(  455):         at com.android.server.wm.WindowManagerService.access$300(WindowManagerService.java:158)
W/WindowManager(  455):         at com.android.server.wm.WindowManagerService$H.handleMessage(WindowManagerService.java:7188)
W/WindowManager(  455):         at android.os.Handler.dispatchMessage(Handler.java:102)
W/WindowManager(  455):         at android.os.Looper.loop(Looper.java:136)
W/WindowManager(  455):         at android.os.HandlerThread.run(HandlerThread.java:61)
W/WindowManager(  455): This window was lost: Window{41e17e18 u0 com.dsn.andy.bgmlauncher/com.dsn.andy.bgmlauncher.MainActivity}
W/WindowManager(  455): mDisplayId=0 mSession=Session{41e179e8 3204:u0a10026} mClient=android.os.BinderProxy@41e17bd8
W/WindowManager(  455): mOwnerUid=10026 mShowToOwnerOnly=true package=com.dsn.andy.bgmlauncher appop=NONE
W/WindowManager(  455): mAttrs=WM.LayoutParams{(0,0)(fillxfill) sim=#110 ty=1 fl=#1810500 pfl=0x8 wanim=0x1030000}
W/WindowManager(  455): Requested w=1024 h=552 mLayoutSeq=178
W/WindowManager(  455): mBaseLayer=21000 mSubLayer=0 mAnimLayer=21005+0=21005 mLastLayer=21005
W/WindowManager(  455): mToken=AppWindowToken{41f21a88 token=Token{41f21808 ActivityRecord{41f216a8 u0 com.dsn.andy.bgmlauncher/.MainActivity t7}}}
W/WindowManager(  455): mRootToken=AppWindowToken{41f21a88 token=Token{41f21808 ActivityRecord{41f216a8 u0 com.dsn.andy.bgmlauncher/.MainActivity t7}}}
W/WindowManager(  455): mAppToken=AppWindowToken{41f21a88 token=Token{41f21808 ActivityRecord{41f216a8 u0 com.dsn.andy.bgmlauncher/.MainActivity t7}}}
W/WindowManager(  455): mViewVisibility=0x0 mHaveFrame=true mObscured=true
W/WindowManager(  455): mSeq=0 mSystemUiVisibility=0x0
W/WindowManager(  455): mGivenContentInsets=[0,0][0,0] mGivenVisibleInsets=[0,0][0,0]
W/WindowManager(  455): mConfiguration={1.15 ?mcc?mnc zh_CN ldltr sw600dp w1024dp h512dp 160dpi lrg land finger -keyb/v/h -nav/h s.7}
W/WindowManager(  455): mHasSurface=true mShownFrame=[0.0,0.0][1024.0,552.0] isReadyForDisplay()=false
W/WindowManager(  455): mFrame=[0,0][1024,552] last=[0,0][1024,552]
W/WindowManager(  455): mSystemDecorRect=[0,0][1024,552] last=[0,0][1024,552]
W/WindowManager(  455): Frames: containing=[0,0][1024,552] parent=[0,0][1024,552]
W/WindowManager(  455):     display=[0,0][1024,552] overscan=[0,0][1024,600]
W/WindowManager(  455):     content=[0,0][1024,552] visible=[0,0][1024,552]
W/WindowManager(  455):     decor=[0,0][1024,552]
W/WindowManager(  455): Cur insets: overscan=[0,0][0,0] content=[0,0][0,0] visible=[0,0][0,0]
W/WindowManager(  455): Lst insets: overscan=[0,0][0,0] content=[0,0][0,0] visible=[0,0][0,0]
W/WindowManager(  455): WindowStateAnimator{41e183d8 com.dsn.andy.bgmlauncher/com.dsn.andy.bgmlauncher.MainActivity}:
W/WindowManager(  455):   mSurface=Surface(name=com.dsn.andy.bgmlauncher/com.dsn.andy.bgmlauncher.MainActivity)
W/WindowManager(  455):   mDrawState=HAS_DRAWN mLastHidden=true
W/WindowManager(  455):   Surface: shown=false layer=21005 alpha=1.0 rect=(0.0,0.0) 1024.0 x 552.0
W/WindowManager(  455):   mGlobalScale=1.0 mDsDx=1.0 mDtDx=0.0 mDsDy=0.0 mDtDy=1.0
W/WindowManager(  455): mExiting=false mRemoveOnExit=false mDestroying=true mRemoved=false
W/WindowManager(  455): Current app token list:
V/WindowManager(  455):   Display 0
V/WindowManager(  455):   #0: Token{41b56490 ActivityRecord{41fdeda0 u0 com.dsn.andy.bgmlauncher/.MainActivity t8}}
W/WindowManager(  455): Final window list:
V/WindowManager(  455):   #0: Window{41c239d0 u0 SearchPanel}
V/WindowManager(  455):   #1: Window{41b6e240 u0 NavigationBar}
V/WindowManager(  455):   #2: Window{41c44e00 u0 StatusBar}
V/WindowManager(  455):   #3: Window{41be4e48 u0 KeyguardScrim}
V/WindowManager(  455):   #4: Window{41ff48d8 u0 com.dsn.andy.bgmlauncher/com.dsn.andy.bgmlauncher.MainActivity}
V/WindowManager(  455):   #5: Window{41bddfe0 u0 com.android.systemui.ImageWallpaper}
I/ActivityManager(  455): START u0 {cmp=com.dsn.andy.bgmlauncher/.AppsActivity} from pid 3300
E/ActivityThread(  912): Failed to find provider info for com.qihoo360.apm.apmdatamanager.ApmDataProvider
E/ActivityThread(  912): Failed to find provider info for com.qihoo360.apm.apmdatamanager.ApmDataProvider
E/ActivityThread(  912): Failed to find provider info for com.qihoo360.apm.apmdatamanager.ApmDataProvider
E/AndroidRuntime( 3300): FATAL EXCEPTION: main
E/AndroidRuntime( 3300): Process: com.dsn.andy.bgmlauncher, PID: 3300
E/AndroidRuntime( 3300): java.lang.UnsatisfiedLinkError: Couldn't load net from loader dalvik.system.PathClassLoader[DexPathList[[zip file "/data/app/com.dsn.andy.bgmlauncher-2.apk"],nativeLibraryDirectories=[/data/app-lib/com.dsn.andy.bgmlauncher-2, /vendor/lib, /system/lib]]]: findLibrary returned null
E/AndroidRuntime( 3300):        at java.lang.Runtime.loadLibrary(Runtime.java:358)
E/AndroidRuntime( 3300):        at java.lang.System.loadLibrary(System.java:526)
E/AndroidRuntime( 3300):        at com.andy.net.socket.SocketNativeTool.<clinit>(SocketNativeTool.java:27)
E/AndroidRuntime( 3300):        at com.andy.net.socket.ServerSocketManager.initServer(ServerSocketManager.java:34)
E/AndroidRuntime( 3300):        at com.dsn.andy.bgmlauncher.MainActivity.initSocketServer(MainActivity.java:180)
E/AndroidRuntime( 3300):        at com.dsn.andy.bgmlauncher.MainActivity.access$000(MainActivity.java:71)
E/AndroidRuntime( 3300):        at com.dsn.andy.bgmlauncher.MainActivity$5.run(MainActivity.java:283)
E/AndroidRuntime( 3300):        at android.os.Handler.handleCallback(Handler.java:733)
E/AndroidRuntime( 3300):        at android.os.Handler.dispatchMessage(Handler.java:95)
E/AndroidRuntime( 3300):        at android.os.Looper.loop(Looper.java:136)
E/AndroidRuntime( 3300):        at android.app.ActivityThread.main(ActivityThread.java:5017)
E/AndroidRuntime( 3300):        at java.lang.reflect.Method.invokeNative(Native Method)
E/AndroidRuntime( 3300):        at java.lang.reflect.Method.invoke(Method.java:515)
E/AndroidRuntime( 3300):        at com.android.internal.os.ZygoteInit$MethodAndArgsCaller.run(ZygoteInit.java:779)
E/AndroidRuntime( 3300):        at com.android.internal.os.ZygoteInit.main(ZygoteInit.java:595)
E/AndroidRuntime( 3300):        at dalvik.system.NativeStart.main(Native Method)
W/ActivityManager(  455):   Force finishing activity com.dsn.andy.bgmlauncher/.AppsActivity
W/BroadcastQueue(  455): Skipping deliver [background] BroadcastRecord{419837c0 u-1 android.net.wifi.RSSI_CHANGED} to ReceiverList{41ff2c10 3300 com.dsn.andy.bgmlauncher/10026/u0 remote:41ff2878}: process crashing
W/ActivityManager(  455): Activity pause timeout for ActivityRecord{418ad980 u0 com.dsn.andy.bgmlauncher/.AppsActivity t8 f}
D/BatteryService(  455): wanglei --> mBatteryProps.batteryTemperature = 300
D/PowerManagerService(  455): mHoldBootFastWakeLock = true
I/ActivityManager(  455): Process com.dsn.andy.bgmlauncher (pid 3300) has died.
E/WifiService(  455): Multicaster binderDied
I/WindowState(  455): WIN DEATH: Window{41ff48d8 u0 com.dsn.andy.bgmlauncher/com.dsn.andy.bgmlauncher.MainActivity}
I/WindowState(  455): WIN DEATH: Window{418cdc08 u0 com.dsn.andy.bgmlauncher/com.dsn.andy.bgmlauncher.AppsActivity}
I/ActivityManager(  455): Start proc com.dsn.andy.bgmlauncher for activity com.dsn.andy.bgmlauncher/.MainActivity: pid=3404 uid=10026 gids={50026, 3002, 3001, 3003, 1028, 1015}
W/InputMethodManagerService(  455): Got RemoteException sending setActive(false) notification to pid 3300 uid 10026
E/ActivityThread(  912): Failed to find provider info for com.qihoo360.apm.apmdatamanager.ApmDataProvider
E/ActivityThread(  912): Failed to find provider info for com.qihoo360.apm.apmdatamanager.ApmDataProvider
E/ActivityThread(  912): Failed to find provider info for com.qihoo360.apm.apmdatamanager.ApmDataProvider
I/ActivityManager(  455): START u0 {cmp=com.dsn.andy.bgmlauncher/.AppsActivity} from pid 3404
E/AndroidRuntime( 3404): FATAL EXCEPTION: main
E/AndroidRuntime( 3404): Process: com.dsn.andy.bgmlauncher, PID: 3404
E/AndroidRuntime( 3404): java.lang.UnsatisfiedLinkError: Couldn't load net from loader dalvik.system.PathClassLoader[DexPathList[[zip file "/data/app/com.dsn.andy.bgmlauncher-2.apk"],nativeLibraryDirectories=[/data/app-lib/com.dsn.andy.bgmlauncher-2, /vendor/lib, /system/lib]]]: findLibrary returned null
E/AndroidRuntime( 3404):        at java.lang.Runtime.loadLibrary(Runtime.java:358)
E/AndroidRuntime( 3404):        at java.lang.System.loadLibrary(System.java:526)
E/AndroidRuntime( 3404):        at com.andy.net.socket.SocketNativeTool.<clinit>(SocketNativeTool.java:27)
E/AndroidRuntime( 3404):        at com.andy.net.socket.ServerSocketManager.initServer(ServerSocketManager.java:34)
E/AndroidRuntime( 3404):        at com.dsn.andy.bgmlauncher.MainActivity.initSocketServer(MainActivity.java:180)
E/AndroidRuntime( 3404):        at com.dsn.andy.bgmlauncher.MainActivity.access$000(MainActivity.java:71)
E/AndroidRuntime( 3404):        at com.dsn.andy.bgmlauncher.MainActivity$5.run(MainActivity.java:283)
E/AndroidRuntime( 3404):        at android.os.Handler.handleCallback(Handler.java:733)
E/AndroidRuntime( 3404):        at android.os.Handler.dispatchMessage(Handler.java:95)
E/AndroidRuntime( 3404):        at android.os.Looper.loop(Looper.java:136)
E/AndroidRuntime( 3404):        at android.app.ActivityThread.main(ActivityThread.java:5017)
E/AndroidRuntime( 3404):        at java.lang.reflect.Method.invokeNative(Native Method)
E/AndroidRuntime( 3404):        at java.lang.reflect.Method.invoke(Method.java:515)
E/AndroidRuntime( 3404):        at com.android.internal.os.ZygoteInit$MethodAndArgsCaller.run(ZygoteInit.java:779)
E/AndroidRuntime( 3404):        at com.android.internal.os.ZygoteInit.main(ZygoteInit.java:595)
E/AndroidRuntime( 3404):        at dalvik.system.NativeStart.main(Native Method)
W/ActivityManager(  455):   Force finishing activity com.dsn.andy.bgmlauncher/.AppsActivity
W/ActivityManager(  455): Activity pause timeout for ActivityRecord{41eef688 u0 com.dsn.andy.bgmlauncher/.AppsActivity t8 f}
I/ActivityManager(  455): Start proc com.android.inputmethod.latin for broadcast com.android.inputmethod.latin/com.android.inputmethod.dictionarypack.EventHandler: pid=3483 uid=10019 gids={50019, 1028, 1015}
I/ActivityManager(  455): Killing 677:com.android.externalstorage/u0a4 (adj 15): empty #17
