D/jdwp    ( 6406): Got wake-up signal, bailing out of select
D/dalvikvm( 6406): Debugger has detached; object registry had 1 entries
W/MountService(  455): getVolumeState(/mnt/sdcard/external_sd): Unknown volume
W/MountService(  455): getVolumeState(/mnt/sdcard-ext): Unknown volume
W/MountService(  455): getVolumeState(/mnt/ext_sdcard): Unknown volume
W/MountService(  455): getVolumeState(/mnt/sdcard2): Unknown volume
W/MountService(  455): getVolumeState(/mnt/emmc): Unknown volume
W/MountService(  455): getVolumeState(/mnt/extSdCard): Unknown volume
W/MountService(  455): getVolumeState(/mnt/sdcard/SD_CARD): Unknown volume
W/MountService(  455): getVolumeState(/mnt/sdcard/extra_sd): Unknown volume
W/MountService(  455): getVolumeState(/mnt/extrasd_bind): Unknown volume
W/MountService(  455): getVolumeState(/mnt/sdcard/ext_sd): Unknown volume
W/MountService(  455): getVolumeState(/storage/extSdCard): Unknown volume
W/MountService(  455): getVolumeState(/storage/sdcard1): Unknown volume
W/MountService(  455): getVolumeState(/mnt/sdcard/external_SD): Unknown volume
W/MountService(  455): getVolumeState(/mnt/sdcard/external_sd): Unknown volume
D/dalvikvm(  912): GC_FOR_ALLOC freed 2120K, 59% free 9108K/22056K, paused 42ms, total 42ms
D/BatteryService(  455): wanglei --> mBatteryProps.batteryTemperature = 300
D/PowerManagerService(  455): mHoldBootFastWakeLock = true
E/sleeptime( 2321): gotoSleep()
D/Mainservice( 2321): kw音乐休眠还在更新中
D/dalvikvm( 2451): GC_FOR_ALLOC freed 5620K, 23% free 19775K/25588K, paused 56ms, total 56ms
W/MountService(  455): getVolumeState(/mnt/sdcard/external_sd): Unknown volume
W/MountService(  455): getVolumeState(/mnt/sdcard-ext): Unknown volume
W/MountService(  455): getVolumeState(/mnt/ext_sdcard): Unknown volume
W/MountService(  455): getVolumeState(/mnt/sdcard2): Unknown volume
W/MountService(  455): getVolumeState(/mnt/emmc): Unknown volume
W/MountService(  455): getVolumeState(/mnt/extSdCard): Unknown volume
W/MountService(  455): getVolumeState(/mnt/sdcard/SD_CARD): Unknown volume
W/MountService(  455): getVolumeState(/mnt/sdcard/extra_sd): Unknown volume
W/MountService(  455): getVolumeState(/mnt/extrasd_bind): Unknown volume
W/MountService(  455): getVolumeState(/mnt/sdcard/ext_sd): Unknown volume
W/MountService(  455): getVolumeState(/storage/extSdCard): Unknown volume
W/MountService(  455): getVolumeState(/storage/sdcard1): Unknown volume
W/MountService(  455): getVolumeState(/mnt/sdcard/external_SD): Unknown volume
W/MountService(  455): getVolumeState(/mnt/sdcard/external_sd): Unknown volume
D/AndroidRuntime( 6483):
D/AndroidRuntime( 6483): >>>>>> AndroidRuntime START com.android.internal.os.RuntimeInit <<<<<<
D/AndroidRuntime( 6483): CheckJNI is OFF
D/dalvikvm( 6483): Trying to load lib libjavacore.so 0x0
D/dalvikvm( 6483): Added shared lib libjavacore.so 0x0
D/dalvikvm( 6483): Trying to load lib libnativehelper.so 0x0
D/dalvikvm( 6483): Added shared lib libnativehelper.so 0x0
D/dalvikvm( 6483): No JNI_OnLoad found in libnativehelper.so 0x0, skipping init
E/memtrack( 6483): Couldn't load memtrack module (No such file or directory)
E/android.os.Debug( 6483): failed to load memtrack module: -2
D/AndroidRuntime( 6483): Calling main entry com.android.commands.pm.Pm
D/AndroidRuntime( 6483): Shutting down VM
D/jdwp    ( 6483): Got wake-up signal, bailing out of select
D/dalvikvm( 6483): Debugger has detached; object registry had 1 entries
D/dalvikvm( 6483): Compiler shutdown in progress - discarding request
D/dalvikvm( 6483): Compiler shutdown in progress - discarding request
E/ActivityThread(  912): Failed to find provider info for sms
E/ActivityThread(  912): Failed to find provider info for mms
W/MountService(  455): getVolumeState(/mnt/sdcard/external_sd): Unknown volume
W/MountService(  455): getVolumeState(/mnt/sdcard-ext): Unknown volume
W/MountService(  455): getVolumeState(/mnt/ext_sdcard): Unknown volume
W/MountService(  455): getVolumeState(/mnt/sdcard2): Unknown volume
W/MountService(  455): getVolumeState(/mnt/emmc): Unknown volume
W/MountService(  455): getVolumeState(/mnt/extSdCard): Unknown volume
W/MountService(  455): getVolumeState(/mnt/sdcard/SD_CARD): Unknown volume
W/MountService(  455): getVolumeState(/mnt/sdcard/extra_sd): Unknown volume
W/MountService(  455): getVolumeState(/mnt/extrasd_bind): Unknown volume
W/MountService(  455): getVolumeState(/mnt/sdcard/ext_sd): Unknown volume
W/MountService(  455): getVolumeState(/storage/extSdCard): Unknown volume
W/MountService(  455): getVolumeState(/storage/sdcard1): Unknown volume
W/MountService(  455): getVolumeState(/mnt/sdcard/external_SD): Unknown volume
W/MountService(  455): getVolumeState(/mnt/sdcard/external_sd): Unknown volume
D/BatteryService(  455): wanglei --> mBatteryProps.batteryTemperature = 300
D/dalvikvm(  912): GC_FOR_ALLOC freed 2154K, 60% free 9036K/22056K, paused 53ms, total 53ms
D/AndroidRuntime( 6534):
D/AndroidRuntime( 6534): >>>>>> AndroidRuntime START com.android.internal.os.RuntimeInit <<<<<<
D/AndroidRuntime( 6534): CheckJNI is OFF
D/dalvikvm( 6534): Trying to load lib libjavacore.so 0x0
D/dalvikvm( 6534): Added shared lib libjavacore.so 0x0
D/dalvikvm( 6534): Trying to load lib libnativehelper.so 0x0
D/dalvikvm( 6534): Added shared lib libnativehelper.so 0x0
D/dalvikvm( 6534): No JNI_OnLoad found in libnativehelper.so 0x0, skipping init
E/memtrack( 6534): Couldn't load memtrack module (No such file or directory)
E/android.os.Debug( 6534): failed to load memtrack module: -2
D/AndroidRuntime( 6534): Calling main entry com.android.commands.pm.Pm
W/ActivityManager(  455): No content provider found for permission revoke: file:///data/local/tmp/app-release.apk
W/ActivityManager(  455): No content provider found for permission revoke: file:///data/local/tmp/app-release.apk
I/PackageManager(  455): Copying native libraries to /data/app-lib/vmdl-544012890
D/PackageManager(  455): processPendingInstall now is installing
W/PackageParser(  455): Unknown element under <manifest>: meta-data at /data/app/vmdl-544012890.tmp Binary XML file line #35
D/dalvikvm(  455): GC_FOR_ALLOC freed 1601K, 23% free 10790K/14004K, paused 71ms, total 71ms
D/dalvikvm(  455): GC_FOR_ALLOC freed 1322K, 18% free 11511K/14004K, paused 81ms, total 81ms
D/dalvikvm(  455): GC_FOR_ALLOC freed 1665K, 18% free 11544K/14004K, paused 75ms, total 76ms
D/dalvikvm(  455): GC_FOR_ALLOC freed 1683K, 18% free 11550K/14004K, paused 74ms, total 74ms
D/dalvikvm(  455): GC_FOR_ALLOC freed 1683K, 18% free 11565K/14004K, paused 73ms, total 74ms
D/dalvikvm(  455): GC_FOR_ALLOC freed 1679K, 18% free 11570K/14004K, paused 76ms, total 76ms
D/dalvikvm(  455): GC_FOR_ALLOC freed 1669K, 18% free 11586K/14004K, paused 75ms, total 75ms
D/dalvikvm(  455): GC_FOR_ALLOC freed 1673K, 18% free 11605K/14004K, paused 76ms, total 76ms
I/ActivityManager(  455): Force stopping com.dsn.andy.bgmlauncher appid=10026 user=-1: replace sys pkg
I/ActivityManager(  455): Killing 6133:com.dsn.andy.bgmlauncher/u0a26 (adj 0): stop com.dsn.andy.bgmlauncher
W/ActivityManager(  455): Force removing ActivityRecord{41dc59a8 u0 com.dsn.andy.bgmlauncher/.MainActivity t18}: app died, no saved state
I/ActivityManager(  455):   Force stopping service ServiceRecord{41eda0f8 u0 com.dsn.andy.bgmlauncher/com.geniusgithub.mediarender.service.MediaRenderService}
I/ActivityManager(  455):   Force stopping service ServiceRecord{41ef8ad8 u0 com.dsn.andy.bgmlauncher/.home.MyService}
I/ActivityManager(  455):   Force stopping service ServiceRecord{41ee2020 u0 com.dsn.andy.bgmlauncher/.UpdateService}
W/PackageManager(  455): Trying to update system app code path from /data/app/com.dsn.andy.bgmlauncher-1.apk to /data/app/com.dsn.andy.bgmlauncher-2.apk
W/InputDispatcher(  455): channel '41e31358 com.dsn.andy.bgmlauncher/com.dsn.andy.bgmlauncher.MainActivity (server)' ~ Consumer closed input channel or an error occurred.  events=0x9
E/InputDispatcher(  455): channel '41e31358 com.dsn.andy.bgmlauncher/com.dsn.andy.bgmlauncher.MainActivity (server)' ~ Channel is unrecoverably broken and will be disposed!
W/InputDispatcher(  455): Attempted to unregister already unregistered input channel '41e31358 com.dsn.andy.bgmlauncher/com.dsn.andy.bgmlauncher.MainActivity (server)'
E/WifiService(  455): Multicaster binderDied
I/WindowState(  455): WIN DEATH: Window{41e31358 u0 com.dsn.andy.bgmlauncher/com.dsn.andy.bgmlauncher.MainActivity}
I/PackageManager(  455): Running dexopt on: com.dsn.andy.bgmlauncher
W/PackageManager(  455): Code path for pkg : com.dsn.andy.bgmlauncher changing from /data/app/com.dsn.andy.bgmlauncher-1.apk to /data/app/com.dsn.andy.bgmlauncher-2.apk
I/ActivityManager(  455): Force stopping com.dsn.andy.bgmlauncher appid=10026 user=-1: update pkg
W/PackageManager(  455): Resource path for pkg : com.dsn.andy.bgmlauncher changing from /data/app/com.dsn.andy.bgmlauncher-1.apk to /data/app/com.dsn.andy.bgmlauncher-2.apk
I/ActivityManager(  455): START u0 {act=android.intent.action.MAIN cat=[android.intent.category.HOME] flg=0x10000000 cmp=com.dsn.andy.bgmlauncher/.MainActivity} from pid 0
W/PackageManager(  455): Not granting permission android.permission.MOUNT_UNMOUNT_FILESYSTEMS to package com.dsn.andy.bgmlauncher (protectionLevel=18 flags=0x48bec5)
W/PackageManager(  455): Not granting permission app.custom.permission to package com.dsn.andy.bgmlauncher (protectionLevel=2 flags=0x48bec5)
D/Jeq     (  455): package name =  com.dsn.andy.bgmlauncher
I/ActivityManager(  455): Start proc com.dsn.andy.bgmlauncher for activity com.dsn.andy.bgmlauncher/.MainActivity: pid=6552 uid=10026 gids={50026, 3002, 3001, 3003, 1028, 1015}
I/ActivityManager(  455): Force stopping com.dsn.andy.bgmlauncher appid=10026 user=0: pkg removed
I/ActivityManager(  455): Killing 6552:com.dsn.andy.bgmlauncher/u0a26 (adj -100): stop com.dsn.andy.bgmlauncher
I/ActivityManager(  455):   Force finishing activity ActivityRecord{41f01408 u0 com.dsn.andy.bgmlauncher/.MainActivity t20}
I/ActivityManager(  455): START u0 {act=android.intent.action.MAIN cat=[android.intent.category.HOME] flg=0x10000000 cmp=com.dsn.andy.bgmlauncher/.MainActivity} from pid 0
D/Jeq     (  455): package name =  com.dsn.andy.bgmlauncher
I/ActivityManager(  455): Start proc com.dsn.andy.bgmlauncher for activity com.dsn.andy.bgmlauncher/.MainActivity: pid=6559 uid=10026 gids={50026, 3002, 3001, 3003, 1028, 1015}
I/InputReader(  455): Reconfiguring input devices.  changes=0x00000010
D/BackupManagerService(  455): Received broadcast Intent { act=android.intent.action.PACKAGE_REMOVED dat=package:com.dsn.andy.bgmlauncher flg=0x4000010 (has extras) }
I/InputReader(  455): Reconfiguring input devices.  changes=0x00000010
D/dalvikvm(  912): GC_EXPLICIT freed 122K, 60% free 8981K/22056K, paused 6ms+7ms, total 78ms
W/System.err(  801): java.lang.NumberFormatException: Invalid int: "null"
W/System.err(  801):    at java.lang.Integer.invalidInt(Integer.java:137)
W/System.err(  801):    at java.lang.Integer.parseInt(Integer.java:354)
W/System.err(  801):    at java.lang.Integer.parseInt(Integer.java:331)
W/System.err(  801):    at java.lang.Integer.valueOf(Integer.java:489)
W/System.err(  801):    at com.qihoo.appstore.downloadservice.a.onPackageChanged(AppStore)
W/System.err(  801):    at com.qihoo.appstore.v.d.a(AppStore)
W/System.err(  801):    at com.qihoo.appstore.v.d.a(AppStore)
W/System.err(  801):    at com.qihoo.appstore.v.d.c(AppStore)
W/System.err(  801):    at com.qihoo.appstore.v.d.a(AppStore)
W/System.err(  801):    at com.qihoo.appstore.v.d$6.onReceive(AppStore)
W/System.err(  801):    at android.app.LoadedApk$ReceiverDispatcher$Args.run(LoadedApk.java:784)
W/System.err(  801):    at android.os.Handler.handleCallback(Handler.java:733)
W/System.err(  801):    at android.os.Handler.dispatchMessage(Handler.java:95)
W/System.err(  801):    at android.os.Looper.loop(Looper.java:136)
W/System.err(  801):    at android.app.ActivityThread.main(ActivityThread.java:5017)
W/System.err(  801):    at java.lang.reflect.Method.invokeNative(Native Method)
W/System.err(  801):    at java.lang.reflect.Method.invoke(Method.java:515)
W/System.err(  801):    at com.android.internal.os.ZygoteInit$MethodAndArgsCaller.run(ZygoteInit.java:779)
W/System.err(  801):    at com.android.internal.os.ZygoteInit.main(ZygoteInit.java:595)
W/System.err(  801):    at dalvik.system.NativeStart.main(Native Method)
W/System.err(  801): java.lang.NumberFormatException: Invalid int: "null"
D/BackupManagerService(  455): Received broadcast Intent { act=android.intent.action.PACKAGE_ADDED dat=package:com.dsn.andy.bgmlauncher flg=0x4000010 (has extras) }
V/BackupManagerService(  455): removePackageParticipantsLocked: uid=10026 #1
V/BackupManagerService(  455): addPackageParticipantsLocked: #1
W/System.err(  801):    at java.lang.Integer.invalidInt(Integer.java:137)
W/System.err(  801):    at java.lang.Integer.parseInt(Integer.java:354)
W/System.err(  801):    at java.lang.Integer.parseInt(Integer.java:331)
W/System.err(  801):    at java.lang.Integer.valueOf(Integer.java:489)
W/System.err(  801):    at com.qihoo.appstore.downloadservice.a.onPackageChanged(AppStore)
W/System.err(  801):    at com.qihoo.appstore.v.d.a(AppStore)
W/System.err(  801):    at com.qihoo.appstore.v.d.a(AppStore)
W/System.err(  801):    at com.qihoo.appstore.v.d.c(AppStore)
W/System.err(  801):    at com.qihoo.appstore.v.d.a(AppStore)
W/System.err(  801):    at com.qihoo.appstore.v.d$6.onReceive(AppStore)
W/System.err(  801):    at android.app.LoadedApk$ReceiverDispatcher$Args.run(LoadedApk.java:784)
W/System.err(  801):    at android.os.Handler.handleCallback(Handler.java:733)
W/System.err(  801):    at android.os.Handler.dispatchMessage(Handler.java:95)
W/System.err(  801):    at android.os.Looper.loop(Looper.java:136)
W/System.err(  801):    at android.app.ActivityThread.main(ActivityThread.java:5017)
W/System.err(  801):    at java.lang.reflect.Method.invokeNative(Native Method)
W/System.err(  801):    at java.lang.reflect.Method.invoke(Method.java:515)
W/System.err(  801):    at com.android.internal.os.ZygoteInit$MethodAndArgsCaller.run(ZygoteInit.java:779)
W/System.err(  801):    at com.android.internal.os.ZygoteInit.main(ZygoteInit.java:595)
W/System.err(  801):    at dalvik.system.NativeStart.main(Native Method)
E/MediaRender( 6559): [1: RenderApplication.java:29] - RenderApplication onCreate
W/ActivityManager(  455): Unable to start service Intent { act=com.az1.do1 pkg=com.az1.do1 } U=0: not found
I/InputReader(  455): Reconfiguring input devices.  changes=0x00000010
I/TDLog   ( 6559): TalkingData Analytics init# APPID:7F0D6361854462718E6EEB92BF280894, Channel:91.com, SDK Version:Android+TD+V1.2.59 Type:Android_Native_SDK
W/System.err(  801): java.lang.NumberFormatException: Invalid int: "null"
I/TDLog   ( 6559): setReportUncaughtExceptions# true
W/System.err(  801):    at java.lang.Integer.invalidInt(Integer.java:137)
W/System.err(  801):    at java.lang.Integer.parseInt(Integer.java:354)
W/System.err(  801):    at java.lang.Integer.parseInt(Integer.java:331)
W/System.err(  801):    at java.lang.Integer.valueOf(Integer.java:489)
W/System.err(  801):    at com.qihoo.appstore.downloadservice.a.onPackageChanged(AppStore)
W/System.err(  801):    at com.qihoo.appstore.v.d.a(AppStore)
W/System.err(  801):    at com.qihoo.appstore.v.d.a(AppStore)
W/System.err(  801):    at com.qihoo.appstore.v.d.b(AppStore)
W/System.err(  801):    at com.qihoo.appstore.v.d.b(AppStore)
W/System.err(  801):    at com.qihoo.appstore.v.d$6.onReceive(AppStore)
W/System.err(  801):    at android.app.LoadedApk$ReceiverDispatcher$Args.run(LoadedApk.java:784)
W/System.err(  801):    at android.os.Handler.handleCallback(Handler.java:733)
W/ContextImpl(  912): Implicit intents with startService are not safe: Intent { act=com.qihoo.appstore.PACKAGE_ADDED (has extras) } android.content.ContextWrapper.startService:494 com.qihoo.receiver.PackageReceiver.onReceive:-1 android.app.LoadedApk$ReceiverDispatcher$Args.run:784
W/System.err(  801):    at android.os.Handler.dispatchMessage(Handler.java:95)
W/System.err(  801):    at android.os.Looper.loop(Looper.java:136)
W/System.err(  801):    at android.app.ActivityThread.main(ActivityThread.java:5017)
W/System.err(  801):    at java.lang.reflect.Method.invokeNative(Native Method)
W/System.err(  801):    at java.lang.reflect.Method.invoke(Method.java:515)
W/System.err(  801):    at com.android.internal.os.ZygoteInit$MethodAndArgsCaller.run(ZygoteInit.java:779)
W/System.err(  801):    at com.android.internal.os.ZygoteInit.main(ZygoteInit.java:595)
W/System.err(  801):    at dalvik.system.NativeStart.main(Native Method)
W/System.err(  801): java.lang.NumberFormatException: Invalid int: "null"
W/System.err(  801):    at java.lang.Integer.invalidInt(Integer.java:137)
W/System.err(  801):    at java.lang.Integer.parseInt(Integer.java:354)
W/System.err(  801):    at java.lang.Integer.parseInt(Integer.java:331)
W/System.err(  801):    at java.lang.Integer.valueOf(Integer.java:489)
W/System.err(  801):    at com.qihoo.appstore.downloadservice.a.onPackageChanged(AppStore)
W/System.err(  801):    at com.qihoo.appstore.v.d.a(AppStore)
W/System.err(  801):    at com.qihoo.appstore.v.d.a(AppStore)
W/System.err(  801):    at com.qihoo.appstore.v.d.b(AppStore)
W/System.err(  801):    at com.qihoo.appstore.v.d.b(AppStore)
W/System.err(  801):    at com.qihoo.appstore.v.d$6.onReceive(AppStore)
W/System.err(  801):    at android.app.LoadedApk$ReceiverDispatcher$Args.run(LoadedApk.java:784)
W/System.err(  801):    at android.os.Handler.handleCallback(Handler.java:733)
W/System.err(  801):    at android.os.Handler.dispatchMessage(Handler.java:95)
W/System.err(  801):    at android.os.Looper.loop(Looper.java:136)
W/System.err(  801):    at android.app.ActivityThread.main(ActivityThread.java:5017)
W/System.err(  801):    at java.lang.reflect.Method.invokeNative(Native Method)
W/System.err(  801):    at java.lang.reflect.Method.invoke(Method.java:515)
W/System.err(  801):    at com.android.internal.os.ZygoteInit$MethodAndArgsCaller.run(ZygoteInit.java:779)
W/System.err(  801):    at com.android.internal.os.ZygoteInit.main(ZygoteInit.java:595)
W/System.err(  801):    at dalvik.system.NativeStart.main(Native Method)
I/TDLog   ( 6559): setReportUncaughtExceptions# true
W/ContextImpl(  912): Implicit intents with startService are not safe: Intent { act=com.qihoo.appstore.PACKAGE_ADDED (has extras) } android.content.ContextWrapper.startService:494 com.qihoo.receiver.PackageReceiver.onReceive:-1 android.app.LoadedApk$ReceiverDispatcher$Args.run:784
W/Launcher.Model( 6034): Nobody to tell about the new app.  Launcher is probably loading.
E/AppInstallReceiver(  737): packageName:com.dsn.andy.bgmlauncher
D/dalvikvm( 6559): GC_FOR_ALLOC freed 226K, 10% free 3011K/3316K, paused 17ms, total 17ms
I/dalvikvm-heap( 6559): Grow heap (frag case) to 5.337MB for 2437136-byte allocation
D/dalvikvm( 6559): GC_FOR_ALLOC freed <1K, 6% free 5391K/5700K, paused 14ms, total 14ms
W/Searchables(  455): No global search activity found
W/Searchables(  455): No global search activity found
I/System.out( 2321): 监听到系统广播移除
W/RecognitionManagerService(  455): no available voice recognition services found for user 0
E/666     ( 2321): ACTION_PACKAGE_REMOVED,packageName = com.dsn.andy.bgmlauncher
E/AppInstallReceiver(  737): packageName:com.dsn.andy.bgmlauncher
I/System.out( 2321): 监听到系统广播添加
D/dalvikvm( 6559): GC_FOR_ALLOC freed 783K, 12% free 6562K/7424K, paused 14ms, total 14ms
E/andy    ( 6559): wifiLevel=4
E/andy    ( 6559): wifiLevel2=4,len=5
E/andy    ( 6559): wifi icon id=2130838092
D/dalvikvm(  455): GC_EXPLICIT freed 1489K, 20% free 11293K/14004K, paused 8ms+27ms, total 311ms
D/AndroidRuntime( 6534): Shutting down VM
D/jdwp    ( 6534): Got wake-up signal, bailing out of select
D/dalvikvm( 6534): Debugger has detached; object registry had 1 entries
E/AppInstallReceiver(  737): packageName:com.dsn.andy.bgmlauncher
W/ActivityManager(  455): Unable to start service Intent { act=com.az1.do1 pkg=com.az1.do1 } U=0: not found
I/System.out( 2321): 监听到系统广播替换
E/666     ( 2321): ACTION_PACKAGE_REPLACED,packageName = com.dsn.andy.bgmlauncher
I/TDLog   ( 6559): onResume# MainActivity
I/liupeng ( 2321): 正处于launcher界面
D/DSN===  ( 6559): action===android.net.wifi.RSSI_CHANGED
E/andy    ( 6559): wifiLevel=4
E/andy    ( 6559): wifiLevel2=4,len=5
D/DSN===  ( 6559): action===android.net.wifi.WIFI_STATE_CHANGED
E/andy    ( 6559): wifiLevel=4
E/andy    ( 6559): wifiLevel2=4,len=5
W/MediaPlayer-JNI( 2321): MediaPlayer finalized without being released
D/dalvikvm( 2321): GC_FOR_ALLOC freed 1604K, 34% free 3375K/5056K, paused 46ms, total 46ms
E/MediaRender( 6559): [1: MediaRenderService.java:105] - true
E/MediaRender( 6559): [1: MediaRenderService.java:51] - MediaRenderService onCreate
E/alarm   ( 2321): MainService onReceiver() action:com.szhklt.FloatWindow.FloatSmallViewLine:MainService.java:Line 396
E/liupeng ( 2321): count=islauncher
E/alarm   ( 2321): count=islauncher
E/liupeng ( 2321): isLauncher
E/MscSpeechLog( 2321): SpeechUnderstander cancel failed, is not running
E/dskg    ( 2321): count11111:islauncher
W/ActivityManager(  455): Unable to start service Intent { act=com.az1.do1 pkg=com.az1.do1 } U=0: not found
D/libEGL  ( 6559): loaded /system/lib/egl/libEGL_mali.so
D/libEGL  ( 6559): loaded /system/lib/egl/libGLESv1_CM_mali.so
D/libEGL  ( 6559): loaded /system/lib/egl/libGLESv2_mali.so
D/OpenGLRenderer( 6559): Enabling debug mode 0
I/MobclickAgent( 6559): Start new session: 2A054A5EF1A7E3E62AB51D2743FAFBD6
D/dalvikvm(  912): GC_FOR_ALLOC freed 1980K, 59% free 9047K/22056K, paused 46ms, total 46ms
D/dalvikvm( 6559): GC_FOR_ALLOC freed 1234K, 16% free 7377K/8688K, paused 21ms, total 21ms
W/InputMethodManagerService(  455): Got RemoteException sending setActive(false) notification to pid 6133 uid 10026
W/Binder  (  608): Caught a RuntimeException from the binder stub implementation.
W/Binder  (  608): java.lang.NullPointerException
W/Binder  (  608):      at android.inputmethodservice.IInputMethodWrapper.setSessionEnabled(IInputMethodWrapper.java:280)
W/Binder  (  608):      at com.android.internal.view.IInputMethod$Stub.onTransact(IInputMethod.java:129)
W/Binder  (  608):      at android.os.Binder.execTransact(Binder.java:404)
W/Binder  (  608):      at dalvik.system.NativeStart.run(Native Method)
D/MobclickAgent( 6559): {"appkey":"57aa8c90e0f55a9807000063","device_model":"OCTP_X","sdk_version":"6.1.4","device_id":"10:d0:7a:aa:d1:ae","channel":"Umeng"}
W/MountService(  455): getVolumeState(/mnt/sdcard/external_sd): Unknown volume
W/MountService(  455): getVolumeState(/mnt/sdcard-ext): Unknown volume
W/MountService(  455): getVolumeState(/mnt/ext_sdcard): Unknown volume
W/MountService(  455): getVolumeState(/mnt/sdcard2): Unknown volume
W/MountService(  455): getVolumeState(/mnt/emmc): Unknown volume
W/MountService(  455): getVolumeState(/mnt/extSdCard): Unknown volume
W/MountService(  455): getVolumeState(/mnt/sdcard/SD_CARD): Unknown volume
W/MountService(  455): getVolumeState(/mnt/sdcard/extra_sd): Unknown volume
W/MountService(  455): getVolumeState(/mnt/extrasd_bind): Unknown volume
W/MountService(  455): getVolumeState(/mnt/sdcard/ext_sd): Unknown volume
W/MountService(  455): getVolumeState(/storage/extSdCard): Unknown volume
W/MountService(  455): getVolumeState(/storage/sdcard1): Unknown volume
W/MountService(  455): getVolumeState(/mnt/sdcard/external_SD): Unknown volume
W/MountService(  455): getVolumeState(/mnt/sdcard/external_sd): Unknown volume
I/ActivityManager(  455): Displayed com.dsn.andy.bgmlauncher/.MainActivity: +1s407ms (total +1s426ms)
I/ActivityManager(  455): Timeline: Activity_windows_visible id: com.dsn.andy.bgmlauncher time:4663010
D/dalvikvm(  912): GC_FOR_ALLOC freed 1399K, 59% free 9064K/22056K, paused 57ms, total 58ms
D/dalvikvm( 6559): Trying to load lib /data/app-lib/com.dsn.andy.bgmlauncher-2/libauxin.so 0x4186f400
D/dalvikvm( 6559): Added shared lib /data/app-lib/com.dsn.andy.bgmlauncher-2/libauxin.so 0x4186f400
D/dalvikvm( 6559): No JNI_OnLoad found in /data/app-lib/com.dsn.andy.bgmlauncher-2/libauxin.so 0x4186f400, skipping init
D/AndroidRuntime( 6624):
D/AndroidRuntime( 6624): >>>>>> AndroidRuntime START com.android.internal.os.RuntimeInit <<<<<<
D/AndroidRuntime( 6624): CheckJNI is OFF
D/dalvikvm( 6624): Trying to load lib libjavacore.so 0x0
D/dalvikvm( 6624): Added shared lib libjavacore.so 0x0
E/MediaRender( 6559): [180: DMRWorkThread.java:55] - DMRWorkThread run...
D/dalvikvm( 6559): Trying to load lib /data/app-lib/com.dsn.andy.bgmlauncher-2/libgit-platinum.so 0x4186f400
D/dalvikvm( 6624): Trying to load lib libnativehelper.so 0x0
D/dalvikvm( 6624): Added shared lib libnativehelper.so 0x0
D/dalvikvm( 6624): No JNI_OnLoad found in libnativehelper.so 0x0, skipping init
D/dalvikvm( 6559): Added shared lib /data/app-lib/com.dsn.andy.bgmlauncher-2/libgit-platinum.so 0x4186f400
I/GGH-PlatinumJNI( 6559): Platinum JNI_OnLoad!!!
I/GGH-PlatinumJNI( 6559): stopMediaRender begin...
I/GGH-PlatinumJNI( 6559): DMR Stops = -20009
I/GGH-PlatinumJNI( 6559): startMediaRender
I/GGH-PlatinumJNI( 6559): DMR Starts = 0
E/ActivityThread(  912): Failed to find provider info for com.qihoo360.apm.apmdatamanager.ApmDataProvider
D/dalvikvm(  801): GC_FOR_ALLOC freed 1348K, 29% free 6349K/8832K, paused 79ms, total 80ms
E/ActivityThread(  912): Failed to find provider info for com.qihoo360.apm.apmdatamanager.ApmDataProvider
E/memtrack( 6624): Couldn't load memtrack module (No such file or directory)
E/android.os.Debug( 6624): failed to load memtrack module: -2
I/MobclickAgent( 6559): Send message to http://alog.umeng.com/app_logs
I/MobclickAgent( 6559): send log:succeed
I/TDLog   ( 6559): Post data to server...
D/dalvikvm(  912): GC_FOR_ALLOC freed 1983K, 59% free 9142K/22056K, paused 59ms, total 59ms
E/ActivityThread(  912): Failed to find provider info for com.qihoo360.apm.apmdatamanager.ApmDataProvider
D/AndroidRuntime( 6624): Calling main entry com.android.commands.pm.Pm
D/AndroidRuntime( 6624): Shutting down VM
D/jdwp    ( 6624): Got wake-up signal, bailing out of select
D/dalvikvm( 6624): Debugger has detached; object registry had 1 entries
I/TDLog   ( 6559): server return success:true
E/ActivityThread(  912): Failed to find provider info for sms
E/ActivityThread(  912): Failed to find provider info for mms
D/dalvikvm(  912): GC_FOR_ALLOC freed 2200K, 60% free 9036K/22056K, paused 47ms, total 47ms
W/MountService(  455): getVolumeState(/mnt/sdcard/external_sd): Unknown volume
W/MountService(  455): getVolumeState(/mnt/sdcard-ext): Unknown volume
W/MountService(  455): getVolumeState(/mnt/ext_sdcard): Unknown volume
W/MountService(  455): getVolumeState(/mnt/sdcard2): Unknown volume
W/MountService(  455): getVolumeState(/mnt/emmc): Unknown volume
W/MountService(  455): getVolumeState(/mnt/extSdCard): Unknown volume
W/MountService(  455): getVolumeState(/mnt/sdcard/SD_CARD): Unknown volume
W/MountService(  455): getVolumeState(/mnt/sdcard/extra_sd): Unknown volume
W/MountService(  455): getVolumeState(/mnt/extrasd_bind): Unknown volume
W/MountService(  455): getVolumeState(/mnt/sdcard/ext_sd): Unknown volume
W/MountService(  455): getVolumeState(/storage/extSdCard): Unknown volume
W/MountService(  455): getVolumeState(/storage/sdcard1): Unknown volume
W/MountService(  455): getVolumeState(/mnt/sdcard/external_SD): Unknown volume
W/MountService(  455): getVolumeState(/mnt/sdcard/external_sd): Unknown volume
D/dalvikvm( 6559): Trying to load lib /data/app-lib/com.dsn.andy.bgmlauncher-2/libnet.so 0x4186f400
D/dalvikvm( 6559): Added shared lib /data/app-lib/com.dsn.andy.bgmlauncher-2/libnet.so 0x4186f400
E/andy_native( 6559): start tcp server
E/andy_native( 6559): start udp server
D/dalvikvm(  514): GC_FOR_ALLOC freed 2055K, 65% free 7498K/21240K, paused 79ms, total 93ms
W/MountService(  455): getVolumeState(/mnt/sdcard/external_sd): Unknown volume
W/MountService(  455): getVolumeState(/mnt/sdcard-ext): Unknown volume
W/MountService(  455): getVolumeState(/mnt/ext_sdcard): Unknown volume
W/MountService(  455): getVolumeState(/mnt/sdcard2): Unknown volume
W/MountService(  455): getVolumeState(/mnt/emmc): Unknown volume
W/MountService(  455): getVolumeState(/mnt/extSdCard): Unknown volume
W/MountService(  455): getVolumeState(/mnt/sdcard/SD_CARD): Unknown volume
W/MountService(  455): getVolumeState(/mnt/sdcard/extra_sd): Unknown volume
W/MountService(  455): getVolumeState(/mnt/extrasd_bind): Unknown volume
W/MountService(  455): getVolumeState(/mnt/sdcard/ext_sd): Unknown volume
W/MountService(  455): getVolumeState(/storage/extSdCard): Unknown volume
W/MountService(  455): getVolumeState(/storage/sdcard1): Unknown volume
W/MountService(  455): getVolumeState(/mnt/sdcard/external_SD): Unknown volume
W/MountService(  455): getVolumeState(/mnt/sdcard/external_sd): Unknown volume
D/dalvikvm( 2451): GC_FOR_ALLOC freed 5595K, 23% free 19791K/25588K, paused 87ms, total 89ms
D/AndroidRuntime( 6689):
D/AndroidRuntime( 6689): >>>>>> AndroidRuntime START com.android.internal.os.RuntimeInit <<<<<<
D/AndroidRuntime( 6689): CheckJNI is OFF
D/dalvikvm( 6689): Trying to load lib libjavacore.so 0x0
D/dalvikvm( 6689): Added shared lib libjavacore.so 0x0
D/AndroidRuntime( 6698):
D/AndroidRuntime( 6698): >>>>>> AndroidRuntime START com.android.internal.os.RuntimeInit <<<<<<
D/AndroidRuntime( 6698): CheckJNI is OFF
D/dalvikvm( 6689): Trying to load lib libnativehelper.so 0x0
D/dalvikvm( 6689): Added shared lib libnativehelper.so 0x0
D/dalvikvm( 6689): No JNI_OnLoad found in libnativehelper.so 0x0, skipping init
D/dalvikvm( 6698): Trying to load lib libjavacore.so 0x0
D/dalvikvm( 6698): Added shared lib libjavacore.so 0x0
D/dalvikvm( 6698): Trying to load lib libnativehelper.so 0x0
D/dalvikvm( 6698): Added shared lib libnativehelper.so 0x0
D/dalvikvm( 6698): No JNI_OnLoad found in libnativehelper.so 0x0, skipping init
E/memtrack( 6698): Couldn't load memtrack module (No such file or directory)
E/android.os.Debug( 6698): failed to load memtrack module: -2
E/memtrack( 6689): Couldn't load memtrack module (No such file or directory)
E/android.os.Debug( 6689): failed to load memtrack module: -2
D/AndroidRuntime( 6698): Calling main entry com.android.commands.pm.Pm
D/AndroidRuntime( 6698): Shutting down VM
D/jdwp    ( 6698): Got wake-up signal, bailing out of select
D/dalvikvm( 6698): Debugger has detached; object registry had 1 entries
D/dalvikvm( 6698): Compiler shutdown in progress - discarding request
D/dalvikvm( 6698): Compiler shutdown in progress - discarding request
D/dalvikvm( 6698): Compiler shutdown in progress - discarding request
D/dalvikvm( 6698): Compiler shutdown in progress - discarding request
D/dalvikvm( 6698): Compiler shutdown in progress - discarding request
D/dalvikvm( 6698): Compiler shutdown in progress - discarding request
D/dalvikvm( 6698): Compiler shutdown in progress - discarding request
D/dalvikvm( 6698): Compiler shutdown in progress - discarding request
D/dalvikvm( 6698): Compiler shutdown in progress - discarding request
D/dalvikvm( 6698): Compiler shutdown in progress - discarding request
D/dalvikvm( 6698): Compiler shutdown in progress - discarding request
D/dalvikvm( 6698): Compiler shutdown in progress - discarding request
D/AndroidRuntime( 6689): Calling main entry com.android.commands.pm.Pm
D/AndroidRuntime( 6689): Shutting down VM
D/jdwp    ( 6689): Got wake-up signal, bailing out of select
D/dalvikvm( 6689): Debugger has detached; object registry had 1 entries
D/dalvikvm(  912): GC_FOR_ALLOC freed 1881K, 59% free 9213K/22056K, paused 45ms, total 46ms
E/ActivityThread(  912): Failed to find provider info for sms
E/ActivityThread(  912): Failed to find provider info for mms
D/dalvikvm(  702): GC_EXPLICIT freed 685K, 19% free 3308K/4064K, paused 2ms+7ms, total 47ms
W/MountService(  455): getVolumeState(/mnt/sdcard/external_sd): Unknown volume
W/MountService(  455): getVolumeState(/mnt/sdcard-ext): Unknown volume
W/MountService(  455): getVolumeState(/mnt/ext_sdcard): Unknown volume
W/MountService(  455): getVolumeState(/mnt/sdcard2): Unknown volume
W/MountService(  455): getVolumeState(/mnt/emmc): Unknown volume
W/MountService(  455): getVolumeState(/mnt/extSdCard): Unknown volume
W/MountService(  455): getVolumeState(/mnt/sdcard/SD_CARD): Unknown volume
W/MountService(  455): getVolumeState(/mnt/sdcard/extra_sd): Unknown volume
W/MountService(  455): getVolumeState(/mnt/extrasd_bind): Unknown volume
W/MountService(  455): getVolumeState(/mnt/sdcard/ext_sd): Unknown volume
W/MountService(  455): getVolumeState(/storage/extSdCard): Unknown volume
W/MountService(  455): getVolumeState(/storage/sdcard1): Unknown volume
W/MountService(  455): getVolumeState(/mnt/sdcard/external_SD): Unknown volume
W/MountService(  455): getVolumeState(/mnt/sdcard/external_sd): Unknown volume
D/BatteryService(  455): wanglei --> mBatteryProps.batteryTemperature = 300
D/dalvikvm( 6559): GC_FOR_ALLOC freed 961K, 11% free 8467K/9504K, paused 49ms, total 52ms
E/ActivityThread(  912): Failed to find provider info for com.qihoo360.apm.apmdatamanager.ApmDataProvider
E/ActivityThread(  912): Failed to find provider info for com.qihoo360.apm.apmdatamanager.ApmDataProvider
E/ActivityThread(  912): Failed to find provider info for com.qihoo360.apm.apmdatamanager.ApmDataProvider
W/MountService(  455): getVolumeState(/mnt/sdcard/external_sd): Unknown volume
W/MountService(  455): getVolumeState(/mnt/sdcard-ext): Unknown volume
W/MountService(  455): getVolumeState(/mnt/ext_sdcard): Unknown volume
W/MountService(  455): getVolumeState(/mnt/sdcard2): Unknown volume
W/MountService(  455): getVolumeState(/mnt/emmc): Unknown volume
W/MountService(  455): getVolumeState(/mnt/extSdCard): Unknown volume
W/MountService(  455): getVolumeState(/mnt/sdcard/SD_CARD): Unknown volume
W/MountService(  455): getVolumeState(/mnt/sdcard/extra_sd): Unknown volume
W/MountService(  455): getVolumeState(/mnt/extrasd_bind): Unknown volume
W/MountService(  455): getVolumeState(/mnt/sdcard/ext_sd): Unknown volume
W/MountService(  455): getVolumeState(/storage/extSdCard): Unknown volume
W/MountService(  455): getVolumeState(/storage/sdcard1): Unknown volume
W/MountService(  455): getVolumeState(/mnt/sdcard/external_SD): Unknown volume
W/MountService(  455): getVolumeState(/mnt/sdcard/external_sd): Unknown volume
D/AndroidRuntime( 6774):
D/AndroidRuntime( 6774): >>>>>> AndroidRuntime START com.android.internal.os.RuntimeInit <<<<<<
D/AndroidRuntime( 6774): CheckJNI is OFF
D/dalvikvm( 6774): Trying to load lib libjavacore.so 0x0
D/dalvikvm( 6774): Added shared lib libjavacore.so 0x0
D/dalvikvm( 6774): Trying to load lib libnativehelper.so 0x0
D/dalvikvm( 6774): Added shared lib libnativehelper.so 0x0
D/dalvikvm( 6774): No JNI_OnLoad found in libnativehelper.so 0x0, skipping init
E/memtrack( 6774): Couldn't load memtrack module (No such file or directory)
E/android.os.Debug( 6774): failed to load memtrack module: -2
D/AndroidRuntime( 6774): Calling main entry com.android.commands.pm.Pm
D/AndroidRuntime( 6774): Shutting down VM
D/jdwp    ( 6774): Got wake-up signal, bailing out of select
D/dalvikvm( 6774): Debugger has detached; object registry had 1 entries
E/ActivityThread(  912): Failed to find provider info for sms
E/ActivityThread(  912): Failed to find provider info for mms
D/dalvikvm(  912): GC_FOR_ALLOC freed 2280K, 59% free 9052K/22056K, paused 55ms, total 57ms
W/MountService(  455): getVolumeState(/mnt/sdcard/external_sd): Unknown volume
W/MountService(  455): getVolumeState(/mnt/sdcard-ext): Unknown volume
W/MountService(  455): getVolumeState(/mnt/ext_sdcard): Unknown volume
W/MountService(  455): getVolumeState(/mnt/sdcard2): Unknown volume
W/MountService(  455): getVolumeState(/mnt/emmc): Unknown volume
W/MountService(  455): getVolumeState(/mnt/extSdCard): Unknown volume
W/MountService(  455): getVolumeState(/mnt/sdcard/SD_CARD): Unknown volume
W/MountService(  455): getVolumeState(/mnt/sdcard/extra_sd): Unknown volume
W/MountService(  455): getVolumeState(/mnt/extrasd_bind): Unknown volume
W/MountService(  455): getVolumeState(/mnt/sdcard/ext_sd): Unknown volume
W/MountService(  455): getVolumeState(/storage/extSdCard): Unknown volume
W/MountService(  455): getVolumeState(/storage/sdcard1): Unknown volume
W/MountService(  455): getVolumeState(/mnt/sdcard/external_SD): Unknown volume
W/MountService(  455): getVolumeState(/mnt/sdcard/external_sd): Unknown volume
D/BatteryService(  455): wanglei --> mBatteryProps.batteryTemperature = 300
D/PowerManagerService(  455): mHoldBootFastWakeLock = true
D/dalvikvm( 2451): GC_FOR_ALLOC freed 5635K, 23% free 19775K/25588K, paused 98ms, total 100ms
E/sleeptime( 2321): gotoSleep()
D/Mainservice( 2321): kw音乐休眠还在更新中
E/ActivityThread(  912): Failed to find provider info for com.qihoo360.apm.apmdatamanager.ApmDataProvider
E/ActivityThread(  912): Failed to find provider info for com.qihoo360.apm.apmdatamanager.ApmDataProvider
E/ActivityThread(  912): Failed to find provider info for com.qihoo360.apm.apmdatamanager.ApmDataProvider
D/BatteryService(  455): wanglei --> mBatteryProps.batteryTemperature = 300
D/BatteryService(  455): wanglei --> mBatteryProps.batteryTemperature = 300
D/PowerManagerService(  455): mHoldBootFastWakeLock = true
D/BatteryService(  455): wanglei --> mBatteryProps.batteryTemperature = 300
D/dalvikvm(  608): Debugger has detached; object registry had 1 entries
D/dalvikvm(  514): Debugger has detached; object registry had 1 entries
D/dalvikvm(  719): Debugger has detached; object registry had 1 entries
D/dalvikvm(  912): Debugger has detached; object registry had 1 entries
D/dalvikvm( 4977): Debugger has detached; object registry had 1 entries
D/dalvikvm( 2451): Debugger has detached; object registry had 1 entries
D/dalvikvm( 6559): Debugger has detached; object registry had 1 entries
D/BatteryService(  455): wanglei --> mBatteryProps.batteryTemperature = 300
D/dalvikvm(  643): Debugger has detached; object registry had 1 entries
D/dalvikvm(  455): Debugger has detached; object registry had 1 entries
D/BatteryService(  455): wanglei --> mBatteryProps.batteryTemperature = 300
D/dalvikvm(  737): Debugger has detached; object registry had 1 entries
D/dalvikvm( 4977): GC_CONCURRENT freed 1842K, 35% free 3648K/5568K, paused 1ms+7ms, total 52ms
D/dalvikvm( 2500): Debugger has detached; object registry had 1 entries
D/dalvikvm( 2214): Debugger has detached; object registry had 1 entries
D/dalvikvm(  585): Debugger has detached; object registry had 1 entries
D/dalvikvm( 2257): Debugger has detached; object registry had 1 entries
D/dalvikvm( 2321): Debugger has detached; object registry had 1 entries
D/dalvikvm( 2134): Debugger has detached; object registry had 1 entries
D/dalvikvm(  702): Debugger has detached; object registry had 1 entries
D/dalvikvm( 6034): Debugger has detached; object registry had 1 entries
D/dalvikvm( 6062): Debugger has detached; object registry had 1 entries
D/dalvikvm( 6089): Debugger has detached; object registry had 1 entries
D/dalvikvm( 5933): Debugger has detached; object registry had 1 entries
D/dalvikvm(  801): Debugger has detached; object registry had 1 entries
D/UsbDeviceManager(  455): disable UsbDeviceManager wakelock wlref = 1
D/dalvikvm(  643): GC_CONCURRENT freed 1489K, 32% free 3403K/4964K, paused 2ms+9ms, total 96ms
I/Process (  912): Sending signal. PID: 4870 SIG: 9
E/ActivityThread(  912): Failed to find provider info for sms
E/DaemonThread(  912): countProcess => 0
D/dalvikvm(  912): GC_CONCURRENT freed 1679K, 58% free 9426K/22056K, paused 6ms+9ms, total 115ms
W/dalvikvm( 6559): 1 threadid=24: systemTid:6684 thread exiting with uncaught exception (group=0x4157f560)
D/dalvikvm( 6559): Calling process 2 is: com.dsn.andy.bgmlauncher
W/dalvikvm( 6559): mCallingProcess:com.dsn.andy.bgmlauncher
W/TDLog   ( 6559): UncaughtException in Thread Thread-191
W/TDLog   ( 6559): java.io.IOException: Broken pipe
W/TDLog   ( 6559):      at dalvik.system.NativeStart.run(Native Method)
E/AndroidRuntime( 6559): FATAL EXCEPTION: Thread-191
E/AndroidRuntime( 6559): Process: com.dsn.andy.bgmlauncher, PID: 6559
E/AndroidRuntime( 6559): java.io.IOException: Broken pipe
E/AndroidRuntime( 6559):        at dalvik.system.NativeStart.run(Native Method)
W/ActivityManager(  455):   Force finishing activity com.dsn.andy.bgmlauncher/.MainActivity
I/TDLog   ( 6559): onPause# MainActivity
I/MobclickAgent( 6559): Extend current session: 2A054A5EF1A7E3E62AB51D2743FAFBD6
D/dalvikvm(  455): GC_CONCURRENT freed 2942K, 26% free 10447K/14004K, paused 14ms+7ms, total 111ms
D/dalvikvm(  455): WAIT_FOR_CONCURRENT_GC blocked 60ms
D/Jeq     (  455): package name =  com.dsn.andy.bgmlauncher
I/ActivityManager(  455): START u0 {act=android.intent.action.MAIN cat=[android.intent.category.HOME] flg=0x10000000 cmp=com.dsn.andy.bgmlauncher/.MainActivity} from pid 0
I/TDLog   ( 6559): setReportUncaughtExceptions# true
D/dalvikvm( 6559): GC_FOR_ALLOC freed 641K, 9% free 9208K/10112K, paused 23ms, total 23ms
E/andy    ( 6559): wifiLevel=4
E/andy    ( 6559): wifiLevel2=4,len=5
E/andy    ( 6559): wifi icon id=2130838092
W/BroadcastQueue(  455): Skipping deliver [background] BroadcastRecord{422e4d58 u-1 android.net.wifi.RSSI_CHANGED} to ReceiverList{4227eff0 6559 com.dsn.andy.bgmlauncher/10026/u0 remote:41ce9ed8}: process crashing
W/BroadcastQueue(  455): Skipping deliver [background] BroadcastRecord{422d1160 u-1 android.net.wifi.WIFI_STATE_CHANGED} to ReceiverList{4227eff0 6559 com.dsn.andy.bgmlauncher/10026/u0 remote:41ce9ed8}: process crashing
I/TDLog   ( 6559): onResume# MainActivity
E/MobclickAgent( 6559): onResume called before onPause
I/liupeng ( 2321): 正处于launcher界面
E/alarm   ( 2321): MainService onReceiver() action:com.szhklt.FloatWindow.FloatSmallViewLine:MainService.java:Line 396
E/liupeng ( 2321): count=islauncher
E/alarm   ( 2321): count=islauncher
E/liupeng ( 2321): isLauncher
E/MscSpeechLog( 2321): SpeechUnderstander cancel failed, is not running
E/dskg    ( 2321): count11111:islauncher
E/andy    ( 6559): tcp server socket 64
E/andy    ( 6559): close tcp server socket 0
I/GGH-PlatinumJNI( 6559): stopMediaRender begin...
I/ActivityManager(  455): Displayed com.dsn.andy.bgmlauncher/.MainActivity: +318ms
I/ActivityManager(  455): Timeline: Activity_windows_visible id: com.dsn.andy.bgmlauncher time:4789654
W/WindowManager(  455): Rebuild removed 3 windows but added 2
W/WindowManager(  455): java.lang.RuntimeException: here
W/WindowManager(  455):         at com.android.server.wm.WindowManagerService.rebuildAppWindowListLocked(WindowManagerService.java:8064)
W/WindowManager(  455):         at com.android.server.wm.WindowManagerService.rebuildAppWindowListLocked(WindowManagerService.java:8000)
W/WindowManager(  455):         at com.android.server.wm.WindowManagerService.handleAnimatingStoppedAndTransitionLocked(WindowManagerService.java:8744)
W/WindowManager(  455):         at com.android.server.wm.WindowManagerService.performLayoutAndPlaceSurfacesLockedInner(WindowManagerService.java:9258)
W/WindowManager(  455):         at com.android.server.wm.WindowManagerService.performLayoutAndPlaceSurfacesLockedLoop(WindowManagerService.java:8216)
W/WindowManager(  455):         at com.android.server.wm.WindowManagerService.performLayoutAndPlaceSurfacesLocked(WindowManagerService.java:8158)
W/WindowManager(  455):         at com.android.server.wm.WindowManagerService.access$300(WindowManagerService.java:158)
W/WindowManager(  455):         at com.android.server.wm.WindowManagerService$H.handleMessage(WindowManagerService.java:7188)
W/WindowManager(  455):         at android.os.Handler.dispatchMessage(Handler.java:102)
W/WindowManager(  455):         at android.os.Looper.loop(Looper.java:136)
W/WindowManager(  455):         at android.os.HandlerThread.run(HandlerThread.java:61)
W/WindowManager(  455): This window was lost: Window{41cbfe38 u0 com.dsn.andy.bgmlauncher/com.dsn.andy.bgmlauncher.MainActivity}
W/WindowManager(  455): mDisplayId=0 mSession=Session{422eef00 6559:u0a10026} mClient=android.os.BinderProxy@41be4a88
W/WindowManager(  455): mOwnerUid=10026 mShowToOwnerOnly=true package=com.dsn.andy.bgmlauncher appop=NONE
W/WindowManager(  455): mAttrs=WM.LayoutParams{(0,0)(fillxfill) sim=#110 ty=1 fl=#1810500 pfl=0x8 wanim=0x1030000}
W/WindowManager(  455): Requested w=1024 h=552 mLayoutSeq=486
W/WindowManager(  455): mBaseLayer=21000 mSubLayer=0 mAnimLayer=21005+0=21005 mLastLayer=21010
W/WindowManager(  455): mToken=AppWindowToken{41ff2d40 token=Token{4194b5d0 ActivityRecord{422f08e0 u0 com.dsn.andy.bgmlauncher/.MainActivity t21}}}
W/WindowManager(  455): mRootToken=AppWindowToken{41ff2d40 token=Token{4194b5d0 ActivityRecord{422f08e0 u0 com.dsn.andy.bgmlauncher/.MainActivity t21}}}
W/WindowManager(  455): mAppToken=AppWindowToken{41ff2d40 token=Token{4194b5d0 ActivityRecord{422f08e0 u0 com.dsn.andy.bgmlauncher/.MainActivity t21}}}
W/WindowManager(  455): mViewVisibility=0x0 mHaveFrame=true mObscured=true
W/WindowManager(  455): mSeq=0 mSystemUiVisibility=0x0
W/WindowManager(  455): mGivenContentInsets=[0,0][0,0] mGivenVisibleInsets=[0,0][0,0]
W/WindowManager(  455): mConfiguration={1.15 ?mcc?mnc zh_CN ldltr sw600dp w1024dp h512dp 160dpi lrg land finger -keyb/v/h -nav/h s.7}
W/WindowManager(  455): mHasSurface=true mShownFrame=[0.0,0.0][1024.0,552.0] isReadyForDisplay()=false
W/WindowManager(  455): mFrame=[0,0][1024,552] last=[0,0][1024,552]
W/WindowManager(  455): mSystemDecorRect=[0,0][1024,552] last=[0,0][1024,552]
W/WindowManager(  455): Frames: containing=[0,0][1024,552] parent=[0,0][1024,552]
W/WindowManager(  455):     display=[0,0][1024,552] overscan=[0,0][1024,600]
W/WindowManager(  455):     content=[0,0][1024,552] visible=[0,0][1024,552]
W/WindowManager(  455):     decor=[0,0][1024,552]
W/WindowManager(  455): Cur insets: overscan=[0,0][0,0] content=[0,0][0,0] visible=[0,0][0,0]
W/WindowManager(  455): Lst insets: overscan=[0,0][0,0] content=[0,0][0,0] visible=[0,0][0,0]
W/WindowManager(  455): WindowStateAnimator{41fdf398 com.dsn.andy.bgmlauncher/com.dsn.andy.bgmlauncher.MainActivity}:
W/WindowManager(  455):   mSurface=Surface(name=com.dsn.andy.bgmlauncher/com.dsn.andy.bgmlauncher.MainActivity)
W/WindowManager(  455):   mDrawState=HAS_DRAWN mLastHidden=true
W/WindowManager(  455):   Surface: shown=false layer=21010 alpha=1.0 rect=(0.0,0.0) 1024.0 x 552.0
W/WindowManager(  455):   mGlobalScale=1.0 mDsDx=1.0 mDtDx=0.0 mDsDy=0.0 mDtDy=1.0
W/WindowManager(  455): mExiting=false mRemoveOnExit=false mDestroying=true mRemoved=false
W/WindowManager(  455): Current app token list:
V/WindowManager(  455):   Display 0
V/WindowManager(  455):   #1: Token{41ff82f8 ActivityRecord{4199de88 u0 com.dsn.andy.bgmlauncher/.MainActivity t22}}
V/WindowManager(  455):   #0: Token{41ba9d68 ActivityRecord{4198c8d8 u0 cn.kuwo.kwmusiccar/.MainActivity t15}}
W/WindowManager(  455): Final window list:
V/WindowManager(  455):   #0: Window{41c239d0 u0 SearchPanel}
V/WindowManager(  455):   #1: Window{41b6e240 u0 NavigationBar}
V/WindowManager(  455):   #2: Window{41c44e00 u0 StatusBar}
V/WindowManager(  455):   #3: Window{41be4e48 u0 KeyguardScrim}
V/WindowManager(  455):   #4: Window{41f87ae8 u0 Application Error: com.dsn.andy.bgmlauncher}
V/WindowManager(  455):   #5: Window{4228c210 u0 Toast}
V/WindowManager(  455):   #6: Window{419773c0 u0 com.dsn.andy.bgmlauncher/com.dsn.andy.bgmlauncher.MainActivity}
V/WindowManager(  455):   #7: Window{41aed808 u0 cn.kuwo.kwmusiccar/cn.kuwo.kwmusiccar.MainActivity}
V/WindowManager(  455):   #8: Window{41bddfe0 u0 com.android.systemui.ImageWallpaper}
I/GGH-PlatinumJNI( 6559): DMR Stops = 0
E/MediaRender( 6559): [180: DMRWorkThread.java:81] - DMRWorkThread over...
W/BroadcastQueue(  455): Skipping deliver [background] BroadcastRecord{41f3da98 u0 com.geniusgithub.PARAM_DEV_UPDATE} to ReceiverList{422ca810 6559 com.dsn.andy.bgmlauncher/10026/u0 remote:41e249e8}: process crashing
I/MobclickAgent( 6559): Extend current session: 2A054A5EF1A7E3E62AB51D2743FAFBD6
E/MediaRender( 6559): [1: MediaRenderService.java:192] - exitWorkThread cost time:200
E/MediaRender( 6559): [1: MediaRenderService.java:117] - closeWifiBrocast
E/MediaRender( 6559): [1: MediaRenderService.java:57] - MediaRenderService onDestroy
W/ActivityManager(  455): Launch timeout has expired, giving up wake lock!
W/BroadcastQueue(  455): Skipping deliver [background] BroadcastRecord{41f1f380 u-1 android.net.wifi.SCAN_RESULTS} to ReceiverList{41e40188 6559 com.dsn.andy.bgmlauncher/10026/u0 remote:4197f948}: process crashing
E/ActivityThread(  912): Failed to find provider info for com.qihoo360.apm.apmdatamanager.ApmDataProvider
E/ActivityThread(  912): Failed to find provider info for com.qihoo360.apm.apmdatamanager.ApmDataProvider
E/ActivityThread(  912): Failed to find provider info for com.qihoo360.apm.apmdatamanager.ApmDataProvider
D/BatteryService(  455): wanglei --> mBatteryProps.batteryTemperature = 300
D/PowerManagerService(  455): mHoldBootFastWakeLock = true
I/TDLog   ( 6559): Post data to server...
I/TDLog   ( 6559): server return success:true
E/ServiceLog( 2451): [ServiceLogThread] check
D/dalvikvm( 2451): GC_CONCURRENT freed 5523K, 23% free 19776K/25588K, paused 11ms+7ms, total 83ms
W/ActivityManager(  455): Unable to start service Intent { act=com.az1.do1 pkg=com.az1.do1 } U=0: not found
D/BatteryService(  455): wanglei --> mBatteryProps.batteryTemperature = 300
D/PowerManagerService(  455): mHoldBootFastWakeLock = true
W/BroadcastQueue(  455): Skipping deliver [background] BroadcastRecord{41c0a148 u-1 android.net.wifi.SCAN_RESULTS} to ReceiverList{41e40188 6559 com.dsn.andy.bgmlauncher/10026/u0 remote:4197f948}: process crashing
W/BroadcastQueue(  455): Skipping deliver [background] BroadcastRecord{41c0a148 u-1 android.net.wifi.SCAN_RESULTS} to ReceiverList{41aef9b0 6559 com.dsn.andy.bgmlauncher/10026/u0 remote:41afb1e8}: process crashing
