I/WindowState(  455): WIN DEATH: Window{41b160b8 u0 com.dsn.andy.bgmlauncher/com.dsn.andy.bgmlauncher.MainActivity}
E/WifiService(  455): Multicaster binderDied
I/ActivityManager(  455): Process com.dsn.andy.bgmlauncher (pid 3404) has died.
I/WindowState(  455): WIN DEATH: Window{419ac378 u0 com.dsn.andy.bgmlauncher/com.dsn.andy.bgmlauncher.AppsActivity}
W/ActivityManager(  455): Force removing ActivityRecord{41fdeda0 u0 com.dsn.andy.bgmlauncher/.MainActivity t8}: app died, no saved state
I/ActivityManager(  455): START u0 {act=android.intent.action.MAIN cat=[android.intent.category.HOME] flg=0x10000000 cmp=com.dsn.andy.bgmlauncher/.MainActivity} from pid 0
I/ActivityManager(  455): Start proc com.dsn.andy.bgmlauncher for activity com.dsn.andy.bgmlauncher/.MainActivity: pid=3498 uid=10026 gids={50026, 3002, 3001, 3003, 1028, 1015}
W/InputMethodManagerService(  455): Got RemoteException sending setActive(false) notification to pid 3404 uid 10026
E/ActivityThread(  912): Failed to find provider info for com.qihoo360.apm.apmdatamanager.ApmDataProvider
E/ActivityThread(  912): Failed to find provider info for com.qihoo360.apm.apmdatamanager.ApmDataProvider
E/ActivityThread(  912): Failed to find provider info for com.qihoo360.apm.apmdatamanager.ApmDataProvider
W/ActivityManager(  455): Launch timeout has expired, giving up wake lock!
E/AndroidRuntime( 3498): FATAL EXCEPTION: main
E/AndroidRuntime( 3498): Process: com.dsn.andy.bgmlauncher, PID: 3498
E/AndroidRuntime( 3498): java.lang.UnsatisfiedLinkError: Couldn't load net from loader dalvik.system.PathClassLoader[DexPathList[[zip file "/data/app/com.dsn.andy.bgmlauncher-2.apk"],nativeLibraryDirectories=[/data/app-lib/com.dsn.andy.bgmlauncher-2, /vendor/lib, /system/lib]]]: findLibrary returned null
E/AndroidRuntime( 3498):        at java.lang.Runtime.loadLibrary(Runtime.java:358)
E/AndroidRuntime( 3498):        at java.lang.System.loadLibrary(System.java:526)
E/AndroidRuntime( 3498):        at com.andy.net.socket.SocketNativeTool.<clinit>(SocketNativeTool.java:27)
E/AndroidRuntime( 3498):        at com.andy.net.socket.ServerSocketManager.initServer(ServerSocketManager.java:34)
E/AndroidRuntime( 3498):        at com.dsn.andy.bgmlauncher.MainActivity.initSocketServer(MainActivity.java:180)
E/AndroidRuntime( 3498):        at com.dsn.andy.bgmlauncher.MainActivity.access$000(MainActivity.java:71)
E/AndroidRuntime( 3498):        at com.dsn.andy.bgmlauncher.MainActivity$5.run(MainActivity.java:283)
E/AndroidRuntime( 3498):        at android.os.Handler.handleCallback(Handler.java:733)
E/AndroidRuntime( 3498):        at android.os.Handler.dispatchMessage(Handler.java:95)
E/AndroidRuntime( 3498):        at android.os.Looper.loop(Looper.java:136)
E/AndroidRuntime( 3498):        at android.app.ActivityThread.main(ActivityThread.java:5017)
E/AndroidRuntime( 3498):        at java.lang.reflect.Method.invokeNative(Native Method)
E/AndroidRuntime( 3498):        at java.lang.reflect.Method.invoke(Method.java:515)
E/AndroidRuntime( 3498):        at com.android.internal.os.ZygoteInit$MethodAndArgsCaller.run(ZygoteInit.java:779)
E/AndroidRuntime( 3498):        at com.android.internal.os.ZygoteInit.main(ZygoteInit.java:595)
E/AndroidRuntime( 3498):        at dalvik.system.NativeStart.main(Native Method)
W/ActivityManager(  455):   Force finishing activity com.dsn.andy.bgmlauncher/.MainActivity
W/ActivityManager(  455): Activity pause timeout for ActivityRecord{41d67118 u0 com.dsn.andy.bgmlauncher/.MainActivity t9 f}
I/ActivityManager(  455): START u0 {act=android.intent.action.MAIN cat=[android.intent.category.HOME] flg=0x10000000 cmp=com.dsn.andy.bgmlauncher/.MainActivity} from pid 0
W/ActivityManager(  455): Launch timeout has expired, giving up wake lock!
W/ActivityManager(  455): Activity destroy timeout for ActivityRecord{41d67118 u0 com.dsn.andy.bgmlauncher/.MainActivity t9 f}
I/ActivityManager(  455): Process com.dsn.andy.bgmlauncher (pid 3498) has died.
I/WindowState(  455): WIN DEATH: Window{41c69190 u0 com.dsn.andy.bgmlauncher/com.dsn.andy.bgmlauncher.MainActivity}
E/WifiService(  455): Multicaster binderDied
I/ActivityManager(  455): Start proc com.dsn.andy.bgmlauncher for activity com.dsn.andy.bgmlauncher/.MainActivity: pid=3706 uid=10026 gids={50026, 3002, 3001, 3003, 1028, 1015}
W/MountService(  455): getVolumeState(/mnt/sdcard/external_sd): Unknown volume
W/MountService(  455): getVolumeState(/mnt/sdcard-ext): Unknown volume
W/MountService(  455): getVolumeState(/mnt/ext_sdcard): Unknown volume
W/MountService(  455): getVolumeState(/mnt/sdcard2): Unknown volume
W/MountService(  455): getVolumeState(/mnt/emmc): Unknown volume
W/MountService(  455): getVolumeState(/mnt/extSdCard): Unknown volume
W/MountService(  455): getVolumeState(/mnt/sdcard/SD_CARD): Unknown volume
W/MountService(  455): getVolumeState(/mnt/sdcard/extra_sd): Unknown volume
W/MountService(  455): getVolumeState(/mnt/extrasd_bind): Unknown volume
W/MountService(  455): getVolumeState(/mnt/sdcard/ext_sd): Unknown volume
W/MountService(  455): getVolumeState(/storage/extSdCard): Unknown volume
W/MountService(  455): getVolumeState(/storage/sdcard1): Unknown volume
W/MountService(  455): getVolumeState(/mnt/sdcard/external_SD): Unknown volume
W/MountService(  455): getVolumeState(/mnt/sdcard/external_sd): Unknown volume
W/InputMethodManagerService(  455): Got RemoteException sending setActive(false) notification to pid 3498 uid 10026
E/ActivityThread(  912): Failed to find provider info for sms
E/ActivityThread(  912): Failed to find provider info for mms
E/ActivityThread(  912): Failed to find provider info for com.qihoo360.apm.apmdatamanager.ApmDataProvider
E/ActivityThread(  912): Failed to find provider info for com.qihoo360.apm.apmdatamanager.ApmDataProvider
E/ActivityThread(  912): Failed to find provider info for com.qihoo360.apm.apmdatamanager.ApmDataProvider
W/MountService(  455): getVolumeState(/mnt/sdcard/external_sd): Unknown volume
W/MountService(  455): getVolumeState(/mnt/sdcard-ext): Unknown volume
W/MountService(  455): getVolumeState(/mnt/ext_sdcard): Unknown volume
W/MountService(  455): getVolumeState(/mnt/sdcard2): Unknown volume
W/MountService(  455): getVolumeState(/mnt/emmc): Unknown volume
W/MountService(  455): getVolumeState(/mnt/extSdCard): Unknown volume
W/MountService(  455): getVolumeState(/mnt/sdcard/SD_CARD): Unknown volume
W/MountService(  455): getVolumeState(/mnt/sdcard/extra_sd): Unknown volume
W/MountService(  455): getVolumeState(/mnt/extrasd_bind): Unknown volume
W/MountService(  455): getVolumeState(/mnt/sdcard/ext_sd): Unknown volume
W/MountService(  455): getVolumeState(/storage/extSdCard): Unknown volume
W/MountService(  455): getVolumeState(/storage/sdcard1): Unknown volume
W/MountService(  455): getVolumeState(/mnt/sdcard/external_SD): Unknown volume
W/MountService(  455): getVolumeState(/mnt/sdcard/external_sd): Unknown volume
E/AndroidRuntime( 3706): FATAL EXCEPTION: main
E/AndroidRuntime( 3706): Process: com.dsn.andy.bgmlauncher, PID: 3706
E/AndroidRuntime( 3706): java.lang.UnsatisfiedLinkError: Couldn't load net from loader dalvik.system.PathClassLoader[DexPathList[[zip file "/data/app/com.dsn.andy.bgmlauncher-2.apk"],nativeLibraryDirectories=[/data/app-lib/com.dsn.andy.bgmlauncher-2, /vendor/lib, /system/lib]]]: findLibrary returned null
E/AndroidRuntime( 3706):        at java.lang.Runtime.loadLibrary(Runtime.java:358)
E/AndroidRuntime( 3706):        at java.lang.System.loadLibrary(System.java:526)
E/AndroidRuntime( 3706):        at com.andy.net.socket.SocketNativeTool.<clinit>(SocketNativeTool.java:27)
E/AndroidRuntime( 3706):        at com.andy.net.socket.ServerSocketManager.initServer(ServerSocketManager.java:34)
E/AndroidRuntime( 3706):        at com.dsn.andy.bgmlauncher.MainActivity.initSocketServer(MainActivity.java:180)
E/AndroidRuntime( 3706):        at com.dsn.andy.bgmlauncher.MainActivity.access$000(MainActivity.java:71)
E/AndroidRuntime( 3706):        at com.dsn.andy.bgmlauncher.MainActivity$5.run(MainActivity.java:283)
E/AndroidRuntime( 3706):        at android.os.Handler.handleCallback(Handler.java:733)
E/AndroidRuntime( 3706):        at android.os.Handler.dispatchMessage(Handler.java:95)
E/AndroidRuntime( 3706):        at android.os.Looper.loop(Looper.java:136)
E/AndroidRuntime( 3706):        at android.app.ActivityThread.main(ActivityThread.java:5017)
E/AndroidRuntime( 3706):        at java.lang.reflect.Method.invokeNative(Native Method)
E/AndroidRuntime( 3706):        at java.lang.reflect.Method.invoke(Method.java:515)
E/AndroidRuntime( 3706):        at com.android.internal.os.ZygoteInit$MethodAndArgsCaller.run(ZygoteInit.java:779)
E/AndroidRuntime( 3706):        at com.android.internal.os.ZygoteInit.main(ZygoteInit.java:595)
E/AndroidRuntime( 3706):        at dalvik.system.NativeStart.main(Native Method)
W/ActivityManager(  455):   Force finishing activity com.dsn.andy.bgmlauncher/.MainActivity
W/ActivityManager(  455): Activity pause timeout for ActivityRecord{41c5ef48 u0 com.dsn.andy.bgmlauncher/.MainActivity t10 f}
I/ActivityManager(  455): START u0 {act=android.intent.action.MAIN cat=[android.intent.category.HOME] flg=0x10000000 cmp=com.dsn.andy.bgmlauncher/.MainActivity} from pid 0
W/ActivityManager(  455): Launch timeout has expired, giving up wake lock!
W/ActivityManager(  455): Activity destroy timeout for ActivityRecord{41c5ef48 u0 com.dsn.andy.bgmlauncher/.MainActivity t10 f}
W/ContextImpl(  455): Calling a method in the system process without a qualified user: android.app.ContextImpl.sendBroadcast:1123 android.content.ContextWrapper.sendBroadcast:365 android.view.ViewGroup.sendTouchBroadCast:1833 android.view.ViewGroup.dispatchTouchEvent:1881 com.android.internal.policy.impl.PhoneWindow$DecorView.superDispatchTouchEvent:2084
I/ActivityManager(  455): Process com.dsn.andy.bgmlauncher (pid 3706) has died.
I/WindowState(  455): WIN DEATH: Window{41b55470 u0 com.dsn.andy.bgmlauncher/com.dsn.andy.bgmlauncher.MainActivity}
E/WifiService(  455): Multicaster binderDied
I/ActivityManager(  455): Start proc com.dsn.andy.bgmlauncher for activity com.dsn.andy.bgmlauncher/.MainActivity: pid=3992 uid=10026 gids={50026, 3002, 3001, 3003, 1028, 1015}
W/InputMethodManagerService(  455): Got RemoteException sending setActive(false) notification to pid 3706 uid 10026
E/ActivityThread(  912): Failed to find provider info for com.qihoo360.apm.apmdatamanager.ApmDataProvider
E/ActivityThread(  912): Failed to find provider info for com.qihoo360.apm.apmdatamanager.ApmDataProvider
E/ActivityThread(  912): Failed to find provider info for com.qihoo360.apm.apmdatamanager.ApmDataProvider
D/BatteryService(  455): wanglei --> mBatteryProps.batteryTemperature = 300
D/PowerManagerService(  455): mHoldBootFastWakeLock = true
E/AndroidRuntime( 3992): FATAL EXCEPTION: main
E/AndroidRuntime( 3992): Process: com.dsn.andy.bgmlauncher, PID: 3992
E/AndroidRuntime( 3992): java.lang.UnsatisfiedLinkError: Couldn't load net from loader dalvik.system.PathClassLoader[DexPathList[[zip file "/data/app/com.dsn.andy.bgmlauncher-2.apk"],nativeLibraryDirectories=[/data/app-lib/com.dsn.andy.bgmlauncher-2, /vendor/lib, /system/lib]]]: findLibrary returned null
E/AndroidRuntime( 3992):        at java.lang.Runtime.loadLibrary(Runtime.java:358)
E/AndroidRuntime( 3992):        at java.lang.System.loadLibrary(System.java:526)
E/AndroidRuntime( 3992):        at com.andy.net.socket.SocketNativeTool.<clinit>(SocketNativeTool.java:27)
E/AndroidRuntime( 3992):        at com.andy.net.socket.ServerSocketManager.initServer(ServerSocketManager.java:34)
E/AndroidRuntime( 3992):        at com.dsn.andy.bgmlauncher.MainActivity.initSocketServer(MainActivity.java:180)
E/AndroidRuntime( 3992):        at com.dsn.andy.bgmlauncher.MainActivity.access$000(MainActivity.java:71)
E/AndroidRuntime( 3992):        at com.dsn.andy.bgmlauncher.MainActivity$5.run(MainActivity.java:283)
E/AndroidRuntime( 3992):        at android.os.Handler.handleCallback(Handler.java:733)
E/AndroidRuntime( 3992):        at android.os.Handler.dispatchMessage(Handler.java:95)
E/AndroidRuntime( 3992):        at android.os.Looper.loop(Looper.java:136)
E/AndroidRuntime( 3992):        at android.app.ActivityThread.main(ActivityThread.java:5017)
E/AndroidRuntime( 3992):        at java.lang.reflect.Method.invokeNative(Native Method)
E/AndroidRuntime( 3992):        at java.lang.reflect.Method.invoke(Method.java:515)
E/AndroidRuntime( 3992):        at com.android.internal.os.ZygoteInit$MethodAndArgsCaller.run(ZygoteInit.java:779)
E/AndroidRuntime( 3992):        at com.android.internal.os.ZygoteInit.main(ZygoteInit.java:595)
E/AndroidRuntime( 3992):        at dalvik.system.NativeStart.main(Native Method)
W/ActivityManager(  455):   Force finishing activity com.dsn.andy.bgmlauncher/.MainActivity
W/ActivityManager(  455): Activity pause timeout for ActivityRecord{41b7ec70 u0 com.dsn.andy.bgmlauncher/.MainActivity t11 f}
I/ActivityManager(  455): START u0 {act=android.intent.action.MAIN cat=[android.intent.category.HOME] flg=0x10000000 cmp=com.dsn.andy.bgmlauncher/.MainActivity} from pid 0
W/ActivityManager(  455): Launch timeout has expired, giving up wake lock!
W/ActivityManager(  455): Activity destroy timeout for ActivityRecord{41b7ec70 u0 com.dsn.andy.bgmlauncher/.MainActivity t11 f}
I/ActivityManager(  455): Process com.dsn.andy.bgmlauncher (pid 3992) has died.
I/WindowState(  455): WIN DEATH: Window{41b02d58 u0 com.dsn.andy.bgmlauncher/com.dsn.andy.bgmlauncher.MainActivity}
E/WifiService(  455): Multicaster binderDied
I/ActivityManager(  455): Start proc com.dsn.andy.bgmlauncher for activity com.dsn.andy.bgmlauncher/.MainActivity: pid=4570 uid=10026 gids={50026, 3002, 3001, 3003, 1028, 1015}
W/InputMethodManagerService(  455): Got RemoteException sending setActive(false) notification to pid 3992 uid 10026
E/ActivityThread(  912): Failed to find provider info for com.qihoo360.apm.apmdatamanager.ApmDataProvider
E/ActivityThread(  912): Failed to find provider info for com.qihoo360.apm.apmdatamanager.ApmDataProvider
E/ActivityThread(  912): Failed to find provider info for com.qihoo360.apm.apmdatamanager.ApmDataProvider
E/AndroidRuntime( 4570): FATAL EXCEPTION: main
E/AndroidRuntime( 4570): Process: com.dsn.andy.bgmlauncher, PID: 4570
E/AndroidRuntime( 4570): java.lang.UnsatisfiedLinkError: Couldn't load net from loader dalvik.system.PathClassLoader[DexPathList[[zip file "/data/app/com.dsn.andy.bgmlauncher-2.apk"],nativeLibraryDirectories=[/data/app-lib/com.dsn.andy.bgmlauncher-2, /vendor/lib, /system/lib]]]: findLibrary returned null
E/AndroidRuntime( 4570):        at java.lang.Runtime.loadLibrary(Runtime.java:358)
E/AndroidRuntime( 4570):        at java.lang.System.loadLibrary(System.java:526)
E/AndroidRuntime( 4570):        at com.andy.net.socket.SocketNativeTool.<clinit>(SocketNativeTool.java:27)
E/AndroidRuntime( 4570):        at com.andy.net.socket.ServerSocketManager.initServer(ServerSocketManager.java:34)
E/AndroidRuntime( 4570):        at com.dsn.andy.bgmlauncher.MainActivity.initSocketServer(MainActivity.java:180)
E/AndroidRuntime( 4570):        at com.dsn.andy.bgmlauncher.MainActivity.access$000(MainActivity.java:71)
E/AndroidRuntime( 4570):        at com.dsn.andy.bgmlauncher.MainActivity$5.run(MainActivity.java:283)
E/AndroidRuntime( 4570):        at android.os.Handler.handleCallback(Handler.java:733)
E/AndroidRuntime( 4570):        at android.os.Handler.dispatchMessage(Handler.java:95)
E/AndroidRuntime( 4570):        at android.os.Looper.loop(Looper.java:136)
E/AndroidRuntime( 4570):        at android.app.ActivityThread.main(ActivityThread.java:5017)
E/AndroidRuntime( 4570):        at java.lang.reflect.Method.invokeNative(Native Method)
E/AndroidRuntime( 4570):        at java.lang.reflect.Method.invoke(Method.java:515)
E/AndroidRuntime( 4570):        at com.android.internal.os.ZygoteInit$MethodAndArgsCaller.run(ZygoteInit.java:779)
E/AndroidRuntime( 4570):        at com.android.internal.os.ZygoteInit.main(ZygoteInit.java:595)
E/AndroidRuntime( 4570):        at dalvik.system.NativeStart.main(Native Method)
W/ActivityManager(  455):   Force finishing activity com.dsn.andy.bgmlauncher/.MainActivity
W/ActivityManager(  455): Activity pause timeout for ActivityRecord{41ba3c70 u0 com.dsn.andy.bgmlauncher/.MainActivity t12 f}
I/ActivityManager(  455): START u0 {act=android.intent.action.MAIN cat=[android.intent.category.HOME] flg=0x10000000 cmp=com.dsn.andy.bgmlauncher/.MainActivity} from pid 0
D/BatteryService(  455): wanglei --> mBatteryProps.batteryTemperature = 300
D/BatteryService(  455): wanglei --> mBatteryProps.batteryTemperature = 300
D/BatteryService(  455): wanglei --> mBatteryProps.batteryTemperature = 300
D/PowerManagerService(  455): mHoldBootFastWakeLock = true
I/ActivityManager(  455): Process com.dsn.andy.bgmlauncher (pid 4570) has died.
E/WifiService(  455): Multicaster binderDied
I/WindowState(  455): WIN DEATH: Window{41b797d0 u0 com.dsn.andy.bgmlauncher/com.dsn.andy.bgmlauncher.MainActivity}
I/ActivityManager(  455): Start proc com.dsn.andy.bgmlauncher for activity com.dsn.andy.bgmlauncher/.MainActivity: pid=4777 uid=10026 gids={50026, 3002, 3001, 3003, 1028, 1015}
D/BatteryService(  455): wanglei --> mBatteryProps.batteryTemperature = 300
D/BatteryService(  455): wanglei --> mBatteryProps.batteryTemperature = 300
W/InputMethodManagerService(  455): Got RemoteException sending setActive(false) notification to pid 4570 uid 10026
W/WindowManager(  455): Rebuild removed 2 windows but added 1
W/WindowManager(  455): java.lang.RuntimeException: here
W/WindowManager(  455):         at com.android.server.wm.WindowManagerService.rebuildAppWindowListLocked(WindowManagerService.java:8064)
W/WindowManager(  455):         at com.android.server.wm.WindowManagerService.rebuildAppWindowListLocked(WindowManagerService.java:8000)
W/WindowManager(  455):         at com.android.server.wm.WindowManagerService.handleAnimatingStoppedAndTransitionLocked(WindowManagerService.java:8744)
W/WindowManager(  455):         at com.android.server.wm.WindowManagerService.performLayoutAndPlaceSurfacesLockedInner(WindowManagerService.java:9258)
W/WindowManager(  455):         at com.android.server.wm.WindowManagerService.performLayoutAndPlaceSurfacesLockedLoop(WindowManagerService.java:8216)
W/WindowManager(  455):         at com.android.server.wm.WindowManagerService.performLayoutAndPlaceSurfacesLocked(WindowManagerService.java:8158)
W/WindowManager(  455):         at com.android.server.wm.WindowManagerService.access$300(WindowManagerService.java:158)
W/WindowManager(  455):         at com.android.server.wm.WindowManagerService$H.handleMessage(WindowManagerService.java:7188)
W/WindowManager(  455):         at android.os.Handler.dispatchMessage(Handler.java:102)
W/WindowManager(  455):         at android.os.Looper.loop(Looper.java:136)
W/WindowManager(  455):         at android.os.HandlerThread.run(HandlerThread.java:61)
W/WindowManager(  455): This window was lost: Window{41b797d0 u0 com.dsn.andy.bgmlauncher/com.dsn.andy.bgmlauncher.MainActivity}
W/WindowManager(  455): mDisplayId=0 mSession=Session{41b09218 4570:u0a10026} mClient=android.os.BinderProxy@41b3cb40
W/WindowManager(  455): mOwnerUid=10026 mShowToOwnerOnly=true package=com.dsn.andy.bgmlauncher appop=NONE
W/WindowManager(  455): mAttrs=WM.LayoutParams{(0,0)(fillxfill) sim=#110 ty=1 fl=#1810500 pfl=0x8 wanim=0x1030000}
W/WindowManager(  455): Requested w=1024 h=552 mLayoutSeq=278
W/WindowManager(  455): mBaseLayer=21000 mSubLayer=0 mAnimLayer=21005+0=21005 mLastLayer=21005
W/WindowManager(  455): mToken=AppWindowToken{41ea4ba0 token=Token{41e37320 ActivityRecord{41ba3c70 u0 com.dsn.andy.bgmlauncher/.MainActivity t12}}}
W/WindowManager(  455): mRootToken=AppWindowToken{41ea4ba0 token=Token{41e37320 ActivityRecord{41ba3c70 u0 com.dsn.andy.bgmlauncher/.MainActivity t12}}}
W/WindowManager(  455): mAppToken=AppWindowToken{41ea4ba0 token=Token{41e37320 ActivityRecord{41ba3c70 u0 com.dsn.andy.bgmlauncher/.MainActivity t12}}}
W/WindowManager(  455): mViewVisibility=0x0 mHaveFrame=true mObscured=true
W/WindowManager(  455): mSeq=0 mSystemUiVisibility=0x0
W/WindowManager(  455): mGivenContentInsets=[0,0][0,0] mGivenVisibleInsets=[0,0][0,0]
W/WindowManager(  455): mConfiguration={1.15 ?mcc?mnc zh_CN ldltr sw600dp w1024dp h512dp 160dpi lrg land finger -keyb/v/h -nav/h s.7}
W/WindowManager(  455): mHasSurface=true mShownFrame=[0.0,0.0][1024.0,552.0] isReadyForDisplay()=false
W/WindowManager(  455): mFrame=[0,0][1024,552] last=[0,0][1024,552]
W/WindowManager(  455): mSystemDecorRect=[0,0][1024,552] last=[0,0][1024,552]
W/WindowManager(  455): Frames: containing=[0,0][1024,552] parent=[0,0][1024,552]
W/WindowManager(  455):     display=[0,0][1024,552] overscan=[0,0][1024,600]
W/WindowManager(  455):     content=[0,0][1024,552] visible=[0,0][1024,552]
W/WindowManager(  455):     decor=[0,0][1024,552]
W/WindowManager(  455): Cur insets: overscan=[0,0][0,0] content=[0,0][0,0] visible=[0,0][0,0]
W/WindowManager(  455): Lst insets: overscan=[0,0][0,0] content=[0,0][0,0] visible=[0,0][0,0]
W/WindowManager(  455): WindowStateAnimator{41c1b4f0 com.dsn.andy.bgmlauncher/com.dsn.andy.bgmlauncher.MainActivity}:
W/WindowManager(  455):   mSurface=Surface(name=com.dsn.andy.bgmlauncher/com.dsn.andy.bgmlauncher.MainActivity)
W/WindowManager(  455):   mDrawState=HAS_DRAWN mLastHidden=true
W/WindowManager(  455):   Surface: shown=false layer=21005 alpha=1.0 rect=(0.0,0.0) 1024.0 x 552.0
W/WindowManager(  455):   mGlobalScale=1.0 mDsDx=1.0 mDtDx=0.0 mDsDy=0.0 mDtDy=1.0
W/WindowManager(  455): mExiting=false mRemoveOnExit=false mDestroying=true mRemoved=false
W/WindowManager(  455): Current app token list:
V/WindowManager(  455):   Display 0
V/WindowManager(  455):   #0: Token{41b65960 ActivityRecord{41b069e0 u0 com.dsn.andy.bgmlauncher/.MainActivity t13}}
W/WindowManager(  455): Final window list:
V/WindowManager(  455):   #0: Window{41c239d0 u0 SearchPanel}
V/WindowManager(  455):   #1: Window{41b6e240 u0 NavigationBar}
V/WindowManager(  455):   #2: Window{41c44e00 u0 StatusBar}
V/WindowManager(  455):   #3: Window{41be4e48 u0 KeyguardScrim}
V/WindowManager(  455):   #4: Window{41c8fb50 u0 com.dsn.andy.bgmlauncher/com.dsn.andy.bgmlauncher.MainActivity}
V/WindowManager(  455):   #5: Window{41bddfe0 u0 com.android.systemui.ImageWallpaper}
D/UsbDeviceManager(  455): disable UsbDeviceManager wakelock wlref = 1
I/ActivityManager(  455): Killing 2286:com.hikvision.automobile/u0a31 (adj 15): empty #17
E/ActivityThread(  912): Failed to find provider info for com.qihoo360.apm.apmdatamanager.ApmDataProvider
E/ActivityThread(  912): Failed to find provider info for com.qihoo360.apm.apmdatamanager.ApmDataProvider
E/ActivityThread(  912): Failed to find provider info for com.qihoo360.apm.apmdatamanager.ApmDataProvider
E/AndroidRuntime( 4777): FATAL EXCEPTION: main
E/AndroidRuntime( 4777): Process: com.dsn.andy.bgmlauncher, PID: 4777
E/AndroidRuntime( 4777): java.lang.UnsatisfiedLinkError: Couldn't load net from loader dalvik.system.PathClassLoader[DexPathList[[zip file "/data/app/com.dsn.andy.bgmlauncher-2.apk"],nativeLibraryDirectories=[/data/app-lib/com.dsn.andy.bgmlauncher-2, /vendor/lib, /system/lib]]]: findLibrary returned null
E/AndroidRuntime( 4777):        at java.lang.Runtime.loadLibrary(Runtime.java:358)
E/AndroidRuntime( 4777):        at java.lang.System.loadLibrary(System.java:526)
E/AndroidRuntime( 4777):        at com.andy.net.socket.SocketNativeTool.<clinit>(SocketNativeTool.java:27)
E/AndroidRuntime( 4777):        at com.andy.net.socket.ServerSocketManager.initServer(ServerSocketManager.java:34)
E/AndroidRuntime( 4777):        at com.dsn.andy.bgmlauncher.MainActivity.initSocketServer(MainActivity.java:180)
E/AndroidRuntime( 4777):        at com.dsn.andy.bgmlauncher.MainActivity.access$000(MainActivity.java:71)
E/AndroidRuntime( 4777):        at com.dsn.andy.bgmlauncher.MainActivity$5.run(MainActivity.java:283)
E/AndroidRuntime( 4777):        at android.os.Handler.handleCallback(Handler.java:733)
E/AndroidRuntime( 4777):        at android.os.Handler.dispatchMessage(Handler.java:95)
E/AndroidRuntime( 4777):        at android.os.Looper.loop(Looper.java:136)
E/AndroidRuntime( 4777):        at android.app.ActivityThread.main(ActivityThread.java:5017)
E/AndroidRuntime( 4777):        at java.lang.reflect.Method.invokeNative(Native Method)
E/AndroidRuntime( 4777):        at java.lang.reflect.Method.invoke(Method.java:515)
E/AndroidRuntime( 4777):        at com.android.internal.os.ZygoteInit$MethodAndArgsCaller.run(ZygoteInit.java:779)
E/AndroidRuntime( 4777):        at com.android.internal.os.ZygoteInit.main(ZygoteInit.java:595)
E/AndroidRuntime( 4777):        at dalvik.system.NativeStart.main(Native Method)
W/ActivityManager(  455):   Force finishing activity com.dsn.andy.bgmlauncher/.MainActivity
W/ActivityManager(  455): Activity pause timeout for ActivityRecord{41b069e0 u0 com.dsn.andy.bgmlauncher/.MainActivity t13 f}
I/ActivityManager(  455): START u0 {act=android.intent.action.MAIN cat=[android.intent.category.HOME] flg=0x10000000 cmp=com.dsn.andy.bgmlauncher/.MainActivity} from pid 0
E/ActivityThread(  912): Failed to find provider info for sms
I/ActivityManager(  455): Process com.dsn.andy.bgmlauncher (pid 4777) has died.
E/WifiService(  455): Multicaster binderDied
I/WindowState(  455): WIN DEATH: Window{41c8fb50 u0 com.dsn.andy.bgmlauncher/com.dsn.andy.bgmlauncher.MainActivity}
I/ActivityManager(  455): Start proc com.dsn.andy.bgmlauncher for activity com.dsn.andy.bgmlauncher/.MainActivity: pid=4872 uid=10026 gids={50026, 3002, 3001, 3003, 1028, 1015}
W/InputMethodManagerService(  455): Got RemoteException sending setActive(false) notification to pid 4777 uid 10026
W/WindowManager(  455): Rebuild removed 2 windows but added 1
W/WindowManager(  455): java.lang.RuntimeException: here
W/WindowManager(  455):         at com.android.server.wm.WindowManagerService.rebuildAppWindowListLocked(WindowManagerService.java:8064)
W/WindowManager(  455):         at com.android.server.wm.WindowManagerService.rebuildAppWindowListLocked(WindowManagerService.java:8000)
W/WindowManager(  455):         at com.android.server.wm.WindowManagerService.handleAnimatingStoppedAndTransitionLocked(WindowManagerService.java:8744)
W/WindowManager(  455):         at com.android.server.wm.WindowManagerService.performLayoutAndPlaceSurfacesLockedInner(WindowManagerService.java:9258)
W/WindowManager(  455):         at com.android.server.wm.WindowManagerService.performLayoutAndPlaceSurfacesLockedLoop(WindowManagerService.java:8216)
W/WindowManager(  455):         at com.android.server.wm.WindowManagerService.performLayoutAndPlaceSurfacesLocked(WindowManagerService.java:8158)
W/WindowManager(  455):         at com.android.server.wm.WindowManagerService.access$300(WindowManagerService.java:158)
W/WindowManager(  455):         at com.android.server.wm.WindowManagerService$H.handleMessage(WindowManagerService.java:7188)
W/WindowManager(  455):         at android.os.Handler.dispatchMessage(Handler.java:102)
W/WindowManager(  455):         at android.os.Looper.loop(Looper.java:136)
W/WindowManager(  455):         at android.os.HandlerThread.run(HandlerThread.java:61)
W/WindowManager(  455): This window was lost: Window{41c8fb50 u0 com.dsn.andy.bgmlauncher/com.dsn.andy.bgmlauncher.MainActivity}
W/WindowManager(  455): mDisplayId=0 mSession=Session{41b939e0 4777:u0a10026} mClient=android.os.BinderProxy@41b0c4e0
W/WindowManager(  455): mOwnerUid=10026 mShowToOwnerOnly=true package=com.dsn.andy.bgmlauncher appop=NONE
W/WindowManager(  455): mAttrs=WM.LayoutParams{(0,0)(fillxfill) sim=#110 ty=1 fl=#1810500 pfl=0x8 wanim=0x1030000}
W/WindowManager(  455): Requested w=1024 h=552 mLayoutSeq=291
W/WindowManager(  455): mBaseLayer=21000 mSubLayer=0 mAnimLayer=21005+0=21005 mLastLayer=21005
W/WindowManager(  455): mToken=AppWindowToken{41ff2750 token=Token{41b65960 ActivityRecord{41b069e0 u0 com.dsn.andy.bgmlauncher/.MainActivity t13}}}
W/WindowManager(  455): mRootToken=AppWindowToken{41ff2750 token=Token{41b65960 ActivityRecord{41b069e0 u0 com.dsn.andy.bgmlauncher/.MainActivity t13}}}
W/WindowManager(  455): mAppToken=AppWindowToken{41ff2750 token=Token{41b65960 ActivityRecord{41b069e0 u0 com.dsn.andy.bgmlauncher/.MainActivity t13}}}
W/WindowManager(  455): mViewVisibility=0x0 mHaveFrame=true mObscured=true
W/WindowManager(  455): mSeq=0 mSystemUiVisibility=0x0
W/WindowManager(  455): mGivenContentInsets=[0,0][0,0] mGivenVisibleInsets=[0,0][0,0]
W/WindowManager(  455): mConfiguration={1.15 ?mcc?mnc zh_CN ldltr sw600dp w1024dp h512dp 160dpi lrg land finger -keyb/v/h -nav/h s.7}
W/WindowManager(  455): mHasSurface=true mShownFrame=[0.0,0.0][1024.0,552.0] isReadyForDisplay()=false
W/WindowManager(  455): mFrame=[0,0][1024,552] last=[0,0][1024,552]
W/WindowManager(  455): mSystemDecorRect=[0,0][1024,552] last=[0,0][1024,552]
W/WindowManager(  455): Frames: containing=[0,0][1024,552] parent=[0,0][1024,552]
W/WindowManager(  455):     display=[0,0][1024,552] overscan=[0,0][1024,600]
W/WindowManager(  455):     content=[0,0][1024,552] visible=[0,0][1024,552]
W/WindowManager(  455):     decor=[0,0][1024,552]
W/WindowManager(  455): Cur insets: overscan=[0,0][0,0] content=[0,0][0,0] visible=[0,0][0,0]
W/WindowManager(  455): Lst insets: overscan=[0,0][0,0] content=[0,0][0,0] visible=[0,0][0,0]
W/WindowManager(  455): WindowStateAnimator{41cf5de0 com.dsn.andy.bgmlauncher/com.dsn.andy.bgmlauncher.MainActivity}:
W/WindowManager(  455):   mSurface=Surface(name=com.dsn.andy.bgmlauncher/com.dsn.andy.bgmlauncher.MainActivity)
W/WindowManager(  455):   mDrawState=HAS_DRAWN mLastHidden=true
W/WindowManager(  455):   Surface: shown=false layer=21005 alpha=1.0 rect=(0.0,0.0) 1024.0 x 552.0
W/WindowManager(  455):   mGlobalScale=1.0 mDsDx=1.0 mDtDx=0.0 mDsDy=0.0 mDtDy=1.0
W/WindowManager(  455): mExiting=false mRemoveOnExit=false mDestroying=true mRemoved=false
W/WindowManager(  455): Current app token list:
V/WindowManager(  455):   Display 0
V/WindowManager(  455):   #0: Token{41bc01e0 ActivityRecord{41c02d58 u0 com.dsn.andy.bgmlauncher/.MainActivity t14}}
W/WindowManager(  455): Final window list:
V/WindowManager(  455):   #0: Window{41c239d0 u0 SearchPanel}
V/WindowManager(  455):   #1: Window{41b6e240 u0 NavigationBar}
V/WindowManager(  455):   #2: Window{41c44e00 u0 StatusBar}
V/WindowManager(  455):   #3: Window{41be4e48 u0 KeyguardScrim}
V/WindowManager(  455):   #4: Window{41ccdc00 u0 com.dsn.andy.bgmlauncher/com.dsn.andy.bgmlauncher.MainActivity}
V/WindowManager(  455):   #5: Window{41bddfe0 u0 com.android.systemui.ImageWallpaper}
E/ActivityThread(  912): Failed to find provider info for com.qihoo360.apm.apmdatamanager.ApmDataProvider
E/ActivityThread(  912): Failed to find provider info for com.qihoo360.apm.apmdatamanager.ApmDataProvider
E/ActivityThread(  912): Failed to find provider info for com.qihoo360.apm.apmdatamanager.ApmDataProvider
I/ActivityManager(  455): START u0 {act=android.intent.action.MAIN cat=[android.intent.category.LAUNCHER] flg=0x10000000 pkg=cn.kuwo.kwmusiccar cmp=cn.kuwo.kwmusiccar/.WelcomeActivity} from pid 4872
W/ContextImpl(  455): Calling a method in the system process without a qualified user: android.app.ContextImpl.sendBroadcast:1123 android.media.AudioService.openGlobalAudioEffectControlSession:1870 android.media.IAudioService$Stub.onTransact:379 android.os.Binder.execTransact:404 dalvik.system.NativeStart.run:-2
E/AndroidRuntime( 4872): FATAL EXCEPTION: main
E/AndroidRuntime( 4872): Process: com.dsn.andy.bgmlauncher, PID: 4872
E/AndroidRuntime( 4872): java.lang.UnsatisfiedLinkError: Couldn't load net from loader dalvik.system.PathClassLoader[DexPathList[[zip file "/data/app/com.dsn.andy.bgmlauncher-2.apk"],nativeLibraryDirectories=[/data/app-lib/com.dsn.andy.bgmlauncher-2, /vendor/lib, /system/lib]]]: findLibrary returned null
E/AndroidRuntime( 4872):        at java.lang.Runtime.loadLibrary(Runtime.java:358)
E/AndroidRuntime( 4872):        at java.lang.System.loadLibrary(System.java:526)
E/AndroidRuntime( 4872):        at com.andy.net.socket.SocketNativeTool.<clinit>(SocketNativeTool.java:27)
E/AndroidRuntime( 4872):        at com.andy.net.socket.ServerSocketManager.initServer(ServerSocketManager.java:34)
E/AndroidRuntime( 4872):        at com.dsn.andy.bgmlauncher.MainActivity.initSocketServer(MainActivity.java:180)
E/AndroidRuntime( 4872):        at com.dsn.andy.bgmlauncher.MainActivity.access$000(MainActivity.java:71)
E/AndroidRuntime( 4872):        at com.dsn.andy.bgmlauncher.MainActivity$5.run(MainActivity.java:283)
E/AndroidRuntime( 4872):        at android.os.Handler.handleCallback(Handler.java:733)
E/AndroidRuntime( 4872):        at android.os.Handler.dispatchMessage(Handler.java:95)
E/AndroidRuntime( 4872):        at android.os.Looper.loop(Looper.java:136)
E/AndroidRuntime( 4872):        at android.app.ActivityThread.main(ActivityThread.java:5017)
E/AndroidRuntime( 4872):        at java.lang.reflect.Method.invokeNative(Native Method)
E/AndroidRuntime( 4872):        at java.lang.reflect.Method.invoke(Method.java:515)
E/AndroidRuntime( 4872):        at com.android.internal.os.ZygoteInit$MethodAndArgsCaller.run(ZygoteInit.java:779)
E/AndroidRuntime( 4872):        at com.android.internal.os.ZygoteInit.main(ZygoteInit.java:595)
E/AndroidRuntime( 4872):        at dalvik.system.NativeStart.main(Native Method)
W/ActivityManager(  455):   Force finishing activity com.dsn.andy.bgmlauncher/.MainActivity
I/ActivityManager(  455): START u0 {act=android.intent.action.MAIN cmp=cn.kuwo.kwmusiccar/.MainActivity} from pid 2451
I/ActivityManager(  455): Start proc cn.kuwo.kwmusiccar:remote for service cn.kuwo.kwmusiccar/com.baidu.location.f: pid=4977 uid=10030 gids={50030, 1028, 1015, 3003}
--------- beginning of /dev/log/main
E/awplayer(  117): <GetFrame:521>: [40;31mAACFindSyncWord error[0m
E/awplayer(  117): <__AacParserPrefetch:1346>: [40;31mCdxStream EOS[0m
E/awplayer(  117): <__AacParserPrefetch:1351>: [40;31mmaybe sync err[0m
E/awplayer(  117): <__AacParserPrefetch:1364>: [40;31mCdxStream EOS[0m
W/awplayer(  117): <callbackProcess:3110>: eos...
W/dalvikvm( 4977): Unable to resolve superclass of Lcom/baidu/location/f/d$a; (220)
W/dalvikvm( 4977): Link of class 'Lcom/baidu/location/f/d$a;' failed
D/dalvikvm( 4977): DexOpt: unable to opt direct call 0x5d88 at 0x4e in Lcom/baidu/location/f/d;.b
E/ranzhen (  514): onInputEvent:MotionEvent { action=ACTION_OUTSIDE, id[0]=0, x[0]=0.0, y[0]=0.0, toolType[0]=TOOL_TYPE_FINGER, buttonState=0, metaState=0, flags=0x0, edgeFlags=0x0, pointerCount=1, historySize=0, eventTime=234312, downTime=234312, deviceId=2, source=0x1002 }
E/ranzhen (  514): ActionMasked : 4
E/ranzhen (  514): ActionMasked : 4
E/ranzhen (  455): onInputEvent:MotionEvent { action=ACTION_DOWN, id[0]=0, x[0]=185.50146, y[0]=81.472534, toolType[0]=TOOL_TYPE_FINGER, buttonState=0, metaState=0, flags=0x0, edgeFlags=0x0, pointerCount=1, historySize=0, eventTime=234312, downTime=234312, deviceId=2, source=0x1002 }
I/ActivityManager(  455): Displayed cn.kuwo.kwmusiccar/.MainActivity: +968ms
E/ranzhen (  455): onInputEvent:MotionEvent { action=ACTION_MOVE, id[0]=0, x[0]=185.50146, y[0]=81.472534, toolType[0]=TOOL_TYPE_FINGER, buttonState=0, metaState=0, flags=0x0, edgeFlags=0x0, pointerCount=1, historySize=1, eventTime=234344, downTime=234312, deviceId=2, source=0x1002 }
E/ranzhen (  455): onInputEvent:MotionEvent { action=ACTION_MOVE, id[0]=0, x[0]=185.50146, y[0]=81.472534, toolType[0]=TOOL_TYPE_FINGER, buttonState=0, metaState=0, flags=0x0, edgeFlags=0x0, pointerCount=1, historySize=1, eventTime=234361, downTime=234312, deviceId=2, source=0x1002 }
E/ranzhen (  455): onInputEvent:MotionEvent { action=ACTION_MOVE, id[0]=0, x[0]=185.50146, y[0]=81.472534, toolType[0]=TOOL_TYPE_FINGER, buttonState=0, metaState=0, flags=0x0, edgeFlags=0x0, pointerCount=1, historySize=1, eventTime=234378, downTime=234312, deviceId=2, source=0x1002 }
E/ranzhen (  455): onInputEvent:MotionEvent { action=ACTION_MOVE, id[0]=0, x[0]=185.50146, y[0]=81.472534, toolType[0]=TOOL_TYPE_FINGER, buttonState=0, metaState=0, flags=0x0, edgeFlags=0x0, pointerCount=1, historySize=1, eventTime=234394, downTime=234312, deviceId=2, source=0x1002 }
E/ranzhen (  455): onInputEvent:MotionEvent { action=ACTION_MOVE, id[0]=0, x[0]=185.50146, y[0]=81.472534, toolType[0]=TOOL_TYPE_FINGER, buttonState=0, metaState=0, flags=0x0, edgeFlags=0x0, pointerCount=1, historySize=1, eventTime=234411, downTime=234312, deviceId=2, source=0x1002 }
E/ranzhen (  455): onInputEvent:MotionEvent { action=ACTION_UP, id[0]=0, x[0]=185.50146, y[0]=81.472534, toolType[0]=TOOL_TYPE_FINGER, buttonState=0, metaState=0, flags=0x0, edgeFlags=0x0, pointerCount=1, historySize=0, eventTime=234425, downTime=234312, deviceId=2, source=0x1002 }
I/Process ( 4872): Sending signal. PID: 4872 SIG: 9
D/baidu_location_client( 4977): baidu location connected ...
D/baidu_location_service( 4977): baidu location service register ...
I/ActivityManager(  455): Process com.dsn.andy.bgmlauncher (pid 4872) has died.
I/WindowState(  455): WIN DEATH: Window{41ccdc00 u0 com.dsn.andy.bgmlauncher/com.dsn.andy.bgmlauncher.MainActivity}
E/WifiService(  455): Multicaster binderDied
D/baidu_location_service( 4977): start gps...
D/dalvikvm( 4977): Trying to load lib /data/app-lib/cn.kuwo.kwmusiccar-1/liblocSDK7a.so 0x418702b0
D/dalvikvm( 4977): Added shared lib /data/app-lib/cn.kuwo.kwmusiccar-1/liblocSDK7a.so 0x418702b0
D/dalvikvm( 4977): No JNI_OnLoad found in /data/app-lib/cn.kuwo.kwmusiccar-1/liblocSDK7a.so 0x418702b0, skipping init
I/ActivityManager(  455): Timeline: Activity_windows_visible id: cn.kuwo.kwmusiccar time:234653
D/dalvikvm( 4977): DexOpt: couldn't find static field Landroid/os/Build;.SUPPORTED_ABIS
I/dalvikvm( 4977): DexOpt: unable to optimize static field ref 0x00d6 at 0x67 in Lcom/baidu/location/a/m;.a
D/baidu_location_service( 4977): baidu location service register ...
D/dalvikvm( 4977): GC_CONCURRENT freed 1642K, 34% free 3348K/5056K, paused 3ms+4ms, total 36ms
I/baidu_location_service( 4977): LocationAuthManager Authentication Error errorcode = 0 , msg = {"message":"","ak":"w5cQqdd94ayBYgVgcdgyIoVMFfefW83q","uid":"205807910","sk":"Y5AMTGTtMcVfAn5GZwuGzg0sSe2LqKnk","status":0,"token":"1d2azRfTxyF9OL5dVbH4iIshwVw2R4LnRIEuLg7c1hTXAGGTShE5xjVmvfmNNiZAlRNdxTssXjqkHHoch3LuRWMPOMbBocZ+lx2b\/F0SNMFnNRxLULMeNzgGy78z7qkrK9+TeU0QNpxYg8yAISrHHoCVYj\/PV3weY\/qdjuRdLIp8+8QaFDe1MEMK72E"}
E/KwLocationClient( 2451): onLocDiagnosticMessage: 建议打开GPS
E/KwLocationClient( 4977): onLocDiagnosticMessage: 建议打开GPS
D/dalvikvm( 2451): GC_CONCURRENT freed 5480K, 47% free 6496K/12056K, paused 2ms+6ms, total 34ms
D/awplayer(  117): <callbackProcess:3323>: player notify eos.
D/awplayer(  117): sendEvent msg=2
W/awplayer(  117): <stop:626>: stop
D/awplayer(  117): <AudioRenderThread:482>: stop and release sound devide.
D/        (  117): <SoundDeviceStop:196>: <SoundCtl>: stop
D/        (  117): <SoundDeviceRelease:55>: <SoundCtl>: release
W/awplayer(  117): <reset:689>: reset...
W/ContextImpl(  455): Calling a method in the system process without a qualified user: android.app.ContextImpl.sendBroadcast:1123 android.media.AudioService.closeGlobalAudioEffectControlSession:1877 android.media.IAudioService$Stub.onTransact:385 android.os.Binder.execTransact:404 dalvik.system.NativeStart.run:-2
E/awplayer(  117): <PlayerStop:727>: [40;31minvalid stop operation, player already in stopped status.[0m
W/awplayer(  117): <~AwPlayer:201>: ~AwPlayer
W/awplayer(  117): <reset:689>: reset...
E/awplayer(  117): <PlayerStop:727>: [40;31minvalid stop operation, player already in stopped status.[0m
D/audio_hw_primary(  117): out_standby
I/FullyLinearLayoutManager( 2451): onMeasure called.
I/FullyLinearLayoutManager( 2451): widthMode 1073741824
I/FullyLinearLayoutManager( 2451): heightMode 1073742300
I/FullyLinearLayoutManager( 2451): widthSize 1024
I/FullyLinearLayoutManager( 2451): heightSize 476
I/FullyLinearLayoutManager( 2451): getItemCount() 60
D/dalvikvm( 2451): GC_CONCURRENT freed 1333K, 41% free 7205K/12056K, paused 3ms+3ms, total 76ms
D/dalvikvm( 2451): GC_FOR_ALLOC freed 635K, 44% free 6761K/12056K, paused 34ms, total 34ms
I/FullyLinearLayoutManager( 2451): onMeasure called.
I/FullyLinearLayoutManager( 2451): widthMode 1073741824
I/FullyLinearLayoutManager( 2451): heightMode -2147483172
I/FullyLinearLayoutManager( 2451): widthSize 1024
I/FullyLinearLayoutManager( 2451): heightSize 476
I/FullyLinearLayoutManager( 2451): getItemCount() 60
I/FullyLinearLayoutManager( 2451): onMeasure called.
I/FullyLinearLayoutManager( 2451): widthMode 1073741824
I/FullyLinearLayoutManager( 2451): heightMode 1073742193
I/FullyLinearLayoutManager( 2451): widthSize 1024
I/FullyLinearLayoutManager( 2451): heightSize 369
I/FullyLinearLayoutManager( 2451): getItemCount() 60
I/FullyLinearLayoutManager( 2451): onMeasure called.
I/FullyLinearLayoutManager( 2451): widthMode 1073741824
I/FullyLinearLayoutManager( 2451): heightMode -2147483279
I/FullyLinearLayoutManager( 2451): widthSize 1024
I/FullyLinearLayoutManager( 2451): heightSize 369
I/FullyLinearLayoutManager( 2451): getItemCount() 60
D/dalvikvm( 2451): GC_CONCURRENT freed 18K, 28% free 8758K/12056K, paused 3ms+12ms, total 59ms
D/dalvikvm( 2451): WAIT_FOR_CONCURRENT_GC blocked 28ms
I/dalvikvm-heap( 2451): Grow heap (frag case) to 10.495MB for 1960016-byte allocation
D/dalvikvm( 2451): GC_FOR_ALLOC freed 21K, 24% free 10651K/13972K, paused 19ms, total 19ms
I/FullyLinearLayoutManager( 2451): onMeasure called.
I/FullyLinearLayoutManager( 2451): widthMode 1073741824
I/FullyLinearLayoutManager( 2451): heightMode 1073742300
I/FullyLinearLayoutManager( 2451): widthSize 1024
I/FullyLinearLayoutManager( 2451): heightSize 476
I/FullyLinearLayoutManager( 2451): getItemCount() 60
D/dalvikvm( 2451): GC_FOR_ALLOC freed 33K, 24% free 10713K/13972K, paused 28ms, total 28ms
I/dalvikvm-heap( 2451): Grow heap (frag case) to 12.404MB for 1960016-byte allocation
D/dalvikvm( 2451): GC_FOR_ALLOC freed <1K, 21% free 12627K/15888K, paused 21ms, total 21ms
I/FullyLinearLayoutManager( 2451): onMeasure called.
I/FullyLinearLayoutManager( 2451): widthMode 1073741824
I/FullyLinearLayoutManager( 2451): heightMode -2147483172
I/FullyLinearLayoutManager( 2451): widthSize 1024
I/FullyLinearLayoutManager( 2451): heightSize 476
I/FullyLinearLayoutManager( 2451): getItemCount() 60
I/FullyLinearLayoutManager( 2451): onMeasure called.
I/FullyLinearLayoutManager( 2451): widthMode 1073741824
I/FullyLinearLayoutManager( 2451): heightMode 1073742193
I/FullyLinearLayoutManager( 2451): widthSize 1024
I/FullyLinearLayoutManager( 2451): heightSize 369
I/FullyLinearLayoutManager( 2451): getItemCount() 60
I/FullyLinearLayoutManager( 2451): onMeasure called.
I/FullyLinearLayoutManager( 2451): widthMode 1073741824
I/FullyLinearLayoutManager( 2451): heightMode -2147483279
I/FullyLinearLayoutManager( 2451): widthSize 1024
I/FullyLinearLayoutManager( 2451): heightSize 369
I/FullyLinearLayoutManager( 2451): getItemCount() 60
I/FullyLinearLayoutManager( 2451): onMeasure called.
I/FullyLinearLayoutManager( 2451): widthMode 1073741824
I/FullyLinearLayoutManager( 2451): heightMode 1073742300
I/FullyLinearLayoutManager( 2451): widthSize 1024
I/FullyLinearLayoutManager( 2451): heightSize 476
I/FullyLinearLayoutManager( 2451): getItemCount() 60
I/FullyLinearLayoutManager( 2451): onMeasure called.
I/FullyLinearLayoutManager( 2451): widthMode 1073741824
I/FullyLinearLayoutManager( 2451): heightMode -2147483172
I/FullyLinearLayoutManager( 2451): widthSize 1024
I/FullyLinearLayoutManager( 2451): heightSize 476
I/FullyLinearLayoutManager( 2451): getItemCount() 60
I/FullyLinearLayoutManager( 2451): onMeasure called.
I/FullyLinearLayoutManager( 2451): widthMode 1073741824
I/FullyLinearLayoutManager( 2451): heightMode 1073742193
I/FullyLinearLayoutManager( 2451): widthSize 1024
I/FullyLinearLayoutManager( 2451): heightSize 369
I/FullyLinearLayoutManager( 2451): getItemCount() 60
I/FullyLinearLayoutManager( 2451): onMeasure called.
I/FullyLinearLayoutManager( 2451): widthMode 1073741824
I/FullyLinearLayoutManager( 2451): heightMode -2147483279
I/FullyLinearLayoutManager( 2451): widthSize 1024
I/FullyLinearLayoutManager( 2451): heightSize 369
I/FullyLinearLayoutManager( 2451): getItemCount() 60
D/dalvikvm( 2214): GC_CONCURRENT freed 1976K, 37% free 3679K/5836K, paused 3ms+30ms, total 91ms
W/System.err( 4977): java.lang.NoSuchFieldException: numAssociation
W/System.err( 4977):    at java.lang.Class.getField(Class.java:724)
W/System.err( 4977):    at com.baidu.location.b.h.a(Unknown Source)
W/System.err( 4977):    at com.baidu.location.b.h.a(Unknown Source)
W/System.err( 4977):    at com.baidu.location.b.h.d(Unknown Source)
W/System.err( 4977):    at com.baidu.location.b.h.a(Unknown Source)
W/System.err( 4977):    at com.baidu.location.b.i.handleMessage(Unknown Source)
W/System.err( 4977):    at android.os.Handler.dispatchMessage(Handler.java:102)
W/System.err( 4977):    at android.os.Looper.loop(Looper.java:136)
W/System.err( 4977):    at android.app.ActivityThread.main(ActivityThread.java:5017)
W/System.err( 4977):    at java.lang.reflect.Method.invokeNative(Native Method)
W/System.err( 4977):    at java.lang.reflect.Method.invoke(Method.java:515)
W/System.err( 4977):    at com.android.internal.os.ZygoteInit$MethodAndArgsCaller.run(ZygoteInit.java:779)
W/System.err( 4977):    at com.android.internal.os.ZygoteInit.main(ZygoteInit.java:595)
W/System.err( 4977):    at dalvik.system.NativeStart.main(Native Method)
I/FullyLinearLayoutManager( 2451): onMeasure called.
I/FullyLinearLayoutManager( 2451): widthMode 1073741824
I/FullyLinearLayoutManager( 2451): heightMode 1073742300
I/FullyLinearLayoutManager( 2451): widthSize 1024
I/FullyLinearLayoutManager( 2451): heightSize 476
I/FullyLinearLayoutManager( 2451): getItemCount() 60
D/dalvikvm( 2451): GC_FOR_ALLOC freed 953K, 20% free 12780K/15884K, paused 37ms, total 39ms
I/dalvikvm-heap( 2451): Grow heap (frag case) to 15.853MB for 3459600-byte allocation
D/dalvikvm( 2451): GC_FOR_ALLOC freed <1K, 17% free 16158K/19264K, paused 40ms, total 40ms
I/FullyLinearLayoutManager( 2451): onMeasure called.
I/FullyLinearLayoutManager( 2451): widthMode 1073741824
I/FullyLinearLayoutManager( 2451): heightMode -2147483172
I/FullyLinearLayoutManager( 2451): widthSize 1024
I/FullyLinearLayoutManager( 2451): heightSize 476
I/FullyLinearLayoutManager( 2451): getItemCount() 60
I/FullyLinearLayoutManager( 2451): onMeasure called.
I/FullyLinearLayoutManager( 2451): widthMode 1073741824
I/FullyLinearLayoutManager( 2451): heightMode 1073742193
I/FullyLinearLayoutManager( 2451): widthSize 1024
I/FullyLinearLayoutManager( 2451): heightSize 369
I/FullyLinearLayoutManager( 2451): getItemCount() 60
D/dalvikvm( 2451): GC_CONCURRENT freed 64K, 16% free 16307K/19264K, paused 25ms+19ms, total 114ms
D/dalvikvm( 2451): WAIT_FOR_CONCURRENT_GC blocked 50ms
I/dalvikvm-heap( 2451): Grow heap (frag case) to 19.297MB for 3459600-byte allocation
D/dalvikvm( 2451): GC_FOR_ALLOC freed 30K, 14% free 19655K/22644K, paused 40ms, total 40ms
I/FullyLinearLayoutManager( 2451): onMeasure called.
I/FullyLinearLayoutManager( 2451): widthMode 1073741824
I/FullyLinearLayoutManager( 2451): heightMode -2147483279
I/FullyLinearLayoutManager( 2451): widthSize 1024
I/FullyLinearLayoutManager( 2451): heightSize 369
I/FullyLinearLayoutManager( 2451): getItemCount() 60
I/FullyLinearLayoutManager( 2451): onMeasure called.
I/FullyLinearLayoutManager( 2451): widthMode 1073741824
I/FullyLinearLayoutManager( 2451): heightMode 1073742300
I/FullyLinearLayoutManager( 2451): widthSize 1024
I/FullyLinearLayoutManager( 2451): heightSize 476
I/FullyLinearLayoutManager( 2451): getItemCount() 60
I/FullyLinearLayoutManager( 2451): onMeasure called.
I/FullyLinearLayoutManager( 2451): widthMode 1073741824
I/FullyLinearLayoutManager( 2451): heightMode -2147483172
I/FullyLinearLayoutManager( 2451): widthSize 1024
I/FullyLinearLayoutManager( 2451): heightSize 476
I/FullyLinearLayoutManager( 2451): getItemCount() 60
I/FullyLinearLayoutManager( 2451): onMeasure called.
I/FullyLinearLayoutManager( 2451): widthMode 1073741824
I/FullyLinearLayoutManager( 2451): heightMode 1073742193
I/FullyLinearLayoutManager( 2451): widthSize 1024
I/FullyLinearLayoutManager( 2451): heightSize 369
I/FullyLinearLayoutManager( 2451): getItemCount() 60
I/FullyLinearLayoutManager( 2451): onMeasure called.
I/FullyLinearLayoutManager( 2451): widthMode 1073741824
I/FullyLinearLayoutManager( 2451): heightMode -2147483279
I/FullyLinearLayoutManager( 2451): widthSize 1024
I/FullyLinearLayoutManager( 2451): heightSize 369
I/FullyLinearLayoutManager( 2451): getItemCount() 60
D/BatteryService(  455): wanglei --> mBatteryProps.batteryTemperature = 300
D/PowerManagerService(  455): mHoldBootFastWakeLock = true
D/dalvikvm( 2214): GC_CONCURRENT freed 1944K, 37% free 3709K/5832K, paused 64ms+5ms, total 128ms
D/dalvikvm( 2214): GC_CONCURRENT freed 1963K, 36% free 3682K/5748K, paused 3ms+27ms, total 73ms
D/BatteryService(  455): wanglei --> mBatteryProps.batteryTemperature = 300
D/PowerManagerService(  455): mHoldBootFastWakeLock = true
D/dalvikvm( 2451): GC_CONCURRENT freed 5358K, 22% free 19780K/25224K, paused 3ms+11ms, total 78ms
D/dalvikvm( 2214): GC_CONCURRENT freed 1970K, 36% free 3721K/5760K, paused 3ms+2ms, total 62ms
D/dalvikvm( 2214): GC_CONCURRENT freed 2012K, 36% free 3723K/5808K, paused 1ms+9ms, total 66ms
D/dalvikvm(  912): GC_CONCURRENT freed 3379K, 59% free 9094K/22056K, paused 6ms+6ms, total 56ms
W/ActivityManager(  455): Unable to start service Intent { act=com.az1.do1 pkg=com.az1.do1 } U=0: not found
E/sleeptime( 2321): gotoSleep()
D/Mainservice( 2321): kw音乐休眠还在更新中
D/BatteryService(  455): wanglei --> mBatteryProps.batteryTemperature = 300
D/dalvikvm( 2451): GC_CONCURRENT freed 5508K, 23% free 19766K/25416K, paused 4ms+6ms, total 70ms
